Archive member included to satisfy reference by file (symbol)

app/libapp.a(main.c.obj)      (--whole-archive)
zephyr/libzephyr.a(validate_libc.c.obj)
                              (--whole-archive)
zephyr/libzephyr.a(heap.c.obj)
                              (--whole-archive)
zephyr/libzephyr.a(cbprintf_packaged.c.obj)
                              (--whole-archive)
zephyr/libzephyr.a(clock.c.obj)
                              (--whole-archive)
zephyr/libzephyr.a(printk.c.obj)
                              (--whole-archive)
zephyr/libzephyr.a(sem.c.obj)
                              (--whole-archive)
zephyr/libzephyr.a(thread_entry.c.obj)
                              (--whole-archive)
zephyr/libzephyr.a(cbprintf_complete.c.obj)
                              (--whole-archive)
zephyr/libzephyr.a(assert.c.obj)
                              (--whole-archive)
zephyr/libzephyr.a(mpsc_pbuf.c.obj)
                              (--whole-archive)
zephyr/libzephyr.a(dec.c.obj)
                              (--whole-archive)
zephyr/libzephyr.a(hex.c.obj)
                              (--whole-archive)
zephyr/libzephyr.a(rb.c.obj)  (--whole-archive)
zephyr/libzephyr.a(timeutil.c.obj)
                              (--whole-archive)
zephyr/libzephyr.a(bitarray.c.obj)
                              (--whole-archive)
zephyr/libzephyr.a(bitmask.c.obj)
                              (--whole-archive)
zephyr/libzephyr.a(onoff.c.obj)
                              (--whole-archive)
zephyr/libzephyr.a(notify.c.obj)
                              (--whole-archive)
zephyr/libzephyr.a(ring_buffer.c.obj)
                              (--whole-archive)
zephyr/libzephyr.a(last_section_id.c.obj)
                              (--whole-archive)
zephyr/libzephyr.a(configs.c.obj)
                              (--whole-archive)
zephyr/libzephyr.a(thread_info.c.obj)
                              (--whole-archive)
zephyr/libzephyr.a(log_core.c.obj)
                              (--whole-archive)
zephyr/libzephyr.a(log_mgmt.c.obj)
                              (--whole-archive)
zephyr/libzephyr.a(log_cache.c.obj)
                              (--whole-archive)
zephyr/libzephyr.a(log_msg.c.obj)
                              (--whole-archive)
zephyr/libzephyr.a(log_output.c.obj)
                              (--whole-archive)
zephyr/libzephyr.a(log_backend_uart.c.obj)
                              (--whole-archive)
zephyr/libzephyr.a(mem_attr.c.obj)
                              (--whole-archive)
zephyr/libzephyr.a(tracing_none.c.obj)
                              (--whole-archive)
zephyr/libzephyr.a(banner.c.obj)
                              (--whole-archive)
zephyr/libzephyr.a(flash_map_partition_manager.c.obj)
                              (--whole-archive)
zephyr/libzephyr.a(nrf_cc3xx_platform_abort_zephyr.c.obj)
                              (--whole-archive)
zephyr/libzephyr.a(nrf_cc3xx_platform_mutex_zephyr.c.obj)
                              (--whole-archive)
zephyr/arch/common/libarch__common.a(sw_isr_common.c.obj)
                              (--whole-archive)
zephyr/arch/common/libarch__common.a(init.c.obj)
                              (--whole-archive)
zephyr/arch/common/libarch__common.a(xip.c.obj)
                              (--whole-archive)
zephyr/arch/arch/arm/core/libarch__arm__core.a(fatal.c.obj)
                              (--whole-archive)
zephyr/arch/arch/arm/core/libarch__arm__core.a(nmi.c.obj)
                              (--whole-archive)
zephyr/arch/arch/arm/core/libarch__arm__core.a(nmi_on_reset.S.obj)
                              (--whole-archive)
zephyr/arch/arch/arm/core/libarch__arm__core.a(tls.c.obj)
                              (--whole-archive)
zephyr/arch/arch/arm/core/cortex_m/libarch__arm__core__cortex_m.a(exc_exit.c.obj)
                              (--whole-archive)
zephyr/arch/arch/arm/core/cortex_m/libarch__arm__core__cortex_m.a(fault.c.obj)
                              (--whole-archive)
zephyr/arch/arch/arm/core/cortex_m/libarch__arm__core__cortex_m.a(fault_s.S.obj)
                              (--whole-archive)
zephyr/arch/arch/arm/core/cortex_m/libarch__arm__core__cortex_m.a(fpu.c.obj)
                              (--whole-archive)
zephyr/arch/arch/arm/core/cortex_m/libarch__arm__core__cortex_m.a(reset.S.obj)
                              (--whole-archive)
zephyr/arch/arch/arm/core/cortex_m/libarch__arm__core__cortex_m.a(scb.c.obj)
                              (--whole-archive)
zephyr/arch/arch/arm/core/cortex_m/libarch__arm__core__cortex_m.a(thread_abort.c.obj)
                              (--whole-archive)
zephyr/arch/arch/arm/core/cortex_m/libarch__arm__core__cortex_m.a(vector_table.S.obj)
                              (--whole-archive)
zephyr/arch/arch/arm/core/cortex_m/libarch__arm__core__cortex_m.a(swap_helper.S.obj)
                              (--whole-archive)
zephyr/arch/arch/arm/core/cortex_m/libarch__arm__core__cortex_m.a(irq_manage.c.obj)
[...]
Memory Configuration

Name             Origin             Length             Attributes
FLASH            0x0000000000000000 0x0000000000100000 xr
RAM              0x0000000020000000 0x0000000000070000 xw
IDT_LIST         0x00000000ffff7fff 0x0000000000008000 xw
*default*        0x0000000000000000 0xffffffffffffffff

Linker script and memory map

                0x00000000000056bc                vfprintf = __l_vfprintf
                0x0000000000000000                vfscanf = __l_vfscanf
LOAD zephyr/CMakeFiles/zephyr_pre0.dir/misc/empty_file.c.obj
LOAD zephyr/CMakeFiles/offsets.dir/./arch/arm/core/offsets/offsets.c.obj
LOAD app/libapp.a
LOAD zephyr/libzephyr.a
LOAD zephyr/arch/common/libarch__common.a
LOAD zephyr/arch/arch/arm/core/libarch__arm__core.a
LOAD zephyr/arch/arch/arm/core/cortex_m/libarch__arm__core__cortex_m.a
LOAD zephyr/arch/arch/arm/core/cortex_m/cmse/libarch__arm__core__cortex_m__cmse.a
LOAD zephyr/arch/arch/arm/core/mpu/libarch__arm__core__mpu.a
LOAD zephyr/lib/libc/picolibc/liblib__libc__picolibc.a
LOAD zephyr/lib/libc/common/liblib__libc__common.a
LOAD zephyr/soc/soc/nrf5340/libsoc__nordic.a
LOAD zephyr/drivers/clock_control/libdrivers__clock_control.a
LOAD zephyr/drivers/console/libdrivers__console.a
LOAD zephyr/drivers/gpio/libdrivers__gpio.a
LOAD zephyr/drivers/pinctrl/libdrivers__pinctrl.a
LOAD zephyr/drivers/serial/libdrivers__serial.a
LOAD zephyr/drivers/timer/libdrivers__timer.a
LOAD modules/nrf/drivers/hw_cc3xx/lib..__nrf__drivers__hw_cc3xx.a
LOAD modules/hal_nordic/modules/hal_nordic/nrfx/libmodules__hal_nordic__nrfx.a
LOAD zephyr/kernel/libkernel.a
LOAD zephyr/arch/common/libisr_tables.a
LOAD C:/ncs/v3.2.2/nrfxlib/crypto/nrf_cc312_platform/lib/cortex-m33/soft-float/no-interrupts/libnrf_cc312_platform_0.9.19.a
LOAD c:\ncs\toolchains\c717907b94\opt\zephyr-sdk\arm-zephyr-eabi\bin\../lib/gcc/../../picolibc/arm-zephyr-eabi/lib/thumb/v8-m.main/nofp\libc.a
LOAD c:/ncs/toolchains/c717907b94/opt/zephyr-sdk/arm-zephyr-eabi/bin/../lib/gcc/arm-zephyr-eabi/12.2.0/thumb/v8-m.main/nofp\libgcc.a
                0x0000000000000020                _region_min_align = 0x20

.rel.plt        0x0000000000000000        0x0
 *(SORT_BY_ALIGNMENT(.rel.plt))
                [!provide]                        PROVIDE (__rel_iplt_start = .)
 *(SORT_BY_ALIGNMENT(.rel.iplt))
 .rel.iplt      0x0000000000000000        0x0 app/libapp.a(main.c.obj)
                [!provide]                        PROVIDE (__rel_iplt_end = .)

.rela.plt       0x0000000000000000        0x0
 *(SORT_BY_ALIGNMENT(.rela.plt))
                [!provide]                        PROVIDE (__rela_iplt_start = .)
 *(SORT_BY_ALIGNMENT(.rela.iplt))
                [!provide]                        PROVIDE (__rela_iplt_end = .)

.rel.dyn
 *(SORT_BY_ALIGNMENT(.rel.*))

.rela.dyn
 *(SORT_BY_ALIGNMENT(.rela.*))

/DISCARD/
 *(SORT_BY_ALIGNMENT(.plt))

/DISCARD/
 *(SORT_BY_ALIGNMENT(.iplt))
                0x0000000000000000                __rom_region_start = 0x0

rom_start       0x0000000000000000      0x154
                0x0000000000000000                __rom_start_address = .
 FILL mask 0x00
                0x0000000000000000                . = (. + (0x0 - (. - __rom_start_address)))
                0x0000000000000000                . = ALIGN (0x4)
                0x0000000000000000                . = ALIGN (0x80)
                0x0000000000000000                . = ALIGN (0x200)
                0x0000000000000000                _vector_start = .
 *(SORT_BY_ALIGNMENT(.exc_vector_table))
 *(SORT_BY_ALIGNMENT(.exc_vector_table.*))
 .exc_vector_table._vector_table_section
                0x0000000000000000       0x40 zephyr/arch/arch/arm/core/cortex_m/libarch__arm__core__cortex_m.a(vector_table.S.obj)
                0x0000000000000000                _vector_table
 *(SORT_BY_ALIGNMENT(.vectors))
                0x0000000000000154                _vector_end = .
                0x0000000000000040                . = ALIGN (0x4)
 *(SORT_BY_ALIGNMENT(.gnu.linkonce.irq_vector_table*))
 .gnu.linkonce.irq_vector_table
                0x0000000000000040      0x114 zephyr/arch/common/libisr_tables.a(isr_tables.c.obj)
                0x0000000000000040                _irq_vector_table
                0x0000000000000154                _vector_end = .

text            0x0000000000000154     0x7650
                0x0000000000000154                __text_region_start = .
 *(SORT_BY_ALIGNMENT(.text))
 .text          0x0000000000000154       0x10 c:\ncs\toolchains\c717907b94\opt\zephyr-sdk\arm-zephyr-eabi\bin\../lib/gcc/../../picolibc/arm-zephyr-eabi/lib/thumb/v8-m.main/nofp\libc.a(strlen.S.o)
                0x0000000000000154                strlen
 *(SORT_BY_ALIGNMENT(.text.*))
 .text.button_pressed
                0x0000000000000164       0x3c app/libapp.a(main.c.obj)
                0x0000000000000164                button_pressed
 .text.main     0x00000000000001a0      0x158 app/libapp.a(main.c.obj)
                0x00000000000001a0                main
 .text.cbvprintf_package
                0x00000000000002f8      0x3a4 zephyr/libzephyr.a(cbprintf_packaged.c.obj)
                0x00000000000002f8                cbvprintf_package
 .text.cbprintf_package_convert
                0x000000000000069c      0x3cc zephyr/libzephyr.a(cbprintf_packaged.c.obj)
                0x000000000000069c                cbprintf_package_convert
 .text.__printk_hook_install
                0x0000000000000a68        0xc zephyr/libzephyr.a(printk.c.obj)
                0x0000000000000a68                __printk_hook_install
 .text.z_thread_entry
                0x0000000000000a74       0x34 zephyr/libzephyr.a(thread_entry.c.obj)
                0x0000000000000a74                z_thread_entry
 .text.process_event
                0x0000000000000aa8      0x21c zephyr/libzephyr.a(onoff.c.obj)
 .text.activate_foreach_backend
                0x0000000000000cc4       0x64 zephyr/libzephyr.a(log_core.c.obj)
 .text.enable_logger
                0x0000000000000d28       0x5c zephyr/libzephyr.a(log_core.c.obj)
 .text.log_process_thread_timer_expiry_fn
                0x0000000000000d84        0xc zephyr/libzephyr.a(log_core.c.obj)
 .text.z_log_init
                0x0000000000000d90       0x98 zephyr/libzephyr.a(log_core.c.obj)
 .text.log_format_func_t_get
                0x0000000000000e28        0xc zephyr/libzephyr.a(log_core.c.obj)
                0x0000000000000e28                log_format_func_t_get
 .text.log_set_timestamp_func
                0x0000000000000e34       0x20 zephyr/libzephyr.a(log_core.c.obj)
                0x0000000000000e34                log_set_timestamp_func
 .text.z_log_notify_backend_enabled
                0x0000000000000e54       0x1c zephyr/libzephyr.a(log_core.c.obj)
                0x0000000000000e54                z_log_notify_backend_enabled
 .text.z_log_dropped
                0x0000000000000e70       0x3c zephyr/libzephyr.a(log_core.c.obj)
                0x0000000000000e70                z_log_dropped
 .text.z_log_dropped_read_and_clear
                0x0000000000000eac       0x18 zephyr/libzephyr.a(log_core.c.obj)
                0x0000000000000eac                z_log_dropped_read_and_clear
 .text.dropped_notify
                0x0000000000000ec4       0x30 zephyr/libzephyr.a(log_core.c.obj)
                0x0000000000000ec4                dropped_notify
 .text.z_log_msg_init
                0x0000000000000ef4       0x20 zephyr/libzephyr.a(log_core.c.obj)
                0x0000000000000ef4                z_log_msg_init
 .text.log_core_init
                0x0000000000000f14       0x50 zephyr/libzephyr.a(log_core.c.obj)
                0x0000000000000f14                log_core_init
 .text.z_log_msg_alloc
                0x0000000000000f64       0x10 zephyr/libzephyr.a(log_core.c.obj)
                0x0000000000000f64                z_log_msg_alloc
 .text.z_log_msg_local_claim
                0x0000000000000f74        0xc zephyr/libzephyr.a(log_core.c.obj)
                0x0000000000000f74                z_log_msg_local_claim
 .text.z_log_msg_free
                0x0000000000000f80       0x10 zephyr/libzephyr.a(log_core.c.obj)
                0x0000000000000f80                z_log_msg_free
 .text.z_log_msg_pending
                0x0000000000000f90        0xc zephyr/libzephyr.a(log_core.c.obj)
                0x0000000000000f90                z_log_msg_pending
 .text.z_impl_log_process
                0x0000000000000f9c       0xb8 zephyr/libzephyr.a(log_core.c.obj)
                0x0000000000000f9c                z_impl_log_process
 .text.z_impl_log_panic
                0x0000000000001054       0x44 zephyr/libzephyr.a(log_core.c.obj)
                0x0000000000001054                z_impl_log_panic
 .text.log_process_thread_func
                0x0000000000001098       0xa4 zephyr/libzephyr.a(log_core.c.obj)
 .text.z_log_msg_post_finalize
                0x000000000000113c       0x78 zephyr/libzephyr.a(log_core.c.obj)
 .text.z_log_msg_commit
                0x00000000000011b4       0x24 zephyr/libzephyr.a(log_core.c.obj)
                0x00000000000011b4                z_log_msg_commit
 .text.log_source_name_get
                0x00000000000011d8       0x1c zephyr/libzephyr.a(log_mgmt.c.obj)
                0x00000000000011d8                log_source_name_get
 .text.z_impl_z_log_msg_static_create
                0x00000000000011f4      0x108 zephyr/libzephyr.a(log_msg.c.obj)
                0x00000000000011f4                z_impl_z_log_msg_static_create
 .text.z_log_msg_runtime_vcreate
                0x00000000000012fc       0xa0 zephyr/libzephyr.a(log_msg.c.obj)
                0x00000000000012fc                z_log_msg_runtime_vcreate
 .text.log_msg_get_source_id
                0x000000000000139c       0x18 zephyr/libzephyr.a(log_msg.c.obj)
                0x000000000000139c                log_msg_get_source_id
 .text.print_formatted
                0x00000000000013b4       0x24 zephyr/libzephyr.a(log_output.c.obj)
 .text.newline_print
                0x00000000000013d8       0x1c zephyr/libzephyr.a(log_output.c.obj)
 .text.log_output_process
                0x00000000000013f4      0x2d4 zephyr/libzephyr.a(log_output.c.obj)
                0x00000000000013f4                log_output_process
 .text.log_output_dropped_process
                0x00000000000016c8       0x58 zephyr/libzephyr.a(log_output.c.obj)
                0x00000000000016c8                log_output_dropped_process
 .text.log_output_timestamp_freq_set
                0x0000000000001720       0x2c zephyr/libzephyr.a(log_output.c.obj)
                0x0000000000001720                log_output_timestamp_freq_set
 .text.char_out
                0x000000000000174c       0x24 zephyr/libzephyr.a(log_backend_uart.c.obj)
 .text.mem_attr_get_regions
                0x0000000000001770        0xc zephyr/libzephyr.a(mem_attr.c.obj)
                0x0000000000001770                mem_attr_get_regions
 .text.boot_banner
                0x000000000000177c       0x1c zephyr/libzephyr.a(banner.c.obj)
                0x000000000000177c                boot_banner
 .text.nrf_cc3xx_platform_abort_init
                0x0000000000001798        0xc zephyr/libzephyr.a(nrf_cc3xx_platform_abort_zephyr.c.obj)
                0x0000000000001798                nrf_cc3xx_platform_abort_init
 .text.mutex_free_platform
                0x00000000000017a4       0x54 zephyr/libzephyr.a(nrf_cc3xx_platform_mutex_zephyr.c.obj)
 .text.mutex_lock_platform
                0x00000000000017f8       0x74 zephyr/libzephyr.a(nrf_cc3xx_platform_mutex_zephyr.c.obj)
 .text.mutex_unlock_platform
                0x000000000000186c       0x68 zephyr/libzephyr.a(nrf_cc3xx_platform_mutex_zephyr.c.obj)
 .text.mutex_init_platform
                0x00000000000018d4       0x94 zephyr/libzephyr.a(nrf_cc3xx_platform_mutex_zephyr.c.obj)
 .text.nrf_cc3xx_platform_mutex_init
                0x0000000000001968       0x2c zephyr/libzephyr.a(nrf_cc3xx_platform_mutex_zephyr.c.obj)
                0x0000000000001968                nrf_cc3xx_platform_mutex_init
 .text.arch_bss_zero
                0x0000000000001994       0x18 zephyr/arch/common/libarch__common.a(init.c.obj)
                0x0000000000001994                arch_bss_zero
 .text.arch_data_copy
                0x00000000000019ac       0x38 zephyr/arch/common/libarch__common.a(xip.c.obj)
                0x00000000000019ac                arch_data_copy
 .text.z_arm_fatal_error
                0x00000000000019e4       0xb8 zephyr/arch/arch/arm/core/libarch__arm__core.a(fatal.c.obj)
                0x00000000000019e4                z_arm_fatal_error
 .text.z_SysNmiOnReset
                0x0000000000001a9c        0x8 zephyr/arch/arch/arm/core/libarch__arm__core.a(nmi_on_reset.S.obj)
                0x0000000000001a9c                z_SysNmiOnReset
 .text.arch_tls_stack_setup
                0x0000000000001aa4       0x40 zephyr/arch/arch/arm/core/libarch__arm__core.a(tls.c.obj)
                0x0000000000001aa4                arch_tls_stack_setup
 .text._HandlerModeExit
                0x0000000000001ae4       0x20 zephyr/arch/arch/arm/core/cortex_m/libarch__arm__core__cortex_m.a(exc_exit.c.obj)
                0x0000000000001ae4                z_arm_int_exit
                0x0000000000001ae4                z_arm_exc_exit
 .text.mem_manage_fault.constprop.0
                0x0000000000001b04       0xd0 zephyr/arch/arch/arm/core/cortex_m/libarch__arm__core__cortex_m.a(fault.c.obj)
 .text.usage_fault.constprop.0
                0x0000000000001bd4       0xbc zephyr/arch/arch/arm/core/cortex_m/libarch__arm__core__cortex_m.a(fault.c.obj)
 .text.bus_fault.constprop.0
                0x0000000000001c90       0xd0 zephyr/arch/arch/arm/core/cortex_m/libarch__arm__core__cortex_m.a(fault.c.obj)
 .text.z_arm_fault
                0x0000000000001d60      0x1d0 zephyr/arch/arch/arm/core/cortex_m/libarch__arm__core__cortex_m.a(fault.c.obj)
                0x0000000000001d60                z_arm_fault
 .text.z_arm_fault_init
                0x0000000000001f30       0x20 zephyr/arch/arch/arm/core/cortex_m/libarch__arm__core__cortex_m.a(fault.c.obj)
                0x0000000000001f30                z_arm_fault_init
 .text.__fault  0x0000000000001f50       0x14 zephyr/arch/arch/arm/core/cortex_m/libarch__arm__core__cortex_m.a(fault_s.S.obj)
                0x0000000000001f50                z_arm_usage_fault
                0x0000000000001f50                z_arm_mpu_fault
                0x0000000000001f50                z_arm_exc_spurious
                0x0000000000001f50                z_arm_debug_monitor
                0x0000000000001f50                z_arm_hard_fault
                0x0000000000001f50                z_arm_bus_fault
 .text._reset_section
                0x0000000000001f64       0x68 zephyr/arch/arch/arm/core/cortex_m/libarch__arm__core__cortex_m.a(reset.S.obj)
                0x0000000000001f64                __start
                0x0000000000001f64                z_arm_reset
 .text.z_arm_clear_arm_mpu_config
                0x0000000000001fcc       0x24 zephyr/arch/arch/arm/core/cortex_m/libarch__arm__core__cortex_m.a(scb.c.obj)
                0x0000000000001fcc                z_arm_clear_arm_mpu_config
 .text.z_arm_init_arch_hw_at_boot
                0x0000000000001ff0       0x4c zephyr/arch/arch/arm/core/cortex_m/libarch__arm__core__cortex_m.a(scb.c.obj)
                0x0000000000001ff0                z_arm_init_arch_hw_at_boot
 .text.z_impl_k_thread_abort
                0x000000000000203c       0x2c zephyr/arch/arch/arm/core/cortex_m/libarch__arm__core__cortex_m.a(thread_abort.c.obj)
                0x000000000000203c                z_impl_k_thread_abort
 .text.z_arm_pendsv
                0x0000000000002068       0x68 zephyr/arch/arch/arm/core/cortex_m/libarch__arm__core__cortex_m.a(swap_helper.S.obj)
                0x0000000000002068                z_arm_pendsv
 .text.z_arm_svc
                0x00000000000020d0       0x24 zephyr/arch/arch/arm/core/cortex_m/libarch__arm__core__cortex_m.a(swap_helper.S.obj)
                0x00000000000020d0                z_arm_svc
 .text.arm_irq_enable
                0x00000000000020f4       0x1c zephyr/arch/arch/arm/core/cortex_m/libarch__arm__core__cortex_m.a(irq_manage.c.obj)
                0x00000000000020f4                arm_irq_enable
 .text.arm_irq_is_enabled
                0x0000000000002110       0x1c zephyr/arch/arch/arm/core/cortex_m/libarch__arm__core__cortex_m.a(irq_manage.c.obj)
                0x0000000000002110                arm_irq_is_enabled
 .text.arm_irq_priority_set
                0x000000000000212c       0x2c zephyr/arch/arch/arm/core/cortex_m/libarch__arm__core__cortex_m.a(irq_manage.c.obj)
                0x000000000000212c                arm_irq_priority_set
 .text.relocate_vector_table
                0x0000000000002158       0x1c zephyr/arch/arch/arm/core/cortex_m/libarch__arm__core__cortex_m.a(prep_c.c.obj)
                0x0000000000002158                relocate_vector_table
 .text.z_prep_c
                0x0000000000002174       0x28 zephyr/arch/arch/arm/core/cortex_m/libarch__arm__core__cortex_m.a(prep_c.c.obj)
                0x0000000000002174                z_prep_c
 .text.arch_new_thread
                0x000000000000219c       0x38 zephyr/arch/arch/arm/core/cortex_m/libarch__arm__core__cortex_m.a(thread.c.obj)
                0x000000000000219c                arch_new_thread
 .text.arch_switch_to_main_thread
                0x00000000000021d4       0x44 zephyr/arch/arch/arm/core/cortex_m/libarch__arm__core__cortex_m.a(thread.c.obj)
                0x00000000000021d4                arch_switch_to_main_thread
 .text.z_arm_cpu_idle_init
                0x0000000000002218        0xc zephyr/arch/arch/arm/core/cortex_m/libarch__arm__core__cortex_m.a(cpu_idle.c.obj)
                0x0000000000002218                z_arm_cpu_idle_init
 .text.z_arm_interrupt_init
                0x0000000000002224       0x18 zephyr/arch/arch/arm/core/cortex_m/libarch__arm__core__cortex_m.a(irq_init.c.obj)
                0x0000000000002224                z_arm_interrupt_init
 .text._isr_wrapper
                0x000000000000223c       0x24 zephyr/arch/arch/arm/core/cortex_m/libarch__arm__core__cortex_m.a(isr_wrapper.c.obj)
                0x000000000000223c                _isr_wrapper
 .text.z_arm_configure_static_mpu_regions
                0x0000000000002260       0x38 zephyr/arch/arch/arm/core/mpu/libarch__arm__core__mpu.a(arm_core_mpu.c.obj)
                0x0000000000002260                z_arm_configure_static_mpu_regions
 .text.region_init
                0x0000000000002298       0x34 zephyr/arch/arch/arm/core/mpu/libarch__arm__core__mpu.a(arm_mpu.c.obj)
 .text.region_allocate_and_init
                0x00000000000022cc       0x38 zephyr/arch/arch/arm/core/mpu/libarch__arm__core__mpu.a(arm_mpu.c.obj)
 .text.mpu_configure_regions_and_partition.constprop.0
                0x0000000000002304      0x164 zephyr/arch/arch/arm/core/mpu/libarch__arm__core__mpu.a(arm_mpu.c.obj)
 .text.arm_core_mpu_enable
                0x0000000000002468       0x18 zephyr/arch/arch/arm/core/mpu/libarch__arm__core__mpu.a(arm_mpu.c.obj)
                0x0000000000002468                arm_core_mpu_enable
 .text.arm_core_mpu_disable
                0x0000000000002480       0x14 zephyr/arch/arch/arm/core/mpu/libarch__arm__core__mpu.a(arm_mpu.c.obj)
                0x0000000000002480                arm_core_mpu_disable
 .text.arm_core_mpu_configure_static_mpu_regions
                0x0000000000002494       0x14 zephyr/arch/arch/arm/core/mpu/libarch__arm__core__mpu.a(arm_mpu.c.obj)
                0x0000000000002494                arm_core_mpu_configure_static_mpu_regions
 .text.arm_core_mpu_mark_areas_for_dynamic_regions
                0x00000000000024a8       0xb8 zephyr/arch/arch/arm/core/mpu/libarch__arm__core__mpu.a(arm_mpu.c.obj)
                0x00000000000024a8                arm_core_mpu_mark_areas_for_dynamic_regions
 .text.z_arm_mpu_init
                0x0000000000002560      0x11c zephyr/arch/arch/arm/core/mpu/libarch__arm__core__mpu.a(arm_mpu.c.obj)
                0x0000000000002560                z_arm_mpu_init
 .text.cbvprintf
                0x000000000000267c       0x38 zephyr/lib/libc/picolibc/liblib__libc__picolibc.a(cbprintf.c.obj)
                0x000000000000267c                cbvprintf
 .text.z_impl_zephyr_fputc
                0x00000000000026b4       0x10 zephyr/lib/libc/picolibc/liblib__libc__picolibc.a(stdio.c.obj)
                0x00000000000026b4                z_impl_zephyr_fputc
 .text.__stdout_hook_install
                0x00000000000026c4       0x18 zephyr/lib/libc/picolibc/liblib__libc__picolibc.a(stdio.c.obj)
                0x00000000000026c4                __stdout_hook_install
 .text.malloc_prepare
                0x00000000000026dc       0x24 zephyr/lib/libc/common/liblib__libc__common.a(malloc.c.obj)
 .text.nrf_gpio_pin_control_select.constprop.0
                0x0000000000002700       0x1c zephyr/soc/soc/nrf5340/libsoc__nordic.a(soc.c.obj)
 .text.z_arm_on_enter_cpu_idle
                0x000000000000271c       0x64 zephyr/soc/soc/nrf5340/libsoc__nordic.a(soc.c.obj)
                0x000000000000271c                z_arm_on_enter_cpu_idle
 .text.soc_early_init_hook
                0x0000000000002780       0x3c zephyr/soc/soc/nrf5340/libsoc__nordic.a(soc.c.obj)
                0x0000000000002780                soc_early_init_hook
 .text.soc_late_init_hook
                0x00000000000027bc       0x40 zephyr/soc/soc/nrf5340/libsoc__nordic.a(soc.c.obj)
                0x00000000000027bc                soc_late_init_hook
 .text.arch_busy_wait
                0x00000000000027fc       0x24 zephyr/soc/soc/nrf5340/libsoc__nordic.a(soc.c.obj)
                0x00000000000027fc                arch_busy_wait
 .text.assign_pins
                0x0000000000002820       0x54 zephyr/soc/soc/nrf5340/libsoc__nordic.a(nrf53_cpunet_mgmt.c.obj)
 .text.onoff_start
                0x0000000000002874       0x70 zephyr/soc/soc/nrf5340/libsoc__nordic.a(nrf53_cpunet_mgmt.c.obj)
 .text.nrf53_cpunet_mgmt_init
                0x00000000000028e4       0x10 zephyr/soc/soc/nrf5340/libsoc__nordic.a(nrf53_cpunet_mgmt.c.obj)
                0x00000000000028e4                nrf53_cpunet_mgmt_init
 .text.gppi_init
                0x00000000000028f4       0x1c zephyr/soc/soc/nrf5340/libsoc__nordic.a(gppi_init.c.obj)
 .text.onoff_stop
                0x0000000000002910       0x30 zephyr/drivers/clock_control/libdrivers__clock_control.a(clock_control_nrf.c.obj)
 .text.onoff_start
                0x0000000000002940       0x44 zephyr/drivers/clock_control/libdrivers__clock_control.a(clock_control_nrf.c.obj)
 .text.clk_init
                0x0000000000002984       0x64 zephyr/drivers/clock_control/libdrivers__clock_control.a(clock_control_nrf.c.obj)
 .text.api_blocking_start
                0x00000000000029e8       0x34 zephyr/drivers/clock_control/libdrivers__clock_control.a(clock_control_nrf.c.obj)
 .text.generic_hfclk_stop
                0x0000000000002a1c       0x34 zephyr/drivers/clock_control/libdrivers__clock_control.a(clock_control_nrf.c.obj)
 .text.clkstarted_handle.constprop.0
                0x0000000000002a50       0x4c zephyr/drivers/clock_control/libdrivers__clock_control.a(clock_control_nrf.c.obj)
 .text.generic_hfclk_start
                0x0000000000002a9c       0x78 zephyr/drivers/clock_control/libdrivers__clock_control.a(clock_control_nrf.c.obj)
 .text.clock_event_handler
                0x0000000000002b14       0x34 zephyr/drivers/clock_control/libdrivers__clock_control.a(clock_control_nrf.c.obj)
 .text.z_nrf_clock_control_lf_on
                0x0000000000002b48       0xf8 zephyr/drivers/clock_control/libdrivers__clock_control.a(clock_control_nrf.c.obj)
                0x0000000000002b48                z_nrf_clock_control_lf_on
 .text.uart_console_init
                0x0000000000002c40       0x28 zephyr/drivers/console/libdrivers__console.a(uart_console.c.obj)
 .text.console_out
                0x0000000000002c68       0x28 zephyr/drivers/console/libdrivers__console.a(uart_console.c.obj)
 .text.gpio_nrfx_pin_interrupt_configure
                0x0000000000002c90      0x100 zephyr/drivers/gpio/libdrivers__gpio.a(gpio_nrfx.c.obj)
 .text.nrfx_gpio_handler
                0x0000000000002d90       0x4c zephyr/drivers/gpio/libdrivers__gpio.a(gpio_nrfx.c.obj)
 .text.gpio_nrfx_init
                0x0000000000002ddc       0x3c zephyr/drivers/gpio/libdrivers__gpio.a(gpio_nrfx.c.obj)
 .text.gpio_nrfx_pin_configure
                0x0000000000002e18      0x180 zephyr/drivers/gpio/libdrivers__gpio.a(gpio_nrfx.c.obj)
 .text.nrf_gpio_pin_port_decode
                0x0000000000002f98       0x24 zephyr/drivers/pinctrl/libdrivers__pinctrl.a(pinctrl_nrf.c.obj)
 .text.pinctrl_configure_pins
                0x0000000000002fbc      0x1c8 zephyr/drivers/pinctrl/libdrivers__pinctrl.a(pinctrl_nrf.c.obj)
                0x0000000000002fbc                pinctrl_configure_pins
 .text.uarte_nrfx_poll_out
                0x0000000000003184       0xb4 zephyr/drivers/serial/libdrivers__serial.a(uart_nrfx_uarte.c.obj)
 .text.uarte_0_init
                0x0000000000003238      0x114 zephyr/drivers/serial/libdrivers__serial.a(uart_nrfx_uarte.c.obj)
 .text.compare_int_lock
                0x000000000000334c       0x40 zephyr/drivers/timer/libdrivers__timer.a(nrf_rtc_timer.c.obj)
 .text.sys_clock_timeout_handler
                0x000000000000338c       0x48 zephyr/drivers/timer/libdrivers__timer.a(nrf_rtc_timer.c.obj)
 .text.compare_int_unlock
                0x00000000000033d4       0x4c zephyr/drivers/timer/libdrivers__timer.a(nrf_rtc_timer.c.obj)
 .text.z_nrf_rtc_timer_read
                0x0000000000003420       0x44 zephyr/drivers/timer/libdrivers__timer.a(nrf_rtc_timer.c.obj)
                0x0000000000003420                z_nrf_rtc_timer_read
 .text.compare_set
                0x0000000000003464      0x124 zephyr/drivers/timer/libdrivers__timer.a(nrf_rtc_timer.c.obj)
 .text.sys_clock_driver_init
                0x0000000000003588       0x90 zephyr/drivers/timer/libdrivers__timer.a(nrf_rtc_timer.c.obj)
 .text.rtc_nrf_isr
                0x0000000000003618       0xd0 zephyr/drivers/timer/libdrivers__timer.a(nrf_rtc_timer.c.obj)
                0x0000000000003618                rtc_nrf_isr
 .text.sys_clock_set_timeout
                0x00000000000036e8       0x5c zephyr/drivers/timer/libdrivers__timer.a(nrf_rtc_timer.c.obj)
                0x00000000000036e8                sys_clock_set_timeout
 .text.sys_clock_elapsed
                0x0000000000003744       0x14 zephyr/drivers/timer/libdrivers__timer.a(nrf_rtc_timer.c.obj)
                0x0000000000003744                sys_clock_elapsed
 .text.nrf53_errata_42
                0x0000000000003758       0x24 modules/hal_nordic/modules/hal_nordic/nrfx/libmodules__hal_nordic__nrfx.a(system_nrf5340_application.c.obj)
 .text.SystemInit
                0x000000000000377c      0x1c4 modules/hal_nordic/modules/hal_nordic/nrfx/libmodules__hal_nordic__nrfx.a(system_nrf5340_application.c.obj)
                0x000000000000377c                SystemInit
 .text.nrfx_gppi_init
                0x0000000000003940        0xc modules/hal_nordic/modules/hal_nordic/nrfx/libmodules__hal_nordic__nrfx.a(nrfx_gppi_dppi.c.obj)
                0x0000000000003940                nrfx_gppi_init
 .text.nrfx_gppi_domain_conn_alloc
                0x000000000000394c       0x1c modules/hal_nordic/modules/hal_nordic/nrfx/libmodules__hal_nordic__nrfx.a(nrfx_gppi_dppi.c.obj)
                0x000000000000394c                nrfx_gppi_domain_conn_alloc
 .text.nrfx_gppi_conn_enable
                0x0000000000003968       0x10 modules/hal_nordic/modules/hal_nordic/nrfx/libmodules__hal_nordic__nrfx.a(nrfx_gppi_dppi.c.obj)
                0x0000000000003968                nrfx_gppi_conn_enable
 .text.hfclk_event_handler
                0x0000000000003978        0xc modules/hal_nordic/modules/hal_nordic/nrfx/libmodules__hal_nordic__nrfx.a(nrfx_clock.c.obj)
 .text.lfclk_event_handler
                0x0000000000003984        0xc modules/hal_nordic/modules/hal_nordic/nrfx/libmodules__hal_nordic__nrfx.a(nrfx_clock.c.obj)
 .text.hfclk192m_event_handler
                0x0000000000003990        0xc modules/hal_nordic/modules/hal_nordic/nrfx/libmodules__hal_nordic__nrfx.a(nrfx_clock.c.obj)
 .text.hfclkaudio_event_handler
                0x000000000000399c        0xc modules/hal_nordic/modules/hal_nordic/nrfx/libmodules__hal_nordic__nrfx.a(nrfx_clock.c.obj)
 .text.nrfx_clock_init
                0x00000000000039a8       0x68 modules/hal_nordic/modules/hal_nordic/nrfx/libmodules__hal_nordic__nrfx.a(nrfx_clock.c.obj)
                0x00000000000039a8                nrfx_clock_init
 .text.nrfx_clock_enable
                0x0000000000003a10       0x20 modules/hal_nordic/modules/hal_nordic/nrfx/libmodules__hal_nordic__nrfx.a(nrfx_clock.c.obj)
                0x0000000000003a10                nrfx_clock_enable
 .text.nrfx_clock_hfclk_init
                0x0000000000003a30       0x24 modules/hal_nordic/modules/hal_nordic/nrfx/libmodules__hal_nordic__nrfx.a(nrfx_clock_hfclk.c.obj)
                0x0000000000003a30                nrfx_clock_hfclk_init
 .text.nrfx_clock_hfclk_start
                0x0000000000003a54       0x38 modules/hal_nordic/modules/hal_nordic/nrfx/libmodules__hal_nordic__nrfx.a(nrfx_clock_hfclk.c.obj)
                0x0000000000003a54                nrfx_clock_hfclk_start
 .text.nrfx_clock_hfclk_irq_handler
                0x0000000000003a8c       0x30 modules/hal_nordic/modules/hal_nordic/nrfx/libmodules__hal_nordic__nrfx.a(nrfx_clock_hfclk.c.obj)
                0x0000000000003a8c                nrfx_clock_hfclk_irq_handler
 .text.nrfx_clock_hfclkaudio_init
                0x0000000000003abc       0x1c modules/hal_nordic/modules/hal_nordic/nrfx/libmodules__hal_nordic__nrfx.a(nrfx_clock_hfclkaudio.c.obj)
                0x0000000000003abc                nrfx_clock_hfclkaudio_init
 .text.nrfx_clock_hfclkaudio_start
                0x0000000000003ad8       0x3c modules/hal_nordic/modules/hal_nordic/nrfx/libmodules__hal_nordic__nrfx.a(nrfx_clock_hfclkaudio.c.obj)
                0x0000000000003ad8                nrfx_clock_hfclkaudio_start
 .text.nrfx_clock_hfclkaudio_irq_handler
                0x0000000000003b14       0x30 modules/hal_nordic/modules/hal_nordic/nrfx/libmodules__hal_nordic__nrfx.a(nrfx_clock_hfclkaudio.c.obj)
                0x0000000000003b14                nrfx_clock_hfclkaudio_irq_handler
 .text.nrfx_clock_hfclk192m_init
                0x0000000000003b44       0x24 modules/hal_nordic/modules/hal_nordic/nrfx/libmodules__hal_nordic__nrfx.a(nrfx_clock_hfclk192m.c.obj)
                0x0000000000003b44                nrfx_clock_hfclk192m_init
 .text.nrfx_clock_hfclk192m_start
                0x0000000000003b68       0x3c modules/hal_nordic/modules/hal_nordic/nrfx/libmodules__hal_nordic__nrfx.a(nrfx_clock_hfclk192m.c.obj)
                0x0000000000003b68                nrfx_clock_hfclk192m_start
 .text.nrfx_clock_hfclk192m_irq_handler
                0x0000000000003ba4       0x30 modules/hal_nordic/modules/hal_nordic/nrfx/libmodules__hal_nordic__nrfx.a(nrfx_clock_hfclk192m.c.obj)
                0x0000000000003ba4                nrfx_clock_hfclk192m_irq_handler
 .text.nrfx_clock_lfclk_init
                0x0000000000003bd4       0x24 modules/hal_nordic/modules/hal_nordic/nrfx/libmodules__hal_nordic__nrfx.a(nrfx_clock_lfclk.c.obj)
                0x0000000000003bd4                nrfx_clock_lfclk_init
 .text.nrfx_clock_lfclk_start
                0x0000000000003bf8       0x88 modules/hal_nordic/modules/hal_nordic/nrfx/libmodules__hal_nordic__nrfx.a(nrfx_clock_lfclk.c.obj)
                0x0000000000003bf8                nrfx_clock_lfclk_start
 .text.nrfx_clock_lfclk_irq_handler
                0x0000000000003c80       0x74 modules/hal_nordic/modules/hal_nordic/nrfx/libmodules__hal_nordic__nrfx.a(nrfx_clock_lfclk.c.obj)
                0x0000000000003c80                nrfx_clock_lfclk_irq_handler
 .text.nrf_gpio_pin_port_decode
                0x0000000000003cf4       0x24 modules/hal_nordic/modules/hal_nordic/nrfx/libmodules__hal_nordic__nrfx.a(nrfx_gpiote.c.obj)
 .text.get_pin_idx
                0x0000000000003d18       0x14 modules/hal_nordic/modules/hal_nordic/nrfx/libmodules__hal_nordic__nrfx.a(nrfx_gpiote.c.obj)
 .text.latch_pending_read_and_check
                0x0000000000003d2c       0x3c modules/hal_nordic/modules/hal_nordic/nrfx/libmodules__hal_nordic__nrfx.a(nrfx_gpiote.c.obj)
 .text.pin_uninit
                0x0000000000003d68       0x7c modules/hal_nordic/modules/hal_nordic/nrfx/libmodules__hal_nordic__nrfx.a(nrfx_gpiote.c.obj)
 .text.nrfx_gpiote_init
                0x0000000000003de4       0x64 modules/hal_nordic/modules/hal_nordic/nrfx/libmodules__hal_nordic__nrfx.a(nrfx_gpiote.c.obj)
                0x0000000000003de4                nrfx_gpiote_init
 .text.nrfx_gpiote_channel_free
                0x0000000000003e48       0x14 modules/hal_nordic/modules/hal_nordic/nrfx/libmodules__hal_nordic__nrfx.a(nrfx_gpiote.c.obj)
                0x0000000000003e48                nrfx_gpiote_channel_free
 .text.nrfx_gpiote_channel_alloc
                0x0000000000003e5c       0x20 modules/hal_nordic/modules/hal_nordic/nrfx/libmodules__hal_nordic__nrfx.a(nrfx_gpiote.c.obj)
                0x0000000000003e5c                nrfx_gpiote_channel_alloc
 .text.nrfx_gpiote_irq_handler
                0x0000000000003e7c      0x1cc modules/hal_nordic/modules/hal_nordic/nrfx/libmodules__hal_nordic__nrfx.a(nrfx_gpiote.c.obj)
                0x0000000000003e7c                nrfx_gpiote_irq_handler
 .text.k_sys_fatal_error_handler
                0x0000000000004048       0x20 zephyr/kernel/libkernel.a(fatal.c.obj)
                0x0000000000004048                k_sys_fatal_error_handler
 .text.z_fatal_error
                0x0000000000004068       0xe8 zephyr/kernel/libkernel.a(fatal.c.obj)
                0x0000000000004068                z_fatal_error
 .text.z_sys_init_run_level
                0x0000000000004150       0x30 zephyr/kernel/libkernel.a(init.c.obj)
 .text.bg_thread_main
                0x0000000000004180       0xc4 zephyr/kernel/libkernel.a(init.c.obj)
 .text.z_init_cpu
                0x0000000000004244       0x70 zephyr/kernel/libkernel.a(init.c.obj)
                0x0000000000004244                z_init_cpu
 .text.z_cstart
                0x00000000000042b4       0xd4 zephyr/kernel/libkernel.a(init.c.obj)
                0x00000000000042b4                z_cstart
 .text.init_mem_slab_obj_core_list
                0x0000000000004388       0x24 zephyr/kernel/libkernel.a(mem_slab.c.obj)
 .text.k_mem_slab_alloc
                0x00000000000043ac       0x5c zephyr/kernel/libkernel.a(mem_slab.c.obj)
                0x00000000000043ac                k_mem_slab_alloc
 .text.z_impl_k_mutex_lock
                0x0000000000004408       0xf0 zephyr/kernel/libkernel.a(mutex.c.obj)
                0x0000000000004408                z_impl_k_mutex_lock
 .text.z_impl_k_mutex_unlock
                0x00000000000044f8       0xa0 zephyr/kernel/libkernel.a(mutex.c.obj)
                0x00000000000044f8                z_impl_k_mutex_unlock
 .text.z_impl_k_sem_give
                0x0000000000004598       0x68 zephyr/kernel/libkernel.a(sem.c.obj)
                0x0000000000004598                z_impl_k_sem_give
 .text.z_impl_k_sem_take
                0x0000000000004600       0x4c zephyr/kernel/libkernel.a(sem.c.obj)
                0x0000000000004600                z_impl_k_sem_take
 .text.z_impl_k_thread_name_set
                0x000000000000464c       0x20 zephyr/kernel/libkernel.a(thread.c.obj)
                0x000000000000464c                z_impl_k_thread_name_set
 .text.z_setup_new_thread
                0x000000000000466c       0xcc zephyr/kernel/libkernel.a(thread.c.obj)
                0x000000000000466c                z_setup_new_thread
 .text.z_impl_k_thread_create
                0x0000000000004738       0x58 zephyr/kernel/libkernel.a(thread.c.obj)
                0x0000000000004738                z_impl_k_thread_create
 .text.z_dummy_thread_init
                0x0000000000004790       0x1c zephyr/kernel/libkernel.a(thread.c.obj)
                0x0000000000004790                z_dummy_thread_init
 .text.z_swap_irqlock
                0x00000000000047ac       0x34 zephyr/kernel/libkernel.a(sched.c.obj)
 .text.ready_thread
                0x00000000000047e0       0x84 zephyr/kernel/libkernel.a(sched.c.obj)
 .text.unready_thread
                0x0000000000004864       0x54 zephyr/kernel/libkernel.a(sched.c.obj)
 .text.add_thread_timeout
                0x00000000000048b8       0x1c zephyr/kernel/libkernel.a(sched.c.obj)
 .text.move_thread_to_end_of_prio_q
                0x00000000000048d4       0x90 zephyr/kernel/libkernel.a(sched.c.obj)
                0x00000000000048d4                move_thread_to_end_of_prio_q
 .text.z_pend_curr
                0x0000000000004964       0x44 zephyr/kernel/libkernel.a(sched.c.obj)
                0x0000000000004964                z_pend_curr
 .text.z_thread_prio_set
                0x00000000000049a8       0xe4 zephyr/kernel/libkernel.a(sched.c.obj)
                0x00000000000049a8                z_thread_prio_set
 .text.z_reschedule
                0x0000000000004a8c       0x24 zephyr/kernel/libkernel.a(sched.c.obj)
                0x0000000000004a8c                z_reschedule
 .text.z_reschedule_irqlock
                0x0000000000004ab0       0x28 zephyr/kernel/libkernel.a(sched.c.obj)
                0x0000000000004ab0                z_reschedule_irqlock
 .text.k_sched_lock
                0x0000000000004ad8       0x28 zephyr/kernel/libkernel.a(sched.c.obj)
                0x0000000000004ad8                k_sched_lock
 .text.k_sched_unlock
                0x0000000000004b00       0x68 zephyr/kernel/libkernel.a(sched.c.obj)
                0x0000000000004b00                k_sched_unlock
 .text.z_sched_init
                0x0000000000004b68       0x10 zephyr/kernel/libkernel.a(sched.c.obj)
                0x0000000000004b68                z_sched_init
 .text.z_impl_k_yield
                0x0000000000004b78       0x88 zephyr/kernel/libkernel.a(sched.c.obj)
                0x0000000000004b78                z_impl_k_yield
 .text.z_tick_sleep
                0x0000000000004c00       0x78 zephyr/kernel/libkernel.a(sched.c.obj)
 .text.z_impl_k_wakeup
                0x0000000000004c78       0x48 zephyr/kernel/libkernel.a(sched.c.obj)
                0x0000000000004c78                z_impl_k_wakeup
 .text.z_impl_k_sched_current_thread_query
                0x0000000000004cc0        0xc zephyr/kernel/libkernel.a(sched.c.obj)
                0x0000000000004cc0                z_impl_k_sched_current_thread_query
 .text.z_thread_abort
                0x0000000000004ccc      0x144 zephyr/kernel/libkernel.a(sched.c.obj)
                0x0000000000004ccc                z_thread_abort
 .text.slice_timeout
                0x0000000000004e10       0x20 zephyr/kernel/libkernel.a(timeslicing.c.obj)
 .text.thread_is_sliceable
                0x0000000000004e30       0x3c zephyr/kernel/libkernel.a(timeslicing.c.obj)
                0x0000000000004e30                thread_is_sliceable
 .text.z_reset_time_slice
                0x0000000000004e6c       0x50 zephyr/kernel/libkernel.a(timeslicing.c.obj)
                0x0000000000004e6c                z_reset_time_slice
 .text.z_time_slice
                0x0000000000004ebc       0x60 zephyr/kernel/libkernel.a(timeslicing.c.obj)
                0x0000000000004ebc                z_time_slice
 .text.z_thread_monitor_exit
                0x0000000000004f1c       0x3c zephyr/kernel/libkernel.a(thread_monitor.c.obj)
                0x0000000000004f1c                z_thread_monitor_exit
 .text.first    0x0000000000004f58       0x10 zephyr/kernel/libkernel.a(timeout.c.obj)
 .text.elapsed  0x0000000000004f68       0x14 zephyr/kernel/libkernel.a(timeout.c.obj)
 .text.remove_timeout
                0x0000000000004f7c       0x38 zephyr/kernel/libkernel.a(timeout.c.obj)
 .text.z_add_timeout
                0x0000000000004fb4      0x120 zephyr/kernel/libkernel.a(timeout.c.obj)
                0x0000000000004fb4                z_add_timeout
 .text.sys_clock_announce
                0x00000000000050d4       0xbc zephyr/kernel/libkernel.a(timeout.c.obj)
                0x00000000000050d4                sys_clock_announce
 .text.sys_clock_tick_get
                0x0000000000005190       0x30 zephyr/kernel/libkernel.a(timeout.c.obj)
                0x0000000000005190                sys_clock_tick_get
 .text.z_timer_expiration_handler
                0x00000000000051c0      0x110 zephyr/kernel/libkernel.a(timer.c.obj)
                0x00000000000051c0                z_timer_expiration_handler
 .text.z_impl_k_timer_start
                0x00000000000052d0       0x70 zephyr/kernel/libkernel.a(timer.c.obj)
                0x00000000000052d0                z_impl_k_timer_start
 .text.nrf_cc3xx_platform_init_no_rng
                0x0000000000005340       0x38 C:/ncs/v3.2.2/nrfxlib/crypto/nrf_cc312_platform/lib/cortex-m33/soft-float/no-interrupts/libnrf_cc312_platform_0.9.19.a(nrf_cc3xx_platform.c.obj)
                0x0000000000005340                nrf_cc3xx_platform_init_no_rng
 .text.nrf_cc3xx_platform_abort
                0x0000000000005378       0x24 C:/ncs/v3.2.2/nrfxlib/crypto/nrf_cc312_platform/lib/cortex-m33/soft-float/no-interrupts/libnrf_cc312_platform_0.9.19.a(nrf_cc3xx_platform_abort.c.obj)
 .text.CC_PalAbort
                0x000000000000539c       0x44 C:/ncs/v3.2.2/nrfxlib/crypto/nrf_cc312_platform/lib/cortex-m33/soft-float/no-interrupts/libnrf_cc312_platform_0.9.19.a(nrf_cc3xx_platform_abort.c.obj)
                0x000000000000539c                CC_PalAbort
 .text.nrf_cc3xx_platform_set_abort
                0x00000000000053e0       0x10 C:/ncs/v3.2.2/nrfxlib/crypto/nrf_cc312_platform/lib/cortex-m33/soft-float/no-interrupts/libnrf_cc312_platform_0.9.19.a(nrf_cc3xx_platform_abort.c.obj)
                0x00000000000053e0                nrf_cc3xx_platform_set_abort
 .text.mutex_free
                0x00000000000053f0       0x34 C:/ncs/v3.2.2/nrfxlib/crypto/nrf_cc312_platform/lib/cortex-m33/soft-float/no-interrupts/libnrf_cc312_platform_0.9.19.a(nrf_cc3xx_platform_mutex.c.obj)
 .text.mutex_lock
                0x0000000000005424       0x48 C:/ncs/v3.2.2/nrfxlib/crypto/nrf_cc312_platform/lib/cortex-m33/soft-float/no-interrupts/libnrf_cc312_platform_0.9.19.a(nrf_cc3xx_platform_mutex.c.obj)
 .text.mutex_unlock
                0x000000000000546c       0x38 C:/ncs/v3.2.2/nrfxlib/crypto/nrf_cc312_platform/lib/cortex-m33/soft-float/no-interrupts/libnrf_cc312_platform_0.9.19.a(nrf_cc3xx_platform_mutex.c.obj)
 .text.mutex_init
                0x00000000000054a4       0x20 C:/ncs/v3.2.2/nrfxlib/crypto/nrf_cc312_platform/lib/cortex-m33/soft-float/no-interrupts/libnrf_cc312_platform_0.9.19.a(nrf_cc3xx_platform_mutex.c.obj)
 .text.nrf_cc3xx_platform_set_mutexes
                0x00000000000054c4       0x78 C:/ncs/v3.2.2/nrfxlib/crypto/nrf_cc312_platform/lib/cortex-m33/soft-float/no-interrupts/libnrf_cc312_platform_0.9.19.a(nrf_cc3xx_platform_mutex.c.obj)
                0x00000000000054c4                nrf_cc3xx_platform_set_mutexes
 .text.CC_LibInitNoRng
                0x000000000000553c       0x28 C:/ncs/v3.2.2/nrfxlib/crypto/nrf_cc312_platform/lib/cortex-m33/soft-float/no-interrupts/libnrf_cc312_platform_0.9.19.a(cc_lib.c.obj)
                0x000000000000553c                CC_LibInitNoRng
 .text.CC_HalInit
                0x0000000000005564        0x4 C:/ncs/v3.2.2/nrfxlib/crypto/nrf_cc312_platform/lib/cortex-m33/soft-float/no-interrupts/libnrf_cc312_platform_0.9.19.a(cc_hal.c.obj)
                0x0000000000005564                CC_HalInit
 .text.CC_PalInit
                0x0000000000005568       0x5c C:/ncs/v3.2.2/nrfxlib/crypto/nrf_cc312_platform/lib/cortex-m33/soft-float/no-interrupts/libnrf_cc312_platform_0.9.19.a(cc_pal.c.obj)
                0x0000000000005568                CC_PalInit
 .text.CC_PalTerminate
                0x00000000000055c4       0x34 C:/ncs/v3.2.2/nrfxlib/crypto/nrf_cc312_platform/lib/cortex-m33/soft-float/no-interrupts/libnrf_cc312_platform_0.9.19.a(cc_pal.c.obj)
                0x00000000000055c4                CC_PalTerminate
 .text.CC_PalDmaInit
                0x00000000000055f8        0x4 C:/ncs/v3.2.2/nrfxlib/crypto/nrf_cc312_platform/lib/cortex-m33/soft-float/no-interrupts/libnrf_cc312_platform_0.9.19.a(cc_pal_dma.c.obj)
                0x00000000000055f8                CC_PalDmaInit
 .text.CC_PalDmaTerminate
                0x00000000000055fc        0x4 C:/ncs/v3.2.2/nrfxlib/crypto/nrf_cc312_platform/lib/cortex-m33/soft-float/no-interrupts/libnrf_cc312_platform_0.9.19.a(cc_pal_dma.c.obj)
                0x00000000000055fc                CC_PalDmaTerminate
 .text.CC_PalMutexCreate
                0x0000000000005600       0x14 C:/ncs/v3.2.2/nrfxlib/crypto/nrf_cc312_platform/lib/cortex-m33/soft-float/no-interrupts/libnrf_cc312_platform_0.9.19.a(cc_pal_mutex.c.obj)
                0x0000000000005600                CC_PalMutexCreate
 .text.CC_PalMutexDestroy
                0x0000000000005614       0x14 C:/ncs/v3.2.2/nrfxlib/crypto/nrf_cc312_platform/lib/cortex-m33/soft-float/no-interrupts/libnrf_cc312_platform_0.9.19.a(cc_pal_mutex.c.obj)
                0x0000000000005614                CC_PalMutexDestroy
 .text.CC_PalPowerSaveModeInit
                0x0000000000005628       0x3c C:/ncs/v3.2.2/nrfxlib/crypto/nrf_cc312_platform/lib/cortex-m33/soft-float/no-interrupts/libnrf_cc312_platform_0.9.19.a(cc_pal_pm.c.obj)
                0x0000000000005628                CC_PalPowerSaveModeInit
 .text.snprintf
                0x0000000000005664       0x58 c:\ncs\toolchains\c717907b94\opt\zephyr-sdk\arm-zephyr-eabi\bin\../lib/gcc/../../picolibc/arm-zephyr-eabi/lib/thumb/v8-m.main/nofp\libc.a(libc_tinystdio_snprintf.c.o)
                0x0000000000005664                snprintf
 .text.__l_vfprintf
                0x00000000000056bc      0x4b4 c:\ncs\toolchains\c717907b94\opt\zephyr-sdk\arm-zephyr-eabi\bin\../lib/gcc/../../picolibc/arm-zephyr-eabi/lib/thumb/v8-m.main/nofp\libc.a(libc_tinystdio_vflprintf.c.o)
                0x00000000000056bc                __l_vfprintf
 .text._OffsetAbsSyms
                0x0000000000005b70        0x2 zephyr/CMakeFiles/offsets.dir/./arch/arm/core/offsets/offsets.c.obj
                0x0000000000005b70                _OffsetAbsSyms
 .text.gpio_pin_configure_dt
                0x0000000000005b72       0x3e app/libapp.a(main.c.obj)
 .text.chunk_field
                0x0000000000005bb0       0x16 zephyr/libzephyr.a(heap.c.obj)
 .text.chunk_set
                0x0000000000005bc6       0x16 zephyr/libzephyr.a(heap.c.obj)
 .text.chunk_size
                0x0000000000005bdc        0xc zephyr/libzephyr.a(heap.c.obj)
 .text.set_chunk_used
                0x0000000000005be8       0x30 zephyr/libzephyr.a(heap.c.obj)
 .text.set_chunk_size
                0x0000000000005c18        0x8 zephyr/libzephyr.a(heap.c.obj)
 .text.bucket_idx
                0x0000000000005c20       0x1e zephyr/libzephyr.a(heap.c.obj)
 .text.free_list_add
                0x0000000000005c3e       0x84 zephyr/libzephyr.a(heap.c.obj)
 .text.sys_heap_init
                0x0000000000005cc2       0xb0 zephyr/libzephyr.a(heap.c.obj)
                0x0000000000005cc2                sys_heap_init
 .text.cbpprintf_external
                0x0000000000005d72       0x62 zephyr/libzephyr.a(cbprintf_packaged.c.obj)
                0x0000000000005d72                cbpprintf_external
 .text.is_ptr   0x0000000000005dd4       0x4a zephyr/libzephyr.a(cbprintf_packaged.c.obj)
                0x0000000000005dd4                is_ptr
 .text.arch_printk_char_out
                0x0000000000005e1e        0x4 zephyr/libzephyr.a(printk.c.obj)
                0x0000000000005e1e                arch_printk_char_out
 .text.printk   0x0000000000005e22       0x1a zephyr/libzephyr.a(printk.c.obj)
                0x0000000000005e22                printk
 .text.free_space
                0x0000000000005e3c       0x26 zephyr/libzephyr.a(mpsc_pbuf.c.obj)
 .text.get_usage
                0x0000000000005e62       0x22 zephyr/libzephyr.a(mpsc_pbuf.c.obj)
 .text.idx_inc  0x0000000000005e84       0x1c zephyr/libzephyr.a(mpsc_pbuf.c.obj)
 .text.rd_idx_inc
                0x0000000000005ea0       0x18 zephyr/libzephyr.a(mpsc_pbuf.c.obj)
 .text.add_skip_item
                0x0000000000005eb8       0x3e zephyr/libzephyr.a(mpsc_pbuf.c.obj)
 .text.drop_item_locked
                0x0000000000005ef6      0x100 zephyr/libzephyr.a(mpsc_pbuf.c.obj)
 .text.post_drop_action
                0x0000000000005ff6       0x36 zephyr/libzephyr.a(mpsc_pbuf.c.obj)
 .text.max_utilization_update
                0x000000000000602c       0x1a zephyr/libzephyr.a(mpsc_pbuf.c.obj)
 .text.mpsc_pbuf_init
                0x0000000000006046       0x42 zephyr/libzephyr.a(mpsc_pbuf.c.obj)
                0x0000000000006046                mpsc_pbuf_init
 .text.mpsc_pbuf_alloc
                0x0000000000006088       0xfe zephyr/libzephyr.a(mpsc_pbuf.c.obj)
                0x0000000000006088                mpsc_pbuf_alloc
 .text.mpsc_pbuf_commit
                0x0000000000006186       0x3e zephyr/libzephyr.a(mpsc_pbuf.c.obj)
                0x0000000000006186                mpsc_pbuf_commit
 .text.mpsc_pbuf_claim
                0x00000000000061c4       0xa8 zephyr/libzephyr.a(mpsc_pbuf.c.obj)
                0x00000000000061c4                mpsc_pbuf_claim
 .text.mpsc_pbuf_free
                0x000000000000626c       0x76 zephyr/libzephyr.a(mpsc_pbuf.c.obj)
                0x000000000000626c                mpsc_pbuf_free
 .text.mpsc_pbuf_is_pending
                0x00000000000062e2       0x32 zephyr/libzephyr.a(mpsc_pbuf.c.obj)
                0x00000000000062e2                mpsc_pbuf_is_pending
 .text.process_recheck
                0x0000000000006314       0x38 zephyr/libzephyr.a(onoff.c.obj)
 .text.validate_args
                0x000000000000634c       0x20 zephyr/libzephyr.a(onoff.c.obj)
 .text.notify_one
                0x000000000000636c       0x2c zephyr/libzephyr.a(onoff.c.obj)
 .text.transition_complete
                0x0000000000006398       0x1a zephyr/libzephyr.a(onoff.c.obj)
 .text.onoff_manager_init
                0x00000000000063b2       0x26 zephyr/libzephyr.a(onoff.c.obj)
                0x00000000000063b2                onoff_manager_init
 .text.onoff_request
                0x00000000000063d8       0xae zephyr/libzephyr.a(onoff.c.obj)
                0x00000000000063d8                onoff_request
 .text.sys_notify_validate
                0x0000000000006486       0x22 zephyr/libzephyr.a(notify.c.obj)
                0x0000000000006486                sys_notify_validate
 .text.sys_notify_finalize
                0x00000000000064a8       0x1a zephyr/libzephyr.a(notify.c.obj)
                0x00000000000064a8                sys_notify_finalize
 .text._ConfigAbsSyms
                0x00000000000064c2        0x2 zephyr/libzephyr.a(configs.c.obj)
                0x00000000000064c2                _ConfigAbsSyms
 .text.log_msg_generic_get_wlen
                0x00000000000064c4       0x20 zephyr/libzephyr.a(log_core.c.obj)
 .text.dummy_timestamp
                0x00000000000064e4        0x4 zephyr/libzephyr.a(log_core.c.obj)
 .text.default_get_timestamp
                0x00000000000064e8        0x4 zephyr/libzephyr.a(log_core.c.obj)
 .text.atomic_inc
                0x00000000000064ec       0x12 zephyr/libzephyr.a(log_core.c.obj)
 .text.z_log_vprintk
                0x00000000000064fe       0x1c zephyr/libzephyr.a(log_core.c.obj)
                0x00000000000064fe                z_log_vprintk
 .text.z_log_notify_drop
                0x000000000000651a        0x6 zephyr/libzephyr.a(log_core.c.obj)
 .text.z_log_get_tag
                0x0000000000006520        0x4 zephyr/libzephyr.a(log_core.c.obj)
                0x0000000000006520                z_log_get_tag
 .text.log_backend_enable
                0x0000000000006524       0x12 zephyr/libzephyr.a(log_mgmt.c.obj)
                0x0000000000006524                log_backend_enable
 .text.z_cbprintf_cpy
                0x0000000000006536       0x2e zephyr/libzephyr.a(log_msg.c.obj)
 .text.z_log_msg_finalize
                0x0000000000006564       0x32 zephyr/libzephyr.a(log_msg.c.obj)
                0x0000000000006564                z_log_msg_finalize
 .text.z_log_msg_simple_create
                0x0000000000006596       0x6e zephyr/libzephyr.a(log_msg.c.obj)
 .text.z_impl_z_log_msg_simple_create_0
                0x0000000000006604       0x12 zephyr/libzephyr.a(log_msg.c.obj)
                0x0000000000006604                z_impl_z_log_msg_simple_create_0
 .text.z_impl_z_log_msg_simple_create_1
                0x0000000000006616       0x14 zephyr/libzephyr.a(log_msg.c.obj)
                0x0000000000006616                z_impl_z_log_msg_simple_create_1
 .text.z_impl_z_log_msg_simple_create_2
                0x000000000000662a       0x18 zephyr/libzephyr.a(log_msg.c.obj)
                0x000000000000662a                z_impl_z_log_msg_simple_create_2
 .text.log_output_write
                0x0000000000006642       0x1c zephyr/libzephyr.a(log_output.c.obj)
 .text.log_output_flush
                0x000000000000665e       0x1a zephyr/libzephyr.a(log_output.c.obj)
 .text.out_func
                0x0000000000006678       0x2e zephyr/libzephyr.a(log_output.c.obj)
 .text.cr_out_func
                0x00000000000066a6       0x1c zephyr/libzephyr.a(log_output.c.obj)
 .text.log_output_msg_process
                0x00000000000066c2       0x6a zephyr/libzephyr.a(log_output.c.obj)
                0x00000000000066c2                log_output_msg_process
 .text.format_set
                0x000000000000672c        0xc zephyr/libzephyr.a(log_backend_uart.c.obj)
 .text.log_backend_uart_init
                0x0000000000006738        0xc zephyr/libzephyr.a(log_backend_uart.c.obj)
 .text.panic    0x0000000000006744       0x32 zephyr/libzephyr.a(log_backend_uart.c.obj)
 .text.dropped  0x0000000000006776        0xa zephyr/libzephyr.a(log_backend_uart.c.obj)
 .text.process  0x0000000000006780       0x1e zephyr/libzephyr.a(log_backend_uart.c.obj)
 .text.abort_function
                0x000000000000679e        0x2 zephyr/libzephyr.a(nrf_cc3xx_platform_abort_zephyr.c.obj)
 .text.arch_early_memset
                0x00000000000067a0        0x4 zephyr/arch/common/libarch__common.a(init.c.obj)
                0x00000000000067a0                arch_early_memset
 .text.arch_early_memcpy
                0x00000000000067a4        0x4 zephyr/arch/common/libarch__common.a(init.c.obj)
                0x00000000000067a4                arch_early_memcpy
 .text.z_do_kernel_oops
                0x00000000000067a8        0x8 zephyr/arch/arch/arm/core/libarch__arm__core.a(fatal.c.obj)
                0x00000000000067a8                z_do_kernel_oops
 .text.z_arm_nmi
                0x00000000000067b0        0xe zephyr/arch/arch/arm/core/libarch__arm__core.a(nmi.c.obj)
                0x00000000000067b0                z_arm_nmi
 .text.z_log_msg_simple_create_0.constprop.0
                0x00000000000067be        0x8 zephyr/arch/arch/arm/core/cortex_m/libarch__arm__core__cortex_m.a(fault.c.obj)
 .text.z_irq_spurious
                0x00000000000067c6        0x8 zephyr/arch/arch/arm/core/cortex_m/libarch__arm__core__cortex_m.a(irq_manage.c.obj)
                0x00000000000067c6                z_irq_spurious
 .text.configure_builtin_stack_guard
                0x00000000000067ce        0xa zephyr/arch/arch/arm/core/cortex_m/libarch__arm__core__cortex_m.a(thread.c.obj)
                0x00000000000067ce                configure_builtin_stack_guard
 .text.arch_coprocessors_disable
                0x00000000000067d8        0x6 zephyr/arch/arch/arm/core/cortex_m/libarch__arm__core__cortex_m.a(thread.c.obj)
                0x00000000000067d8                arch_coprocessors_disable
 .text.arch_irq_unlock_outlined
                0x00000000000067de        0xe zephyr/arch/arch/arm/core/cortex_m/libarch__arm__core__cortex_m.a(thread.c.obj)
                0x00000000000067de                arch_irq_unlock_outlined
 .text.arch_cpu_idle
                0x00000000000067ec       0x32 zephyr/arch/arch/arm/core/cortex_m/libarch__arm__core__cortex_m.a(cpu_idle.c.obj)
                0x00000000000067ec                arch_cpu_idle
 .text.arch_cpu_atomic_idle
                0x000000000000681e       0x38 zephyr/arch/arch/arm/core/cortex_m/libarch__arm__core__cortex_m.a(cpu_idle.c.obj)
                0x000000000000681e                arch_cpu_atomic_idle
 .text.arm_cmse_mpu_region_get
                0x0000000000006856       0x12 zephyr/arch/arch/arm/core/cortex_m/cmse/libarch__arm__core__cortex_m__cmse.a(arm_core_cmse.c.obj)
                0x0000000000006856                arm_cmse_mpu_region_get
 .text.mpu_configure_region
                0x0000000000006868       0x32 zephyr/arch/arch/arm/core/mpu/libarch__arm__core__mpu.a(arm_mpu.c.obj)
 .text.cbputc   0x000000000000689a        0xc zephyr/lib/libc/picolibc/liblib__libc__picolibc.a(cbprintf.c.obj)
 .text.picolibc_put
                0x00000000000068a6        0xa zephyr/lib/libc/picolibc/liblib__libc__picolibc.a(stdio.c.obj)
 .text.onoff_stop
                0x00000000000068b0       0x22 zephyr/soc/soc/nrf5340/libsoc__nordic.a(nrf53_cpunet_mgmt.c.obj)
 .text.get_status
                0x00000000000068d2       0x12 zephyr/drivers/clock_control/libdrivers__clock_control.a(clock_control_nrf.c.obj)
 .text.stop     0x00000000000068e4       0x50 zephyr/drivers/clock_control/libdrivers__clock_control.a(clock_control_nrf.c.obj)
 .text.api_stop
                0x0000000000006934        0x6 zephyr/drivers/clock_control/libdrivers__clock_control.a(clock_control_nrf.c.obj)
 .text.async_start
                0x000000000000693a       0x5a zephyr/drivers/clock_control/libdrivers__clock_control.a(clock_control_nrf.c.obj)
 .text.api_start
                0x0000000000006994        0xe zephyr/drivers/clock_control/libdrivers__clock_control.a(clock_control_nrf.c.obj)
 .text.onoff_started_callback
                0x00000000000069a2       0x12 zephyr/drivers/clock_control/libdrivers__clock_control.a(clock_control_nrf.c.obj)
 .text.hfclkaudio_start
                0x00000000000069b4        0x6 zephyr/drivers/clock_control/libdrivers__clock_control.a(clock_control_nrf.c.obj)
 .text.hfclk192m_start
                0x00000000000069ba        0x6 zephyr/drivers/clock_control/libdrivers__clock_control.a(clock_control_nrf.c.obj)
 .text.hfclkaudio_stop
                0x00000000000069c0        0x6 zephyr/drivers/clock_control/libdrivers__clock_control.a(clock_control_nrf.c.obj)
 .text.hfclk192m_stop
                0x00000000000069c6        0x6 zephyr/drivers/clock_control/libdrivers__clock_control.a(clock_control_nrf.c.obj)
 .text.blocking_start_callback
                0x00000000000069cc        0x6 zephyr/drivers/clock_control/libdrivers__clock_control.a(clock_control_nrf.c.obj)
 .text.lfclk_stop
                0x00000000000069d2        0x4 zephyr/drivers/clock_control/libdrivers__clock_control.a(clock_control_nrf.c.obj)
 .text.lfclk_start
                0x00000000000069d6        0x4 zephyr/drivers/clock_control/libdrivers__clock_control.a(clock_control_nrf.c.obj)
 .text.gpio_nrfx_port_get_raw
                0x00000000000069da        0xc zephyr/drivers/gpio/libdrivers__gpio.a(gpio_nrfx.c.obj)
 .text.gpio_nrfx_port_set_masked_raw
                0x00000000000069e6       0x14 zephyr/drivers/gpio/libdrivers__gpio.a(gpio_nrfx.c.obj)
 .text.gpio_nrfx_port_set_bits_raw
                0x00000000000069fa        0xa zephyr/drivers/gpio/libdrivers__gpio.a(gpio_nrfx.c.obj)
 .text.gpio_nrfx_port_clear_bits_raw
                0x0000000000006a04        0xa zephyr/drivers/gpio/libdrivers__gpio.a(gpio_nrfx.c.obj)
 .text.gpio_nrfx_port_toggle_bits
                0x0000000000006a0e       0x14 zephyr/drivers/gpio/libdrivers__gpio.a(gpio_nrfx.c.obj)
 .text.gpio_nrfx_manage_callback
                0x0000000000006a22       0x52 zephyr/drivers/gpio/libdrivers__gpio.a(gpio_nrfx.c.obj)
 .text.gpio_nrfx_gpiote_irq_handler
                0x0000000000006a74        0x4 zephyr/drivers/gpio/libdrivers__gpio.a(gpio_nrfx.c.obj)
                0x0000000000006a74                gpio_nrfx_gpiote_irq_handler
 .text.pinctrl_lookup_state
                0x0000000000006a78       0x26 zephyr/drivers/pinctrl/libdrivers__pinctrl.a(common.c.obj)
                0x0000000000006a78                pinctrl_lookup_state
 .text.uarte_nrfx_err_check
                0x0000000000006a9e        0xe zephyr/drivers/serial/libdrivers__serial.a(uart_nrfx_uarte.c.obj)
 .text.uarte_nrfx_poll_in
                0x0000000000006aac       0x26 zephyr/drivers/serial/libdrivers__serial.a(uart_nrfx_uarte.c.obj)
 .text.is_tx_ready.isra.0
                0x0000000000006ad2       0x20 zephyr/drivers/serial/libdrivers__serial.a(uart_nrfx_uarte.c.obj)
 .text.uarte_nrfx_isr_int
                0x0000000000006af2       0x42 zephyr/drivers/serial/libdrivers__serial.a(uart_nrfx_uarte.c.obj)
 .text.pinctrl_apply_state.isra.0
                0x0000000000006b34       0x1e zephyr/drivers/serial/libdrivers__serial.a(uart_nrfx_uarte.c.obj)
 .text.uarte_instance_deinit
                0x0000000000006b52        0x6 zephyr/drivers/serial/libdrivers__serial.a(uart_nrfx_uarte.c.obj)
 .text.event_clear
                0x0000000000006b58       0x18 zephyr/drivers/timer/libdrivers__timer.a(nrf_rtc_timer.c.obj)
 .text.sys_clock_cycle_get_32
                0x0000000000006b70        0x8 zephyr/drivers/timer/libdrivers__timer.a(nrf_rtc_timer.c.obj)
                0x0000000000006b70                sys_clock_cycle_get_32
 .text.hw_cc3xx_init_internal
                0x0000000000006b78        0x4 modules/nrf/drivers/hw_cc3xx/lib..__nrf__drivers__hw_cc3xx.a(hw_cc3xx.c.obj)
 .text.hw_cc3xx_init
                0x0000000000006b7c       0x12 modules/nrf/drivers/hw_cc3xx/lib..__nrf__drivers__hw_cc3xx.a(hw_cc3xx.c.obj)
 .text.nrfx_isr
                0x0000000000006b8e        0x6 modules/hal_nordic/modules/hal_nordic/nrfx/libmodules__hal_nordic__nrfx.a(nrfx_glue.c.obj)
                0x0000000000006b8e                nrfx_isr
 .text.nrfx_busy_wait
                0x0000000000006b94        0x4 modules/hal_nordic/modules/hal_nordic/nrfx/libmodules__hal_nordic__nrfx.a(nrfx_glue.c.obj)
                0x0000000000006b94                nrfx_busy_wait
 .text.nrfx_flag32_alloc
                0x0000000000006b98       0x34 modules/hal_nordic/modules/hal_nordic/nrfx/libmodules__hal_nordic__nrfx.a(nrfx_flag32_allocator.c.obj)
                0x0000000000006b98                nrfx_flag32_alloc
 .text.nrfx_flag32_free
                0x0000000000006bcc       0x32 modules/hal_nordic/modules/hal_nordic/nrfx/libmodules__hal_nordic__nrfx.a(nrfx_flag32_allocator.c.obj)
                0x0000000000006bcc                nrfx_flag32_free
 .text.nrfx_gppi_conn_alloc
                0x0000000000006bfe       0x28 modules/hal_nordic/modules/hal_nordic/nrfx/libmodules__hal_nordic__nrfx.a(nrfx_gppi_dppi.c.obj)
                0x0000000000006bfe                nrfx_gppi_conn_alloc
 .text.nrfx_clock_start
                0x0000000000006c26       0x1e modules/hal_nordic/modules/hal_nordic/nrfx/libmodules__hal_nordic__nrfx.a(nrfx_clock.c.obj)
                0x0000000000006c26                nrfx_clock_start
 .text.nrfx_clock_stop
                0x0000000000006c44       0x1e modules/hal_nordic/modules/hal_nordic/nrfx/libmodules__hal_nordic__nrfx.a(nrfx_clock.c.obj)
                0x0000000000006c44                nrfx_clock_stop
 .text.CLOCK_POWER_IRQHandler
                0x0000000000006c62       0x16 modules/hal_nordic/modules/hal_nordic/nrfx/libmodules__hal_nordic__nrfx.a(nrfx_clock.c.obj)
                0x0000000000006c62                CLOCK_POWER_IRQHandler
 .text.clock_stop
                0x0000000000006c78       0x38 modules/hal_nordic/modules/hal_nordic/nrfx/libmodules__hal_nordic__nrfx.a(nrfx_clock_hfclk.c.obj)
 .text.nrfx_clock_hfclk_stop
                0x0000000000006cb0        0x4 modules/hal_nordic/modules/hal_nordic/nrfx/libmodules__hal_nordic__nrfx.a(nrfx_clock_hfclk.c.obj)
                0x0000000000006cb0                nrfx_clock_hfclk_stop
 .text.clock_stop
                0x0000000000006cb4       0x34 modules/hal_nordic/modules/hal_nordic/nrfx/libmodules__hal_nordic__nrfx.a(nrfx_clock_hfclkaudio.c.obj)
 .text.nrfx_clock_hfclkaudio_stop
                0x0000000000006ce8        0x4 modules/hal_nordic/modules/hal_nordic/nrfx/libmodules__hal_nordic__nrfx.a(nrfx_clock_hfclkaudio.c.obj)
                0x0000000000006ce8                nrfx_clock_hfclkaudio_stop
 .text.clock_stop
                0x0000000000006cec       0x34 modules/hal_nordic/modules/hal_nordic/nrfx/libmodules__hal_nordic__nrfx.a(nrfx_clock_hfclk192m.c.obj)
 .text.nrfx_clock_hfclk192m_stop
                0x0000000000006d20        0x4 modules/hal_nordic/modules/hal_nordic/nrfx/libmodules__hal_nordic__nrfx.a(nrfx_clock_hfclk192m.c.obj)
                0x0000000000006d20                nrfx_clock_hfclk192m_stop
 .text.clock_stop
                0x0000000000006d24       0x32 modules/hal_nordic/modules/hal_nordic/nrfx/libmodules__hal_nordic__nrfx.a(nrfx_clock_lfclk.c.obj)
 .text.nrfx_clock_lfclk_stop
                0x0000000000006d56        0x4 modules/hal_nordic/modules/hal_nordic/nrfx/libmodules__hal_nordic__nrfx.a(nrfx_clock_lfclk.c.obj)
                0x0000000000006d56                nrfx_clock_lfclk_stop
 .text.nrf_gpio_reconfigure
                0x0000000000006d5a       0x92 modules/hal_nordic/modules/hal_nordic/nrfx/libmodules__hal_nordic__nrfx.a(nrfx_gpiote.c.obj)
 .text.nrf_gpio_cfg_sense_set
                0x0000000000006dec       0x1e modules/hal_nordic/modules/hal_nordic/nrfx/libmodules__hal_nordic__nrfx.a(nrfx_gpiote.c.obj)
 .text.pin_in_use_by_te
                0x0000000000006e0a       0x16 modules/hal_nordic/modules/hal_nordic/nrfx/libmodules__hal_nordic__nrfx.a(nrfx_gpiote.c.obj)
 .text.pin_is_output
                0x0000000000006e20       0x16 modules/hal_nordic/modules/hal_nordic/nrfx/libmodules__hal_nordic__nrfx.a(nrfx_gpiote.c.obj)
 .text.pin_te_get
                0x0000000000006e36       0x14 modules/hal_nordic/modules/hal_nordic/nrfx/libmodules__hal_nordic__nrfx.a(nrfx_gpiote.c.obj)
 .text.call_handler
                0x0000000000006e4a       0x3e modules/hal_nordic/modules/hal_nordic/nrfx/libmodules__hal_nordic__nrfx.a(nrfx_gpiote.c.obj)
 .text.release_handler
                0x0000000000006e88       0x54 modules/hal_nordic/modules/hal_nordic/nrfx/libmodules__hal_nordic__nrfx.a(nrfx_gpiote.c.obj)
 .text.__nrfy_internal_gpiote_events_process
                0x0000000000006edc       0x4e modules/hal_nordic/modules/hal_nordic/nrfx/libmodules__hal_nordic__nrfx.a(nrfx_gpiote.c.obj)
 .text.pin_trigger_disable
                0x0000000000006f2a       0x46 modules/hal_nordic/modules/hal_nordic/nrfx/libmodules__hal_nordic__nrfx.a(nrfx_gpiote.c.obj)
 .text.nrfx_gpiote_input_configure
                0x0000000000006f70      0x170 modules/hal_nordic/modules/hal_nordic/nrfx/libmodules__hal_nordic__nrfx.a(nrfx_gpiote.c.obj)
                0x0000000000006f70                nrfx_gpiote_input_configure
 .text.nrfx_gpiote_output_configure
                0x00000000000070e0       0xf2 modules/hal_nordic/modules/hal_nordic/nrfx/libmodules__hal_nordic__nrfx.a(nrfx_gpiote.c.obj)
                0x00000000000070e0                nrfx_gpiote_output_configure
 .text.nrfx_gpiote_global_callback_set
                0x00000000000071d2        0x6 modules/hal_nordic/modules/hal_nordic/nrfx/libmodules__hal_nordic__nrfx.a(nrfx_gpiote.c.obj)
                0x00000000000071d2                nrfx_gpiote_global_callback_set
 .text.nrfx_gpiote_channel_get
                0x00000000000071d8       0x26 modules/hal_nordic/modules/hal_nordic/nrfx/libmodules__hal_nordic__nrfx.a(nrfx_gpiote.c.obj)
                0x00000000000071d8                nrfx_gpiote_channel_get
 .text.nrfx_gpiote_init_check
                0x00000000000071fe        0xc modules/hal_nordic/modules/hal_nordic/nrfx/libmodules__hal_nordic__nrfx.a(nrfx_gpiote.c.obj)
                0x00000000000071fe                nrfx_gpiote_init_check
 .text.nrfx_gpiote_pin_uninit
                0x000000000000720a        0x4 modules/hal_nordic/modules/hal_nordic/nrfx/libmodules__hal_nordic__nrfx.a(nrfx_gpiote.c.obj)
                0x000000000000720a                nrfx_gpiote_pin_uninit
 .text.nrfx_gpiote_trigger_enable
                0x000000000000720e       0xa4 modules/hal_nordic/modules/hal_nordic/nrfx/libmodules__hal_nordic__nrfx.a(nrfx_gpiote.c.obj)
                0x000000000000720e                nrfx_gpiote_trigger_enable
 .text.nrfx_gpiote_trigger_disable
                0x00000000000072b2        0x4 modules/hal_nordic/modules/hal_nordic/nrfx/libmodules__hal_nordic__nrfx.a(nrfx_gpiote.c.obj)
                0x00000000000072b2                nrfx_gpiote_trigger_disable
 .text.z_impl_k_busy_wait
                0x00000000000072b6        0x8 zephyr/kernel/libkernel.a(busy_wait.c.obj)
                0x00000000000072b6                z_impl_k_busy_wait
 .text.do_device_init
                0x00000000000072be       0x30 zephyr/kernel/libkernel.a(device.c.obj)
                0x00000000000072be                do_device_init
 .text.z_impl_device_is_ready
                0x00000000000072ee       0x16 zephyr/kernel/libkernel.a(device.c.obj)
                0x00000000000072ee                z_impl_device_is_ready
 .text.arch_system_halt
                0x0000000000007304       0x10 zephyr/kernel/libkernel.a(fatal.c.obj)
                0x0000000000007304                arch_system_halt
 .text.create_free_list
                0x0000000000007314       0x34 zephyr/kernel/libkernel.a(mem_slab.c.obj)
 .text.k_mem_slab_init
                0x0000000000007348       0x1c zephyr/kernel/libkernel.a(mem_slab.c.obj)
                0x0000000000007348                k_mem_slab_init
 .text.k_mem_slab_free
                0x0000000000007364       0x70 zephyr/kernel/libkernel.a(mem_slab.c.obj)
                0x0000000000007364                k_mem_slab_free
 .text.idle     0x00000000000073d4       0x16 zephyr/kernel/libkernel.a(idle.c.obj)
                0x00000000000073d4                idle
 .text.adjust_owner_prio.isra.0
                0x00000000000073ea       0x10 zephyr/kernel/libkernel.a(mutex.c.obj)
 .text.z_impl_k_mutex_init
                0x00000000000073fa        0xe zephyr/kernel/libkernel.a(mutex.c.obj)
                0x00000000000073fa                z_impl_k_mutex_init
 .text.z_impl_k_sem_init
                0x0000000000007408       0x18 zephyr/kernel/libkernel.a(sem.c.obj)
                0x0000000000007408                z_impl_k_sem_init
 .text.k_is_in_isr
                0x0000000000007420        0xc zephyr/kernel/libkernel.a(thread.c.obj)
                0x0000000000007420                k_is_in_isr
 .text.k_thread_name_get
                0x000000000000742c        0x4 zephyr/kernel/libkernel.a(thread.c.obj)
                0x000000000000742c                k_thread_name_get
 .text.sys_dlist_remove
                0x0000000000007430       0x10 zephyr/kernel/libkernel.a(sched.c.obj)
 .text.unpend_thread_no_timeout
                0x0000000000007440       0x14 zephyr/kernel/libkernel.a(sched.c.obj)
 .text.add_to_waitq_locked
                0x0000000000007454       0x50 zephyr/kernel/libkernel.a(sched.c.obj)
 .text.z_ready_thread
                0x00000000000074a4       0x1e zephyr/kernel/libkernel.a(sched.c.obj)
                0x00000000000074a4                z_ready_thread
 .text.z_unpend_thread_no_timeout
                0x00000000000074c2       0x22 zephyr/kernel/libkernel.a(sched.c.obj)
                0x00000000000074c2                z_unpend_thread_no_timeout
 .text.z_sched_wake_thread
                0x00000000000074e4       0x3a zephyr/kernel/libkernel.a(sched.c.obj)
                0x00000000000074e4                z_sched_wake_thread
 .text.z_thread_timeout
                0x000000000000751e        0x8 zephyr/kernel/libkernel.a(sched.c.obj)
                0x000000000000751e                z_thread_timeout
 .text.z_unpend1_no_timeout
                0x0000000000007526       0x2c zephyr/kernel/libkernel.a(sched.c.obj)
                0x0000000000007526                z_unpend1_no_timeout
 .text.z_impl_k_sleep
                0x0000000000007552       0x4e zephyr/kernel/libkernel.a(sched.c.obj)
                0x0000000000007552                z_impl_k_sleep
 .text.next_timeout
                0x00000000000075a0       0x2e zephyr/kernel/libkernel.a(timeout.c.obj)
 .text.z_abort_timeout
                0x00000000000075ce       0x50 zephyr/kernel/libkernel.a(timeout.c.obj)
                0x00000000000075ce                z_abort_timeout
 .text.sys_clock_tick_get_32
                0x000000000000761e        0x8 zephyr/kernel/libkernel.a(timeout.c.obj)
                0x000000000000761e                sys_clock_tick_get_32
 .text.z_impl_k_uptime_ticks
                0x0000000000007626        0x4 zephyr/kernel/libkernel.a(timeout.c.obj)
                0x0000000000007626                z_impl_k_uptime_ticks
 .text.k_timer_init
                0x000000000000762a       0x18 zephyr/kernel/libkernel.a(timer.c.obj)
                0x000000000000762a                k_timer_init
 .text.z_impl_k_timer_stop
                0x0000000000007642       0x38 zephyr/kernel/libkernel.a(timer.c.obj)
                0x0000000000007642                z_impl_k_timer_stop
 .text.memcpy   0x000000000000767a       0x1a c:\ncs\toolchains\c717907b94\opt\zephyr-sdk\arm-zephyr-eabi\bin\../lib/gcc/../../picolibc/arm-zephyr-eabi/lib/thumb/v8-m.main/nofp\libc.a(memcpy.c.o)
                0x000000000000767a                __aeabi_memcpy
                0x000000000000767a                __aeabi_memcpy4
                0x000000000000767a                __aeabi_memcpy8
                0x000000000000767a                memcpy
 .text.memset   0x0000000000007694       0x10 c:\ncs\toolchains\c717907b94\opt\zephyr-sdk\arm-zephyr-eabi\bin\../lib/gcc/../../picolibc/arm-zephyr-eabi/lib/thumb/v8-m.main/nofp\libc.a(memset.c.o)
                0x0000000000007694                memset
 .text.strncpy  0x00000000000076a4       0x20 c:\ncs\toolchains\c717907b94\opt\zephyr-sdk\arm-zephyr-eabi\bin\../lib/gcc/../../picolibc/arm-zephyr-eabi/lib/thumb/v8-m.main/nofp\libc.a(libc_string_strncpy.c.o)
                0x00000000000076a4                strncpy
 .text.strnlen  0x00000000000076c4       0x18 c:\ncs\toolchains\c717907b94\opt\zephyr-sdk\arm-zephyr-eabi\bin\../lib/gcc/../../picolibc/arm-zephyr-eabi/lib/thumb/v8-m.main/nofp\libc.a(libc_string_strnlen.c.o)
                0x00000000000076c4                strnlen
 .text.__ultoa_invert
                0x00000000000076dc       0xac c:\ncs\toolchains\c717907b94\opt\zephyr-sdk\arm-zephyr-eabi\bin\../lib/gcc/../../picolibc/arm-zephyr-eabi/lib/thumb/v8-m.main/nofp\libc.a(libc_tinystdio_vflprintf.c.o)
 .text.__file_str_put
                0x0000000000007788       0x10 c:\ncs\toolchains\c717907b94\opt\zephyr-sdk\arm-zephyr-eabi\bin\../lib/gcc/../../picolibc/arm-zephyr-eabi/lib/thumb/v8-m.main/nofp\libc.a(libc_tinystdio_filestrput.c.o)
                0x0000000000007788                __file_str_put
 *(SORT_BY_ALIGNMENT(.TEXT.*))
 .TEXT.__aeabi_read_tp
                0x0000000000007798        0xc zephyr/arch/arch/arm/core/cortex_m/libarch__arm__core__cortex_m.a(__aeabi_read_tp.S.obj)
                0x0000000000007798                __aeabi_read_tp
 *(SORT_BY_ALIGNMENT(.gnu.linkonce.t.*))
 *(SORT_BY_ALIGNMENT(.glue_7t))
 .glue_7t       0x00000000000077a4        0x0 linker stubs
 *(SORT_BY_ALIGNMENT(.glue_7))
 .glue_7        0x00000000000077a4        0x0 linker stubs
 *(SORT_BY_ALIGNMENT(.vfp11_veneer))
 .vfp11_veneer  0x00000000000077a4        0x0 linker stubs
 *(SORT_BY_ALIGNMENT(.v4_bx))
 .v4_bx         0x00000000000077a4        0x0 linker stubs
                0x00000000000077a4                . = ALIGN (0x4)
                0x00000000000077a4                __text_region_end = .

.ARM.exidx      0x00000000000077a4        0x8
                0x00000000000077a4                __exidx_start = .
 *(SORT_BY_ALIGNMENT(.ARM.exidx*) SORT_BY_ALIGNMENT(gnu.linkonce.armexidx.*))
 .ARM.exidx     0x00000000000077a4        0x8 c:\ncs\toolchains\c717907b94\opt\zephyr-sdk\arm-zephyr-eabi\bin\../lib/gcc/../../picolibc/arm-zephyr-eabi/lib/thumb/v8-m.main/nofp\libc.a(strlen.S.o)
                0x00000000000077ac                __exidx_end = .
                0x00000000000077ac                __rodata_region_start = .

initlevel       0x00000000000077ac       0x60
                0x00000000000077ac                __init_start = .
                0x00000000000077ac                __init_EARLY_start = .
 *(SORT_BY_NAME(SORT_BY_ALIGNMENT(.z_init_EARLY_P_?_*)))
 *(SORT_BY_NAME(SORT_BY_ALIGNMENT(.z_init_EARLY_P_??_*)))
 *(SORT_BY_NAME(SORT_BY_ALIGNMENT(.z_init_EARLY_P_???_*)))
                0x00000000000077ac                __init_PRE_KERNEL_1_start = .
 *(SORT_BY_NAME(SORT_BY_ALIGNMENT(.z_init_PRE_KERNEL_1_P_?_*)))
 .z_init_PRE_KERNEL_1_P_0_SUB_0_
                0x00000000000077ac        0x8 zephyr/soc/soc/nrf5340/libsoc__nordic.a(gppi_init.c.obj)
 *(SORT_BY_NAME(SORT_BY_ALIGNMENT(.z_init_PRE_KERNEL_1_P_??_*)))
 .z_init_PRE_KERNEL_1_P_30_SUB_00079_
                0x00000000000077b4        0x8 zephyr/drivers/clock_control/libdrivers__clock_control.a(clock_control_nrf.c.obj)
 .z_init_PRE_KERNEL_1_P_30_SUB_0_
                0x00000000000077bc        0x8 zephyr/kernel/libkernel.a(mem_slab.c.obj)
 .z_init_PRE_KERNEL_1_P_40_SUB_00012_
                0x00000000000077c4        0x8 zephyr/drivers/gpio/libdrivers__gpio.a(gpio_nrfx.c.obj)
 .z_init_PRE_KERNEL_1_P_40_SUB_00033_
                0x00000000000077cc        0x8 zephyr/drivers/gpio/libdrivers__gpio.a(gpio_nrfx.c.obj)
 .z_init_PRE_KERNEL_1_P_40_SUB_0_
                0x00000000000077d4        0x8 modules/nrf/drivers/hw_cc3xx/lib..__nrf__drivers__hw_cc3xx.a(hw_cc3xx.c.obj)
 .z_init_PRE_KERNEL_1_P_50_SUB_00116_
                0x00000000000077dc        0x8 zephyr/drivers/serial/libdrivers__serial.a(uart_nrfx_uarte.c.obj)
 .z_init_PRE_KERNEL_1_P_60_SUB_0_
                0x00000000000077e4        0x8 zephyr/drivers/console/libdrivers__console.a(uart_console.c.obj)
 *(SORT_BY_NAME(SORT_BY_ALIGNMENT(.z_init_PRE_KERNEL_1_P_???_*)))
                0x00000000000077ec                __init_PRE_KERNEL_2_start = .
 *(SORT_BY_NAME(SORT_BY_ALIGNMENT(.z_init_PRE_KERNEL_2_P_?_*)))
 .z_init_PRE_KERNEL_2_P_0_SUB_0_
                0x00000000000077ec        0x8 zephyr/drivers/timer/libdrivers__timer.a(nrf_rtc_timer.c.obj)
 *(SORT_BY_NAME(SORT_BY_ALIGNMENT(.z_init_PRE_KERNEL_2_P_??_*)))
 *(SORT_BY_NAME(SORT_BY_ALIGNMENT(.z_init_PRE_KERNEL_2_P_???_*)))
                0x00000000000077f4                __init_POST_KERNEL_start = .
 *(SORT_BY_NAME(SORT_BY_ALIGNMENT(.z_init_POST_KERNEL_P_?_*)))
 .z_init_POST_KERNEL_P_0_SUB_0_
                0x00000000000077f4        0x8 zephyr/libzephyr.a(log_core.c.obj)
 *(SORT_BY_NAME(SORT_BY_ALIGNMENT(.z_init_POST_KERNEL_P_??_*)))
 .z_init_POST_KERNEL_P_35_SUB_0_
                0x00000000000077fc        0x8 zephyr/lib/libc/common/liblib__libc__common.a(malloc.c.obj)
 .z_init_POST_KERNEL_P_40_SUB_0_
                0x0000000000007804        0x8 modules/nrf/drivers/hw_cc3xx/lib..__nrf__drivers__hw_cc3xx.a(hw_cc3xx.c.obj)
 *(SORT_BY_NAME(SORT_BY_ALIGNMENT(.z_init_POST_KERNEL_P_???_*)))
                0x000000000000780c                __init_APPLICATION_start = .
 *(SORT_BY_NAME(SORT_BY_ALIGNMENT(.z_init_APPLICATION_P_?_*)))
 *(SORT_BY_NAME(SORT_BY_ALIGNMENT(.z_init_APPLICATION_P_??_*)))
 *(SORT_BY_NAME(SORT_BY_ALIGNMENT(.z_init_APPLICATION_P_???_*)))
                0x000000000000780c                __init_SMP_start = .
 *(SORT_BY_NAME(SORT_BY_ALIGNMENT(.z_init_SMP_P_?_*)))
 *(SORT_BY_NAME(SORT_BY_ALIGNMENT(.z_init_SMP_P_??_*)))
 *(SORT_BY_NAME(SORT_BY_ALIGNMENT(.z_init_SMP_P_???_*)))
                0x000000000000780c                __init_end = .

device_area     0x000000000000780c       0x80
                0x000000000000780c                _device_list_start = .
 *(SORT_BY_NAME(SORT_BY_ALIGNMENT(._device.static.*_?_*)))
 *(SORT_BY_NAME(SORT_BY_ALIGNMENT(._device.static.*_??_*)))
 ._device.static.1_30_
                0x000000000000780c       0x20 zephyr/drivers/clock_control/libdrivers__clock_control.a(clock_control_nrf.c.obj)
                0x000000000000780c                __device_dts_ord_79
 ._device.static.1_40_
                0x000000000000782c       0x40 zephyr/drivers/gpio/libdrivers__gpio.a(gpio_nrfx.c.obj)
                0x000000000000782c                __device_dts_ord_33
                0x000000000000784c                __device_dts_ord_12
 ._device.static.1_50_
                0x000000000000786c       0x20 zephyr/drivers/serial/libdrivers__serial.a(uart_nrfx_uarte.c.obj)
                0x000000000000786c                __device_dts_ord_116
 *(SORT_BY_NAME(SORT_BY_ALIGNMENT(._device.static.*_???_*)))
 *(SORT_BY_NAME(SORT_BY_ALIGNMENT(._device.static.*_????_*)))
 *(SORT_BY_NAME(SORT_BY_ALIGNMENT(._device.static.*_?????_*)))
                0x000000000000788c                _device_list_end = .

sw_isr_table    0x000000000000788c      0x228
                0x000000000000788c                . = ALIGN (0x4)
 *(SORT_BY_ALIGNMENT(.gnu.linkonce.sw_isr_table*))
 .gnu.linkonce.sw_isr_table
                0x000000000000788c      0x228 zephyr/arch/common/libisr_tables.a(isr_tables.c.obj)
                0x000000000000788c                _sw_isr_table

initlevel_error
                0x00000000000077ac        0x0
 *(SORT_BY_NAME(SORT_BY_ALIGNMENT(.z_init_*)))
                0x0000000000000001                ASSERT ((SIZEOF (initlevel_error) == 0x0), Undefined initialization levels used.)

app_shmem_regions
                0x0000000000007ab4        0x0
                0x0000000000007ab4                __app_shmem_regions_start = .
 *(SORT_BY_NAME(SORT_BY_ALIGNMENT(.app_regions.*)))
                0x0000000000007ab4                __app_shmem_regions_end = .

k_p4wq_initparam_area
                0x0000000000007ab4        0x0
                0x0000000000007ab4                _k_p4wq_initparam_list_start = .
 *(SORT_BY_NAME(SORT_BY_ALIGNMENT(._k_p4wq_initparam.static.*)))
                0x0000000000007ab4                _k_p4wq_initparam_list_end = .

_static_thread_data_area
                0x0000000000007ab4        0x0
                0x0000000000007ab4                __static_thread_data_list_start = .
 *(SORT_BY_NAME(SORT_BY_ALIGNMENT(.__static_thread_data.static.*)))
                0x0000000000007ab4                __static_thread_data_list_end = .

device_deps     0x0000000000007ab4        0x0
                0x0000000000007ab4                __device_deps_start = .
 *(SORT_BY_NAME(SORT_BY_ALIGNMENT(.__device_deps_pass2*)))
                0x0000000000007ab4                __device_deps_end = .

gpio_driver_api_area
                0x0000000000007ab4       0x24
                0x0000000000007ab4                _gpio_driver_api_list_start = .
 *(SORT_BY_NAME(SORT_BY_ALIGNMENT(._gpio_driver_api.static.*)))
 ._gpio_driver_api.static.gpio_nrfx_drv_api_funcs_
                0x0000000000007ab4       0x24 zephyr/drivers/gpio/libdrivers__gpio.a(gpio_nrfx.c.obj)
                0x0000000000007ad8                _gpio_driver_api_list_end = .

shared_irq_driver_api_area
                0x0000000000007ad8        0x0
                0x0000000000007ad8                _shared_irq_driver_api_list_start = .
 *(SORT_BY_NAME(SORT_BY_ALIGNMENT(._shared_irq_driver_api.static.*)))
                0x0000000000007ad8                _shared_irq_driver_api_list_end = .

crypto_driver_api_area
                0x0000000000007ad8        0x0
                0x0000000000007ad8                _crypto_driver_api_list_start = .
 *(SORT_BY_NAME(SORT_BY_ALIGNMENT(._crypto_driver_api.static.*)))
                0x0000000000007ad8                _crypto_driver_api_list_end = .

adc_driver_api_area
                0x0000000000007ad8        0x0
                0x0000000000007ad8                _adc_driver_api_list_start = .
 *(SORT_BY_NAME(SORT_BY_ALIGNMENT(._adc_driver_api.static.*)))
                0x0000000000007ad8                _adc_driver_api_list_end = .

auxdisplay_driver_api_area
                0x0000000000007ad8        0x0
                0x0000000000007ad8                _auxdisplay_driver_api_list_start = .
 *(SORT_BY_NAME(SORT_BY_ALIGNMENT(._auxdisplay_driver_api.static.*)))
                0x0000000000007ad8                _auxdisplay_driver_api_list_end = .

bbram_driver_api_area
                0x0000000000007ad8        0x0
                0x0000000000007ad8                _bbram_driver_api_list_start = .
 *(SORT_BY_NAME(SORT_BY_ALIGNMENT(._bbram_driver_api.static.*)))
                0x0000000000007ad8                _bbram_driver_api_list_end = .

bt_hci_driver_api_area
                0x0000000000007ad8        0x0
                0x0000000000007ad8                _bt_hci_driver_api_list_start = .
 *(SORT_BY_NAME(SORT_BY_ALIGNMENT(._bt_hci_driver_api.static.*)))
                0x0000000000007ad8                _bt_hci_driver_api_list_end = .

can_driver_api_area
                0x0000000000007ad8        0x0
                0x0000000000007ad8                _can_driver_api_list_start = .
 *(SORT_BY_NAME(SORT_BY_ALIGNMENT(._can_driver_api.static.*)))
                0x0000000000007ad8                _can_driver_api_list_end = .

cellular_driver_api_area
                0x0000000000007ad8        0x0
                0x0000000000007ad8                _cellular_driver_api_list_start = .
 *(SORT_BY_NAME(SORT_BY_ALIGNMENT(._cellular_driver_api.static.*)))
                0x0000000000007ad8                _cellular_driver_api_list_end = .

charger_driver_api_area
                0x0000000000007ad8        0x0
                0x0000000000007ad8                _charger_driver_api_list_start = .
 *(SORT_BY_NAME(SORT_BY_ALIGNMENT(._charger_driver_api.static.*)))
                0x0000000000007ad8                _charger_driver_api_list_end = .

clock_control_driver_api_area
                0x0000000000007ad8       0x1c
                0x0000000000007ad8                _clock_control_driver_api_list_start = .
 *(SORT_BY_NAME(SORT_BY_ALIGNMENT(._clock_control_driver_api.static.*)))
 ._clock_control_driver_api.static.clock_control_api_
                0x0000000000007ad8       0x1c zephyr/drivers/clock_control/libdrivers__clock_control.a(clock_control_nrf.c.obj)
                0x0000000000007af4                _clock_control_driver_api_list_end = .

comparator_driver_api_area
                0x0000000000007af4        0x0
                0x0000000000007af4                _comparator_driver_api_list_start = .
 *(SORT_BY_NAME(SORT_BY_ALIGNMENT(._comparator_driver_api.static.*)))
                0x0000000000007af4                _comparator_driver_api_list_end = .

coredump_driver_api_area
                0x0000000000007af4        0x0
                0x0000000000007af4                _coredump_driver_api_list_start = .
 *(SORT_BY_NAME(SORT_BY_ALIGNMENT(._coredump_driver_api.static.*)))
                0x0000000000007af4                _coredump_driver_api_list_end = .

counter_driver_api_area
                0x0000000000007af4        0x0
                0x0000000000007af4                _counter_driver_api_list_start = .
 *(SORT_BY_NAME(SORT_BY_ALIGNMENT(._counter_driver_api.static.*)))
                0x0000000000007af4                _counter_driver_api_list_end = .

crc_driver_api_area
                0x0000000000007af4        0x0
                0x0000000000007af4                _crc_driver_api_list_start = .
 *(SORT_BY_NAME(SORT_BY_ALIGNMENT(._crc_driver_api.static.*)))
                0x0000000000007af4                _crc_driver_api_list_end = .

dac_driver_api_area
                0x0000000000007af4        0x0
                0x0000000000007af4                _dac_driver_api_list_start = .
 *(SORT_BY_NAME(SORT_BY_ALIGNMENT(._dac_driver_api.static.*)))
                0x0000000000007af4                _dac_driver_api_list_end = .

dai_driver_api_area
                0x0000000000007af4        0x0
                0x0000000000007af4                _dai_driver_api_list_start = .
 *(SORT_BY_NAME(SORT_BY_ALIGNMENT(._dai_driver_api.static.*)))
                0x0000000000007af4                _dai_driver_api_list_end = .

display_driver_api_area
                0x0000000000007af4        0x0
                0x0000000000007af4                _display_driver_api_list_start = .
 *(SORT_BY_NAME(SORT_BY_ALIGNMENT(._display_driver_api.static.*)))
                0x0000000000007af4                _display_driver_api_list_end = .

dma_driver_api_area
                0x0000000000007af4        0x0
                0x0000000000007af4                _dma_driver_api_list_start = .
 *(SORT_BY_NAME(SORT_BY_ALIGNMENT(._dma_driver_api.static.*)))
                0x0000000000007af4                _dma_driver_api_list_end = .

edac_driver_api_area
                0x0000000000007af4        0x0
                0x0000000000007af4                _edac_driver_api_list_start = .
 *(SORT_BY_NAME(SORT_BY_ALIGNMENT(._edac_driver_api.static.*)))
                0x0000000000007af4                _edac_driver_api_list_end = .

eeprom_driver_api_area
                0x0000000000007af4        0x0
                0x0000000000007af4                _eeprom_driver_api_list_start = .
 *(SORT_BY_NAME(SORT_BY_ALIGNMENT(._eeprom_driver_api.static.*)))
                0x0000000000007af4                _eeprom_driver_api_list_end = .

emul_bbram_driver_api_area
                0x0000000000007af4        0x0
                0x0000000000007af4                _emul_bbram_driver_api_list_start = .
 *(SORT_BY_NAME(SORT_BY_ALIGNMENT(._emul_bbram_driver_api.static.*)))
                0x0000000000007af4                _emul_bbram_driver_api_list_end = .

fuel_gauge_emul_driver_api_area
                0x0000000000007af4        0x0
                0x0000000000007af4                _fuel_gauge_emul_driver_api_list_start = .
 *(SORT_BY_NAME(SORT_BY_ALIGNMENT(._fuel_gauge_emul_driver_api.static.*)))
                0x0000000000007af4                _fuel_gauge_emul_driver_api_list_end = .

emul_sensor_driver_api_area
                0x0000000000007af4        0x0
                0x0000000000007af4                _emul_sensor_driver_api_list_start = .
 *(SORT_BY_NAME(SORT_BY_ALIGNMENT(._emul_sensor_driver_api.static.*)))
                0x0000000000007af4                _emul_sensor_driver_api_list_end = .

entropy_driver_api_area
                0x0000000000007af4        0x0
                0x0000000000007af4                _entropy_driver_api_list_start = .
 *(SORT_BY_NAME(SORT_BY_ALIGNMENT(._entropy_driver_api.static.*)))
                0x0000000000007af4                _entropy_driver_api_list_end = .

espi_driver_api_area
                0x0000000000007af4        0x0
                0x0000000000007af4                _espi_driver_api_list_start = .
 *(SORT_BY_NAME(SORT_BY_ALIGNMENT(._espi_driver_api.static.*)))
                0x0000000000007af4                _espi_driver_api_list_end = .

espi_saf_driver_api_area
                0x0000000000007af4        0x0
                0x0000000000007af4                _espi_saf_driver_api_list_start = .
 *(SORT_BY_NAME(SORT_BY_ALIGNMENT(._espi_saf_driver_api.static.*)))
                0x0000000000007af4                _espi_saf_driver_api_list_end = .

flash_driver_api_area
                0x0000000000007af4        0x0
                0x0000000000007af4                _flash_driver_api_list_start = .
 *(SORT_BY_NAME(SORT_BY_ALIGNMENT(._flash_driver_api.static.*)))
                0x0000000000007af4                _flash_driver_api_list_end = .

fpga_driver_api_area
                0x0000000000007af4        0x0
                0x0000000000007af4                _fpga_driver_api_list_start = .
 *(SORT_BY_NAME(SORT_BY_ALIGNMENT(._fpga_driver_api.static.*)))
                0x0000000000007af4                _fpga_driver_api_list_end = .

fuel_gauge_driver_api_area
                0x0000000000007af4        0x0
                0x0000000000007af4                _fuel_gauge_driver_api_list_start = .
 *(SORT_BY_NAME(SORT_BY_ALIGNMENT(._fuel_gauge_driver_api.static.*)))
                0x0000000000007af4                _fuel_gauge_driver_api_list_end = .

gnss_driver_api_area
                0x0000000000007af4        0x0
                0x0000000000007af4                _gnss_driver_api_list_start = .
 *(SORT_BY_NAME(SORT_BY_ALIGNMENT(._gnss_driver_api.static.*)))
                0x0000000000007af4                _gnss_driver_api_list_end = .

haptics_driver_api_area
                0x0000000000007af4        0x0
                0x0000000000007af4                _haptics_driver_api_list_start = .
 *(SORT_BY_NAME(SORT_BY_ALIGNMENT(._haptics_driver_api.static.*)))
                0x0000000000007af4                _haptics_driver_api_list_end = .

hwspinlock_driver_api_area
                0x0000000000007af4        0x0
                0x0000000000007af4                _hwspinlock_driver_api_list_start = .
 *(SORT_BY_NAME(SORT_BY_ALIGNMENT(._hwspinlock_driver_api.static.*)))
                0x0000000000007af4                _hwspinlock_driver_api_list_end = .

i2c_driver_api_area
                0x0000000000007af4        0x0
                0x0000000000007af4                _i2c_driver_api_list_start = .
 *(SORT_BY_NAME(SORT_BY_ALIGNMENT(._i2c_driver_api.static.*)))
                0x0000000000007af4                _i2c_driver_api_list_end = .

i2c_target_driver_api_area
                0x0000000000007af4        0x0
                0x0000000000007af4                _i2c_target_driver_api_list_start = .
 *(SORT_BY_NAME(SORT_BY_ALIGNMENT(._i2c_target_driver_api.static.*)))
                0x0000000000007af4                _i2c_target_driver_api_list_end = .

i2s_driver_api_area
                0x0000000000007af4        0x0
                0x0000000000007af4                _i2s_driver_api_list_start = .
 *(SORT_BY_NAME(SORT_BY_ALIGNMENT(._i2s_driver_api.static.*)))
                0x0000000000007af4                _i2s_driver_api_list_end = .

i3c_driver_api_area
                0x0000000000007af4        0x0
                0x0000000000007af4                _i3c_driver_api_list_start = .
 *(SORT_BY_NAME(SORT_BY_ALIGNMENT(._i3c_driver_api.static.*)))