Archive member included to satisfy reference by file (symbol)

app/libapp.a(main.c.obj)      (--whole-archive)
zephyr/libzephyr.a(validate_libc.c.obj)
                              (--whole-archive)
zephyr/libzephyr.a(heap.c.obj)
                              (--whole-archive)
zephyr/libzephyr.a(cbprintf_packaged.c.obj)
                              (--whole-archive)
zephyr/libzephyr.a(clock.c.obj)
                              (--whole-archive)
zephyr/libzephyr.a(printk.c.obj)
                              (--whole-archive)
zephyr/libzephyr.a(sem.c.obj)
                              (--whole-archive)
zephyr/libzephyr.a(thread_entry.c.obj)
                              (--whole-archive)
zephyr/libzephyr.a(cbprintf_complete.c.obj)
                              (--whole-archive)
zephyr/libzephyr.a(assert.c.obj)
                              (--whole-archive)
zephyr/libzephyr.a(dec.c.obj)
                              (--whole-archive)
zephyr/libzephyr.a(hex.c.obj)
                              (--whole-archive)
zephyr/libzephyr.a(rb.c.obj)  (--whole-archive)
zephyr/libzephyr.a(timeutil.c.obj)
                              (--whole-archive)
zephyr/libzephyr.a(bitarray.c.obj)
                              (--whole-archive)
zephyr/libzephyr.a(bitmask.c.obj)
                              (--whole-archive)
zephyr/libzephyr.a(onoff.c.obj)
                              (--whole-archive)
zephyr/libzephyr.a(notify.c.obj)
                              (--whole-archive)
zephyr/libzephyr.a(ring_buffer.c.obj)
                              (--whole-archive)
zephyr/libzephyr.a(last_section_id.c.obj)
                              (--whole-archive)
zephyr/libzephyr.a(configs.c.obj)
                              (--whole-archive)
zephyr/libzephyr.a(thread_info.c.obj)
                              (--whole-archive)
zephyr/libzephyr.a(mem_attr.c.obj)
                              (--whole-archive)
zephyr/libzephyr.a(tracing_none.c.obj)
                              (--whole-archive)
zephyr/libzephyr.a(banner.c.obj)
                              (--whole-archive)
zephyr/libzephyr.a(flash_map_partition_manager.c.obj)
                              (--whole-archive)
zephyr/libzephyr.a(nrf_cc3xx_platform_abort_zephyr.c.obj)
                              (--whole-archive)
zephyr/libzephyr.a(nrf_cc3xx_platform_mutex_zephyr.c.obj)
                              (--whole-archive)
zephyr/arch/common/libarch__common.a(sw_isr_common.c.obj)
                              (--whole-archive)
zephyr/arch/common/libarch__common.a(init.c.obj)
                              (--whole-archive)
zephyr/arch/common/libarch__common.a(xip.c.obj)
                              (--whole-archive)
zephyr/arch/arch/arm/core/libarch__arm__core.a(fatal.c.obj)
                              (--whole-archive)
zephyr/arch/arch/arm/core/libarch__arm__core.a(nmi.c.obj)
                              (--whole-archive)
zephyr/arch/arch/arm/core/libarch__arm__core.a(nmi_on_reset.S.obj)
                              (--whole-archive)
zephyr/arch/arch/arm/core/libarch__arm__core.a(tls.c.obj)
                              (--whole-archive)
zephyr/arch/arch/arm/core/cortex_m/libarch__arm__core__cortex_m.a(exc_exit.c.obj)
                              (--whole-archive)
zephyr/arch/arch/arm/core/cortex_m/libarch__arm__core__cortex_m.a(fault.c.obj)
                              (--whole-archive)
zephyr/arch/arch/arm/core/cortex_m/libarch__arm__core__cortex_m.a(fault_s.S.obj)
                              (--whole-archive)
zephyr/arch/arch/arm/core/cortex_m/libarch__arm__core__cortex_m.a(fpu.c.obj)
                              (--whole-archive)
zephyr/arch/arch/arm/core/cortex_m/libarch__arm__core__cortex_m.a(reset.S.obj)
                              (--whole-archive)
zephyr/arch/arch/arm/core/cortex_m/libarch__arm__core__cortex_m.a(scb.c.obj)
                              (--whole-archive)
zephyr/arch/arch/arm/core/cortex_m/libarch__arm__core__cortex_m.a(thread_abort.c.obj)
                              (--whole-archive)
zephyr/arch/arch/arm/core/cortex_m/libarch__arm__core__cortex_m.a(vector_table.S.obj)
                              (--whole-archive)
zephyr/arch/arch/arm/core/cortex_m/libarch__arm__core__cortex_m.a(swap_helper.S.obj)
                              (--whole-archive)
zephyr/arch/arch/arm/core/cortex_m/libarch__arm__core__cortex_m.a(irq_manage.c.obj)
                              (--whole-archive)
zephyr/arch/arch/arm/core/cortex_m/libarch__arm__core__cortex_m.a(prep_c.c.obj)
                              (--whole-archive)
zephyr/arch/arch/arm/core/cortex_m/libarch__arm__core__cortex_m.a(thread.c.obj)
                              (--whole-archive)
zephyr/arch/arch/arm/core/cortex_m/libarch__arm__core__cortex_m.a(cpu_idle.c.obj)
                              (--whole-archive)
zephyr/arch/arch/arm/core/cortex_m/libarch__arm__core__cortex_m.a(irq_init.c.obj)
                              (--whole-archive)
[...]
Memory Configuration

Name             Origin             Length             Attributes
FLASH            0x0000000000000000 0x0000000000100000 xr
RAM              0x0000000020000000 0x0000000000070000 xw
IDT_LIST         0x00000000ffff7fff 0x0000000000008000 xw
*default*        0x0000000000000000 0xffffffffffffffff

Linker script and memory map

                0x0000000000003e00                vfprintf = __l_vfprintf
                0x0000000000000000                vfscanf = __l_vfscanf
LOAD zephyr/CMakeFiles/zephyr_pre0.dir/misc/empty_file.c.obj
LOAD zephyr/CMakeFiles/offsets.dir/./arch/arm/core/offsets/offsets.c.obj
LOAD app/libapp.a
LOAD zephyr/libzephyr.a
LOAD zephyr/arch/common/libarch__common.a
LOAD zephyr/arch/arch/arm/core/libarch__arm__core.a
LOAD zephyr/arch/arch/arm/core/cortex_m/libarch__arm__core__cortex_m.a
LOAD zephyr/arch/arch/arm/core/cortex_m/cmse/libarch__arm__core__cortex_m__cmse.a
LOAD zephyr/arch/arch/arm/core/mpu/libarch__arm__core__mpu.a
LOAD zephyr/lib/libc/picolibc/liblib__libc__picolibc.a
LOAD zephyr/lib/libc/common/liblib__libc__common.a
LOAD zephyr/soc/soc/nrf5340/libsoc__nordic.a
LOAD zephyr/drivers/clock_control/libdrivers__clock_control.a
LOAD zephyr/drivers/console/libdrivers__console.a
LOAD zephyr/drivers/gpio/libdrivers__gpio.a
LOAD zephyr/drivers/pinctrl/libdrivers__pinctrl.a
LOAD zephyr/drivers/serial/libdrivers__serial.a
LOAD zephyr/drivers/timer/libdrivers__timer.a
LOAD modules/nrf/drivers/hw_cc3xx/lib..__nrf__drivers__hw_cc3xx.a
LOAD modules/hal_nordic/modules/hal_nordic/nrfx/libmodules__hal_nordic__nrfx.a
LOAD zephyr/kernel/libkernel.a
LOAD zephyr/arch/common/libisr_tables.a
LOAD C:/ncs/v3.2.3/nrfxlib/crypto/nrf_cc312_platform/lib/cortex-m33/soft-float/no-interrupts/libnrf_cc312_platform_0.9.19.a
LOAD c:\ncs\toolchains\c717907b94\opt\zephyr-sdk\arm-zephyr-eabi\bin\../lib/gcc/../../picolibc/arm-zephyr-eabi/lib/thumb/v8-m.main/nofp\libc.a
LOAD c:/ncs/toolchains/c717907b94/opt/zephyr-sdk/arm-zephyr-eabi/bin/../lib/gcc/arm-zephyr-eabi/12.2.0/thumb/v8-m.main/nofp\libgcc.a
                0x0000000000000020                _region_min_align = 0x20

.rel.plt        0x0000000000000000        0x0
 *(SORT_BY_ALIGNMENT(.rel.plt))
                [!provide]                        PROVIDE (__rel_iplt_start = .)
 *(SORT_BY_ALIGNMENT(.rel.iplt))
 .rel.iplt      0x0000000000000000        0x0 app/libapp.a(main.c.obj)
                [!provide]                        PROVIDE (__rel_iplt_end = .)

.rela.plt       0x0000000000000000        0x0
 *(SORT_BY_ALIGNMENT(.rela.plt))
                [!provide]                        PROVIDE (__rela_iplt_start = .)
 *(SORT_BY_ALIGNMENT(.rela.iplt))
                [!provide]                        PROVIDE (__rela_iplt_end = .)

.rel.dyn
 *(SORT_BY_ALIGNMENT(.rel.*))

.rela.dyn
 *(SORT_BY_ALIGNMENT(.rela.*))

/DISCARD/
 *(SORT_BY_ALIGNMENT(.plt))

/DISCARD/
 *(SORT_BY_ALIGNMENT(.iplt))
                0x0000000000000000                __rom_region_start = 0x0

rom_start       0x0000000000000000      0x154
                0x0000000000000000                __rom_start_address = .
 FILL mask 0x00
                0x0000000000000000                . = (. + (0x0 - (. - __rom_start_address)))
                0x0000000000000000                . = ALIGN (0x4)
                0x0000000000000000                . = ALIGN (0x80)
                0x0000000000000000                . = ALIGN (0x200)
                0x0000000000000000                _vector_start = .
 *(SORT_BY_ALIGNMENT(.exc_vector_table))
 *(SORT_BY_ALIGNMENT(.exc_vector_table.*))
 .exc_vector_table._vector_table_section
                0x0000000000000000       0x40 zephyr/arch/arch/arm/core/cortex_m/libarch__arm__core__cortex_m.a(vector_table.S.obj)
                0x0000000000000000                _vector_table
 *(SORT_BY_ALIGNMENT(.vectors))
                0x0000000000000154                _vector_end = .
                0x0000000000000040                . = ALIGN (0x4)
 *(SORT_BY_ALIGNMENT(.gnu.linkonce.irq_vector_table*))
 .gnu.linkonce.irq_vector_table
                0x0000000000000040      0x114 zephyr/arch/common/libisr_tables.a(isr_tables.c.obj)
                0x0000000000000040                _irq_vector_table
                0x0000000000000154                _vector_end = .

text            0x0000000000000154     0x551c
                0x0000000000000154                __text_region_start = .
 *(SORT_BY_ALIGNMENT(.text))
 *(SORT_BY_ALIGNMENT(.text.*))
 .text.thread0  0x0000000000000154       0x1c app/libapp.a(main.c.obj)
                0x0000000000000154                thread0
 .text.thread1  0x0000000000000170       0x1c app/libapp.a(main.c.obj)
                0x0000000000000170                thread1
 .text.char_out
                0x000000000000018c        0xc zephyr/libzephyr.a(printk.c.obj)
 .text.__printk_hook_install
                0x0000000000000198        0xc zephyr/libzephyr.a(printk.c.obj)
                0x0000000000000198                __printk_hook_install
 .text.vprintk  0x00000000000001a4       0x30 zephyr/libzephyr.a(printk.c.obj)
                0x00000000000001a4                vprintk
 .text.z_thread_entry
                0x00000000000001d4       0x34 zephyr/libzephyr.a(thread_entry.c.obj)
                0x00000000000001d4                z_thread_entry
 .text.process_event
                0x0000000000000208      0x21c zephyr/libzephyr.a(onoff.c.obj)
 .text.mem_attr_get_regions
                0x0000000000000424        0xc zephyr/libzephyr.a(mem_attr.c.obj)
                0x0000000000000424                mem_attr_get_regions
 .text.boot_banner
                0x0000000000000430       0x1c zephyr/libzephyr.a(banner.c.obj)
                0x0000000000000430                boot_banner
 .text.nrf_cc3xx_platform_abort_init
                0x000000000000044c        0xc zephyr/libzephyr.a(nrf_cc3xx_platform_abort_zephyr.c.obj)
                0x000000000000044c                nrf_cc3xx_platform_abort_init
 .text.mutex_free_platform
                0x0000000000000458       0x54 zephyr/libzephyr.a(nrf_cc3xx_platform_mutex_zephyr.c.obj)
 .text.mutex_lock_platform
                0x00000000000004ac       0x74 zephyr/libzephyr.a(nrf_cc3xx_platform_mutex_zephyr.c.obj)
 .text.mutex_unlock_platform
                0x0000000000000520       0x68 zephyr/libzephyr.a(nrf_cc3xx_platform_mutex_zephyr.c.obj)
 .text.mutex_init_platform
                0x0000000000000588       0x94 zephyr/libzephyr.a(nrf_cc3xx_platform_mutex_zephyr.c.obj)
 .text.nrf_cc3xx_platform_mutex_init
                0x000000000000061c       0x2c zephyr/libzephyr.a(nrf_cc3xx_platform_mutex_zephyr.c.obj)
                0x000000000000061c                nrf_cc3xx_platform_mutex_init
 .text.arch_bss_zero
                0x0000000000000648       0x18 zephyr/arch/common/libarch__common.a(init.c.obj)
                0x0000000000000648                arch_bss_zero
 .text.arch_data_copy
                0x0000000000000660       0x38 zephyr/arch/common/libarch__common.a(xip.c.obj)
                0x0000000000000660                arch_data_copy
 .text.z_arm_fatal_error
                0x0000000000000698       0x60 zephyr/arch/arch/arm/core/libarch__arm__core.a(fatal.c.obj)
                0x0000000000000698                z_arm_fatal_error
 .text.z_SysNmiOnReset
                0x00000000000006f8        0x8 zephyr/arch/arch/arm/core/libarch__arm__core.a(nmi_on_reset.S.obj)
                0x00000000000006f8                z_SysNmiOnReset
 .text.arch_tls_stack_setup
                0x0000000000000700       0x40 zephyr/arch/arch/arm/core/libarch__arm__core.a(tls.c.obj)
                0x0000000000000700                arch_tls_stack_setup
 .text._HandlerModeExit
                0x0000000000000740       0x20 zephyr/arch/arch/arm/core/cortex_m/libarch__arm__core__cortex_m.a(exc_exit.c.obj)
                0x0000000000000740                z_arm_int_exit
                0x0000000000000740                z_arm_exc_exit
 .text.usage_fault.constprop.0
                0x0000000000000760       0xa8 zephyr/arch/arch/arm/core/cortex_m/libarch__arm__core__cortex_m.a(fault.c.obj)
 .text.bus_fault.constprop.0
                0x0000000000000808       0xb8 zephyr/arch/arch/arm/core/cortex_m/libarch__arm__core__cortex_m.a(fault.c.obj)
 .text.mem_manage_fault.constprop.0
                0x00000000000008c0       0xbc zephyr/arch/arch/arm/core/cortex_m/libarch__arm__core__cortex_m.a(fault.c.obj)
 .text.z_arm_fault
                0x000000000000097c      0x1a0 zephyr/arch/arch/arm/core/cortex_m/libarch__arm__core__cortex_m.a(fault.c.obj)
                0x000000000000097c                z_arm_fault
 .text.z_arm_fault_init
                0x0000000000000b1c       0x20 zephyr/arch/arch/arm/core/cortex_m/libarch__arm__core__cortex_m.a(fault.c.obj)
                0x0000000000000b1c                z_arm_fault_init
 .text.__fault  0x0000000000000b3c       0x14 zephyr/arch/arch/arm/core/cortex_m/libarch__arm__core__cortex_m.a(fault_s.S.obj)
                0x0000000000000b3c                z_arm_usage_fault
                0x0000000000000b3c                z_arm_mpu_fault
                0x0000000000000b3c                z_arm_exc_spurious
                0x0000000000000b3c                z_arm_debug_monitor
                0x0000000000000b3c                z_arm_hard_fault
                0x0000000000000b3c                z_arm_bus_fault
 .text._reset_section
                0x0000000000000b50       0x68 zephyr/arch/arch/arm/core/cortex_m/libarch__arm__core__cortex_m.a(reset.S.obj)
                0x0000000000000b50                __start
                0x0000000000000b50                z_arm_reset
 .text.z_arm_clear_arm_mpu_config
                0x0000000000000bb8       0x24 zephyr/arch/arch/arm/core/cortex_m/libarch__arm__core__cortex_m.a(scb.c.obj)
                0x0000000000000bb8                z_arm_clear_arm_mpu_config
 .text.z_arm_init_arch_hw_at_boot
                0x0000000000000bdc       0x4c zephyr/arch/arch/arm/core/cortex_m/libarch__arm__core__cortex_m.a(scb.c.obj)
                0x0000000000000bdc                z_arm_init_arch_hw_at_boot
 .text.z_impl_k_thread_abort
                0x0000000000000c28       0x2c zephyr/arch/arch/arm/core/cortex_m/libarch__arm__core__cortex_m.a(thread_abort.c.obj)
                0x0000000000000c28                z_impl_k_thread_abort
 .text.z_arm_pendsv
                0x0000000000000c54       0x68 zephyr/arch/arch/arm/core/cortex_m/libarch__arm__core__cortex_m.a(swap_helper.S.obj)
                0x0000000000000c54                z_arm_pendsv
 .text.z_arm_svc
                0x0000000000000cbc       0x24 zephyr/arch/arch/arm/core/cortex_m/libarch__arm__core__cortex_m.a(swap_helper.S.obj)
                0x0000000000000cbc                z_arm_svc
 .text.arm_irq_enable
                0x0000000000000ce0       0x1c zephyr/arch/arch/arm/core/cortex_m/libarch__arm__core__cortex_m.a(irq_manage.c.obj)
                0x0000000000000ce0                arm_irq_enable
 .text.arm_irq_is_enabled
                0x0000000000000cfc       0x1c zephyr/arch/arch/arm/core/cortex_m/libarch__arm__core__cortex_m.a(irq_manage.c.obj)
                0x0000000000000cfc                arm_irq_is_enabled
 .text.arm_irq_priority_set
                0x0000000000000d18       0x2c zephyr/arch/arch/arm/core/cortex_m/libarch__arm__core__cortex_m.a(irq_manage.c.obj)
                0x0000000000000d18                arm_irq_priority_set
 .text.relocate_vector_table
                0x0000000000000d44       0x1c zephyr/arch/arch/arm/core/cortex_m/libarch__arm__core__cortex_m.a(prep_c.c.obj)
                0x0000000000000d44                relocate_vector_table
 .text.z_prep_c
                0x0000000000000d60       0x28 zephyr/arch/arch/arm/core/cortex_m/libarch__arm__core__cortex_m.a(prep_c.c.obj)
                0x0000000000000d60                z_prep_c
 .text.arch_new_thread
                0x0000000000000d88       0x38 zephyr/arch/arch/arm/core/cortex_m/libarch__arm__core__cortex_m.a(thread.c.obj)
                0x0000000000000d88                arch_new_thread
 .text.arch_switch_to_main_thread
                0x0000000000000dc0       0x44 zephyr/arch/arch/arm/core/cortex_m/libarch__arm__core__cortex_m.a(thread.c.obj)
                0x0000000000000dc0                arch_switch_to_main_thread
 .text.z_arm_cpu_idle_init
                0x0000000000000e04        0xc zephyr/arch/arch/arm/core/cortex_m/libarch__arm__core__cortex_m.a(cpu_idle.c.obj)
                0x0000000000000e04                z_arm_cpu_idle_init
 .text.z_arm_interrupt_init
                0x0000000000000e10       0x18 zephyr/arch/arch/arm/core/cortex_m/libarch__arm__core__cortex_m.a(irq_init.c.obj)
                0x0000000000000e10                z_arm_interrupt_init
 .text._isr_wrapper
                0x0000000000000e28       0x24 zephyr/arch/arch/arm/core/cortex_m/libarch__arm__core__cortex_m.a(isr_wrapper.c.obj)
                0x0000000000000e28                _isr_wrapper
 .text.z_arm_configure_static_mpu_regions
                0x0000000000000e4c       0x38 zephyr/arch/arch/arm/core/mpu/libarch__arm__core__mpu.a(arm_core_mpu.c.obj)
                0x0000000000000e4c                z_arm_configure_static_mpu_regions
 .text.region_init
                0x0000000000000e84       0x34 zephyr/arch/arch/arm/core/mpu/libarch__arm__core__mpu.a(arm_mpu.c.obj)
 .text.region_allocate_and_init
                0x0000000000000eb8       0x24 zephyr/arch/arch/arm/core/mpu/libarch__arm__core__mpu.a(arm_mpu.c.obj)
 .text.mpu_configure_regions_and_partition.constprop.0
                0x0000000000000edc      0x148 zephyr/arch/arch/arm/core/mpu/libarch__arm__core__mpu.a(arm_mpu.c.obj)
 .text.arm_core_mpu_enable
                0x0000000000001024       0x18 zephyr/arch/arch/arm/core/mpu/libarch__arm__core__mpu.a(arm_mpu.c.obj)
                0x0000000000001024                arm_core_mpu_enable
 .text.arm_core_mpu_disable
                0x000000000000103c       0x14 zephyr/arch/arch/arm/core/mpu/libarch__arm__core__mpu.a(arm_mpu.c.obj)
                0x000000000000103c                arm_core_mpu_disable
 .text.arm_core_mpu_configure_static_mpu_regions
                0x0000000000001050       0x14 zephyr/arch/arch/arm/core/mpu/libarch__arm__core__mpu.a(arm_mpu.c.obj)
                0x0000000000001050                arm_core_mpu_configure_static_mpu_regions
 .text.arm_core_mpu_mark_areas_for_dynamic_regions
                0x0000000000001064       0xb8 zephyr/arch/arch/arm/core/mpu/libarch__arm__core__mpu.a(arm_mpu.c.obj)
                0x0000000000001064                arm_core_mpu_mark_areas_for_dynamic_regions
 .text.z_arm_mpu_init
                0x000000000000111c      0x11c zephyr/arch/arch/arm/core/mpu/libarch__arm__core__mpu.a(arm_mpu.c.obj)
                0x000000000000111c                z_arm_mpu_init
 .text.z_impl_zephyr_fputc
                0x0000000000001238       0x10 zephyr/lib/libc/picolibc/liblib__libc__picolibc.a(stdio.c.obj)
                0x0000000000001238                z_impl_zephyr_fputc
 .text.__stdout_hook_install
                0x0000000000001248       0x18 zephyr/lib/libc/picolibc/liblib__libc__picolibc.a(stdio.c.obj)
                0x0000000000001248                __stdout_hook_install
 .text.malloc_prepare
                0x0000000000001260       0x24 zephyr/lib/libc/common/liblib__libc__common.a(malloc.c.obj)
 .text.nrf_gpio_pin_control_select.constprop.0
                0x0000000000001284       0x1c zephyr/soc/soc/nrf5340/libsoc__nordic.a(soc.c.obj)
 .text.z_arm_on_enter_cpu_idle
                0x00000000000012a0       0x64 zephyr/soc/soc/nrf5340/libsoc__nordic.a(soc.c.obj)
                0x00000000000012a0                z_arm_on_enter_cpu_idle
 .text.soc_early_init_hook
                0x0000000000001304       0x3c zephyr/soc/soc/nrf5340/libsoc__nordic.a(soc.c.obj)
                0x0000000000001304                soc_early_init_hook
 .text.soc_late_init_hook
                0x0000000000001340       0x40 zephyr/soc/soc/nrf5340/libsoc__nordic.a(soc.c.obj)
                0x0000000000001340                soc_late_init_hook
 .text.arch_busy_wait
                0x0000000000001380       0x24 zephyr/soc/soc/nrf5340/libsoc__nordic.a(soc.c.obj)
                0x0000000000001380                arch_busy_wait
 .text.assign_pins
                0x00000000000013a4       0x54 zephyr/soc/soc/nrf5340/libsoc__nordic.a(nrf53_cpunet_mgmt.c.obj)
 .text.onoff_start
                0x00000000000013f8       0x70 zephyr/soc/soc/nrf5340/libsoc__nordic.a(nrf53_cpunet_mgmt.c.obj)
 .text.nrf53_cpunet_mgmt_init
                0x0000000000001468       0x10 zephyr/soc/soc/nrf5340/libsoc__nordic.a(nrf53_cpunet_mgmt.c.obj)
                0x0000000000001468                nrf53_cpunet_mgmt_init
 .text.gppi_init
                0x0000000000001478       0x1c zephyr/soc/soc/nrf5340/libsoc__nordic.a(gppi_init.c.obj)
 .text.onoff_stop
                0x0000000000001494       0x30 zephyr/drivers/clock_control/libdrivers__clock_control.a(clock_control_nrf.c.obj)
 .text.onoff_start
                0x00000000000014c4       0x44 zephyr/drivers/clock_control/libdrivers__clock_control.a(clock_control_nrf.c.obj)
 .text.clk_init
                0x0000000000001508       0x64 zephyr/drivers/clock_control/libdrivers__clock_control.a(clock_control_nrf.c.obj)
 .text.api_blocking_start
                0x000000000000156c       0x34 zephyr/drivers/clock_control/libdrivers__clock_control.a(clock_control_nrf.c.obj)
 .text.generic_hfclk_stop
                0x00000000000015a0       0x34 zephyr/drivers/clock_control/libdrivers__clock_control.a(clock_control_nrf.c.obj)
 .text.clkstarted_handle.constprop.0
                0x00000000000015d4       0x4c zephyr/drivers/clock_control/libdrivers__clock_control.a(clock_control_nrf.c.obj)
 .text.generic_hfclk_start
                0x0000000000001620       0x78 zephyr/drivers/clock_control/libdrivers__clock_control.a(clock_control_nrf.c.obj)
 .text.clock_event_handler
                0x0000000000001698       0x34 zephyr/drivers/clock_control/libdrivers__clock_control.a(clock_control_nrf.c.obj)
 .text.z_nrf_clock_control_lf_on
                0x00000000000016cc       0xf8 zephyr/drivers/clock_control/libdrivers__clock_control.a(clock_control_nrf.c.obj)
                0x00000000000016cc                z_nrf_clock_control_lf_on
 .text.uart_console_init
                0x00000000000017c4       0x28 zephyr/drivers/console/libdrivers__console.a(uart_console.c.obj)
 .text.console_out
                0x00000000000017ec       0x28 zephyr/drivers/console/libdrivers__console.a(uart_console.c.obj)
 .text.gpio_nrfx_pin_interrupt_configure
                0x0000000000001814      0x100 zephyr/drivers/gpio/libdrivers__gpio.a(gpio_nrfx.c.obj)
 .text.nrfx_gpio_handler
                0x0000000000001914       0x4c zephyr/drivers/gpio/libdrivers__gpio.a(gpio_nrfx.c.obj)
 .text.gpio_nrfx_init
                0x0000000000001960       0x3c zephyr/drivers/gpio/libdrivers__gpio.a(gpio_nrfx.c.obj)
 .text.gpio_nrfx_pin_configure
                0x000000000000199c      0x180 zephyr/drivers/gpio/libdrivers__gpio.a(gpio_nrfx.c.obj)
 .text.nrf_gpio_pin_port_decode
                0x0000000000001b1c       0x24 zephyr/drivers/pinctrl/libdrivers__pinctrl.a(pinctrl_nrf.c.obj)
 .text.pinctrl_configure_pins
                0x0000000000001b40      0x1c8 zephyr/drivers/pinctrl/libdrivers__pinctrl.a(pinctrl_nrf.c.obj)
                0x0000000000001b40                pinctrl_configure_pins
 .text.uarte_nrfx_poll_out
                0x0000000000001d08       0xb4 zephyr/drivers/serial/libdrivers__serial.a(uart_nrfx_uarte.c.obj)
 .text.compare_int_lock
                0x0000000000001dbc       0x40 zephyr/drivers/timer/libdrivers__timer.a(nrf_rtc_timer.c.obj)
 .text.sys_clock_timeout_handler
                0x0000000000001dfc       0x48 zephyr/drivers/timer/libdrivers__timer.a(nrf_rtc_timer.c.obj)
 .text.compare_int_unlock
                0x0000000000001e44       0x4c zephyr/drivers/timer/libdrivers__timer.a(nrf_rtc_timer.c.obj)
 .text.z_nrf_rtc_timer_read
                0x0000000000001e90       0x44 zephyr/drivers/timer/libdrivers__timer.a(nrf_rtc_timer.c.obj)
                0x0000000000001e90                z_nrf_rtc_timer_read
 .text.compare_set
                0x0000000000001ed4      0x124 zephyr/drivers/timer/libdrivers__timer.a(nrf_rtc_timer.c.obj)
 .text.sys_clock_driver_init
                0x0000000000001ff8       0x90 zephyr/drivers/timer/libdrivers__timer.a(nrf_rtc_timer.c.obj)
 .text.rtc_nrf_isr
                0x0000000000002088       0xd0 zephyr/drivers/timer/libdrivers__timer.a(nrf_rtc_timer.c.obj)
                0x0000000000002088                rtc_nrf_isr
 .text.sys_clock_set_timeout
                0x0000000000002158       0x5c zephyr/drivers/timer/libdrivers__timer.a(nrf_rtc_timer.c.obj)
                0x0000000000002158                sys_clock_set_timeout
 .text.sys_clock_elapsed
                0x00000000000021b4       0x14 zephyr/drivers/timer/libdrivers__timer.a(nrf_rtc_timer.c.obj)
                0x00000000000021b4                sys_clock_elapsed
 .text.nrf53_errata_42
                0x00000000000021c8       0x24 modules/hal_nordic/modules/hal_nordic/nrfx/libmodules__hal_nordic__nrfx.a(system_nrf5340_application.c.obj)
 .text.SystemInit
                0x00000000000021ec      0x1c4 modules/hal_nordic/modules/hal_nordic/nrfx/libmodules__hal_nordic__nrfx.a(system_nrf5340_application.c.obj)
                0x00000000000021ec                SystemInit
 .text.nrfx_gppi_init
                0x00000000000023b0        0xc modules/hal_nordic/modules/hal_nordic/nrfx/libmodules__hal_nordic__nrfx.a(nrfx_gppi_dppi.c.obj)
                0x00000000000023b0                nrfx_gppi_init
 .text.nrfx_gppi_domain_conn_alloc
                0x00000000000023bc       0x1c modules/hal_nordic/modules/hal_nordic/nrfx/libmodules__hal_nordic__nrfx.a(nrfx_gppi_dppi.c.obj)
                0x00000000000023bc                nrfx_gppi_domain_conn_alloc
 .text.nrfx_gppi_conn_enable
                0x00000000000023d8       0x10 modules/hal_nordic/modules/hal_nordic/nrfx/libmodules__hal_nordic__nrfx.a(nrfx_gppi_dppi.c.obj)
                0x00000000000023d8                nrfx_gppi_conn_enable
 .text.hfclk_event_handler
                0x00000000000023e8        0xc modules/hal_nordic/modules/hal_nordic/nrfx/libmodules__hal_nordic__nrfx.a(nrfx_clock.c.obj)
 .text.lfclk_event_handler
                0x00000000000023f4        0xc modules/hal_nordic/modules/hal_nordic/nrfx/libmodules__hal_nordic__nrfx.a(nrfx_clock.c.obj)
 .text.hfclk192m_event_handler
                0x0000000000002400        0xc modules/hal_nordic/modules/hal_nordic/nrfx/libmodules__hal_nordic__nrfx.a(nrfx_clock.c.obj)
 .text.hfclkaudio_event_handler
                0x000000000000240c        0xc modules/hal_nordic/modules/hal_nordic/nrfx/libmodules__hal_nordic__nrfx.a(nrfx_clock.c.obj)
 .text.nrfx_clock_init
                0x0000000000002418       0x68 modules/hal_nordic/modules/hal_nordic/nrfx/libmodules__hal_nordic__nrfx.a(nrfx_clock.c.obj)
                0x0000000000002418                nrfx_clock_init
 .text.nrfx_clock_enable
                0x0000000000002480       0x20 modules/hal_nordic/modules/hal_nordic/nrfx/libmodules__hal_nordic__nrfx.a(nrfx_clock.c.obj)
                0x0000000000002480                nrfx_clock_enable
 .text.nrfx_clock_hfclk_init
                0x00000000000024a0       0x24 modules/hal_nordic/modules/hal_nordic/nrfx/libmodules__hal_nordic__nrfx.a(nrfx_clock_hfclk.c.obj)
                0x00000000000024a0                nrfx_clock_hfclk_init
 .text.nrfx_clock_hfclk_start
                0x00000000000024c4       0x38 modules/hal_nordic/modules/hal_nordic/nrfx/libmodules__hal_nordic__nrfx.a(nrfx_clock_hfclk.c.obj)
                0x00000000000024c4                nrfx_clock_hfclk_start
 .text.nrfx_clock_hfclk_irq_handler
                0x00000000000024fc       0x30 modules/hal_nordic/modules/hal_nordic/nrfx/libmodules__hal_nordic__nrfx.a(nrfx_clock_hfclk.c.obj)
                0x00000000000024fc                nrfx_clock_hfclk_irq_handler
 .text.nrfx_clock_hfclkaudio_init
                0x000000000000252c       0x1c modules/hal_nordic/modules/hal_nordic/nrfx/libmodules__hal_nordic__nrfx.a(nrfx_clock_hfclkaudio.c.obj)
                0x000000000000252c                nrfx_clock_hfclkaudio_init
 .text.nrfx_clock_hfclkaudio_start
                0x0000000000002548       0x3c modules/hal_nordic/modules/hal_nordic/nrfx/libmodules__hal_nordic__nrfx.a(nrfx_clock_hfclkaudio.c.obj)
                0x0000000000002548                nrfx_clock_hfclkaudio_start
 .text.nrfx_clock_hfclkaudio_irq_handler
                0x0000000000002584       0x30 modules/hal_nordic/modules/hal_nordic/nrfx/libmodules__hal_nordic__nrfx.a(nrfx_clock_hfclkaudio.c.obj)
                0x0000000000002584                nrfx_clock_hfclkaudio_irq_handler
 .text.nrfx_clock_hfclk192m_init
                0x00000000000025b4       0x24 modules/hal_nordic/modules/hal_nordic/nrfx/libmodules__hal_nordic__nrfx.a(nrfx_clock_hfclk192m.c.obj)
                0x00000000000025b4                nrfx_clock_hfclk192m_init
 .text.nrfx_clock_hfclk192m_start
                0x00000000000025d8       0x3c modules/hal_nordic/modules/hal_nordic/nrfx/libmodules__hal_nordic__nrfx.a(nrfx_clock_hfclk192m.c.obj)
                0x00000000000025d8                nrfx_clock_hfclk192m_start
 .text.nrfx_clock_hfclk192m_irq_handler
                0x0000000000002614       0x30 modules/hal_nordic/modules/hal_nordic/nrfx/libmodules__hal_nordic__nrfx.a(nrfx_clock_hfclk192m.c.obj)
                0x0000000000002614                nrfx_clock_hfclk192m_irq_handler
 .text.nrfx_clock_lfclk_init
                0x0000000000002644       0x24 modules/hal_nordic/modules/hal_nordic/nrfx/libmodules__hal_nordic__nrfx.a(nrfx_clock_lfclk.c.obj)
                0x0000000000002644                nrfx_clock_lfclk_init
 .text.nrfx_clock_lfclk_start
                0x0000000000002668       0x88 modules/hal_nordic/modules/hal_nordic/nrfx/libmodules__hal_nordic__nrfx.a(nrfx_clock_lfclk.c.obj)
                0x0000000000002668                nrfx_clock_lfclk_start
 .text.nrfx_clock_lfclk_irq_handler
                0x00000000000026f0       0x74 modules/hal_nordic/modules/hal_nordic/nrfx/libmodules__hal_nordic__nrfx.a(nrfx_clock_lfclk.c.obj)
                0x00000000000026f0                nrfx_clock_lfclk_irq_handler
 .text.nrf_gpio_pin_port_decode
                0x0000000000002764       0x24 modules/hal_nordic/modules/hal_nordic/nrfx/libmodules__hal_nordic__nrfx.a(nrfx_gpiote.c.obj)
 .text.get_pin_idx
                0x0000000000002788       0x14 modules/hal_nordic/modules/hal_nordic/nrfx/libmodules__hal_nordic__nrfx.a(nrfx_gpiote.c.obj)
 .text.latch_pending_read_and_check
                0x000000000000279c       0x3c modules/hal_nordic/modules/hal_nordic/nrfx/libmodules__hal_nordic__nrfx.a(nrfx_gpiote.c.obj)
 .text.pin_uninit
                0x00000000000027d8       0x7c modules/hal_nordic/modules/hal_nordic/nrfx/libmodules__hal_nordic__nrfx.a(nrfx_gpiote.c.obj)
 .text.nrfx_gpiote_init
                0x0000000000002854       0x64 modules/hal_nordic/modules/hal_nordic/nrfx/libmodules__hal_nordic__nrfx.a(nrfx_gpiote.c.obj)
                0x0000000000002854                nrfx_gpiote_init
 .text.nrfx_gpiote_channel_free
                0x00000000000028b8       0x14 modules/hal_nordic/modules/hal_nordic/nrfx/libmodules__hal_nordic__nrfx.a(nrfx_gpiote.c.obj)
                0x00000000000028b8                nrfx_gpiote_channel_free
 .text.nrfx_gpiote_channel_alloc
                0x00000000000028cc       0x20 modules/hal_nordic/modules/hal_nordic/nrfx/libmodules__hal_nordic__nrfx.a(nrfx_gpiote.c.obj)
                0x00000000000028cc                nrfx_gpiote_channel_alloc
 .text.nrfx_gpiote_irq_handler
                0x00000000000028ec      0x1cc modules/hal_nordic/modules/hal_nordic/nrfx/libmodules__hal_nordic__nrfx.a(nrfx_gpiote.c.obj)
                0x00000000000028ec                nrfx_gpiote_irq_handler
 .text.z_fatal_error
                0x0000000000002ab8       0x30 zephyr/kernel/libkernel.a(fatal.c.obj)
                0x0000000000002ab8                z_fatal_error
 .text.z_sys_init_run_level
                0x0000000000002ae8       0x30 zephyr/kernel/libkernel.a(init.c.obj)
 .text.bg_thread_main
                0x0000000000002b18       0xc4 zephyr/kernel/libkernel.a(init.c.obj)
 .text.z_init_cpu
                0x0000000000002bdc       0x70 zephyr/kernel/libkernel.a(init.c.obj)
                0x0000000000002bdc                z_init_cpu
 .text.z_cstart
                0x0000000000002c4c       0xd0 zephyr/kernel/libkernel.a(init.c.obj)
                0x0000000000002c4c                z_cstart
 .text.init_mem_slab_obj_core_list
                0x0000000000002d1c       0x24 zephyr/kernel/libkernel.a(mem_slab.c.obj)
 .text.k_mem_slab_alloc
                0x0000000000002d40       0x5c zephyr/kernel/libkernel.a(mem_slab.c.obj)
                0x0000000000002d40                k_mem_slab_alloc
 .text.z_impl_k_mutex_lock
                0x0000000000002d9c       0xf0 zephyr/kernel/libkernel.a(mutex.c.obj)
                0x0000000000002d9c                z_impl_k_mutex_lock
 .text.z_impl_k_mutex_unlock
                0x0000000000002e8c       0xa0 zephyr/kernel/libkernel.a(mutex.c.obj)
                0x0000000000002e8c                z_impl_k_mutex_unlock
 .text.z_impl_k_sem_give
                0x0000000000002f2c       0x68 zephyr/kernel/libkernel.a(sem.c.obj)
                0x0000000000002f2c                z_impl_k_sem_give
 .text.z_impl_k_sem_take
                0x0000000000002f94       0x4c zephyr/kernel/libkernel.a(sem.c.obj)
                0x0000000000002f94                z_impl_k_sem_take
 .text.z_setup_new_thread
                0x0000000000002fe0       0xcc zephyr/kernel/libkernel.a(thread.c.obj)
                0x0000000000002fe0                z_setup_new_thread
 .text.z_dummy_thread_init
                0x00000000000030ac       0x1c zephyr/kernel/libkernel.a(thread.c.obj)
                0x00000000000030ac                z_dummy_thread_init
 .text.z_swap_irqlock
                0x00000000000030c8       0x34 zephyr/kernel/libkernel.a(sched.c.obj)
 .text.ready_thread
                0x00000000000030fc       0x84 zephyr/kernel/libkernel.a(sched.c.obj)
 .text.unready_thread
                0x0000000000003180       0x54 zephyr/kernel/libkernel.a(sched.c.obj)
 .text.add_thread_timeout
                0x00000000000031d4       0x1c zephyr/kernel/libkernel.a(sched.c.obj)
 .text.move_thread_to_end_of_prio_q
                0x00000000000031f0       0x90 zephyr/kernel/libkernel.a(sched.c.obj)
                0x00000000000031f0                move_thread_to_end_of_prio_q
 .text.z_pend_curr
                0x0000000000003280       0x44 zephyr/kernel/libkernel.a(sched.c.obj)
                0x0000000000003280                z_pend_curr
 .text.z_thread_prio_set
                0x00000000000032c4       0xe4 zephyr/kernel/libkernel.a(sched.c.obj)
                0x00000000000032c4                z_thread_prio_set
 .text.z_reschedule
                0x00000000000033a8       0x24 zephyr/kernel/libkernel.a(sched.c.obj)
                0x00000000000033a8                z_reschedule
 .text.z_reschedule_irqlock
                0x00000000000033cc       0x28 zephyr/kernel/libkernel.a(sched.c.obj)
                0x00000000000033cc                z_reschedule_irqlock
 .text.k_sched_lock
                0x00000000000033f4       0x28 zephyr/kernel/libkernel.a(sched.c.obj)
                0x00000000000033f4                k_sched_lock
 .text.k_sched_unlock
                0x000000000000341c       0x68 zephyr/kernel/libkernel.a(sched.c.obj)
                0x000000000000341c                k_sched_unlock
 .text.z_sched_init
                0x0000000000003484       0x10 zephyr/kernel/libkernel.a(sched.c.obj)
                0x0000000000003484                z_sched_init
 .text.z_impl_k_yield
                0x0000000000003494       0x88 zephyr/kernel/libkernel.a(sched.c.obj)
                0x0000000000003494                z_impl_k_yield
 .text.z_tick_sleep
                0x000000000000351c       0x78 zephyr/kernel/libkernel.a(sched.c.obj)
 .text.z_impl_k_wakeup
                0x0000000000003594       0x48 zephyr/kernel/libkernel.a(sched.c.obj)
                0x0000000000003594                z_impl_k_wakeup
 .text.z_impl_k_sched_current_thread_query
                0x00000000000035dc        0xc zephyr/kernel/libkernel.a(sched.c.obj)
                0x00000000000035dc                z_impl_k_sched_current_thread_query
 .text.z_thread_abort
                0x00000000000035e8      0x144 zephyr/kernel/libkernel.a(sched.c.obj)
                0x00000000000035e8                z_thread_abort
 .text.slice_timeout
                0x000000000000372c       0x20 zephyr/kernel/libkernel.a(timeslicing.c.obj)
 .text.thread_is_sliceable
                0x000000000000374c       0x3c zephyr/kernel/libkernel.a(timeslicing.c.obj)
                0x000000000000374c                thread_is_sliceable
 .text.z_reset_time_slice
                0x0000000000003788       0x50 zephyr/kernel/libkernel.a(timeslicing.c.obj)
                0x0000000000003788                z_reset_time_slice
 .text.z_time_slice
                0x00000000000037d8       0x60 zephyr/kernel/libkernel.a(timeslicing.c.obj)
                0x00000000000037d8                z_time_slice
 .text.z_thread_monitor_exit
                0x0000000000003838       0x3c zephyr/kernel/libkernel.a(thread_monitor.c.obj)
                0x0000000000003838                z_thread_monitor_exit
 .text.first    0x0000000000003874       0x10 zephyr/kernel/libkernel.a(timeout.c.obj)
 .text.elapsed  0x0000000000003884       0x14 zephyr/kernel/libkernel.a(timeout.c.obj)
 .text.remove_timeout
                0x0000000000003898       0x38 zephyr/kernel/libkernel.a(timeout.c.obj)
 .text.z_add_timeout
                0x00000000000038d0      0x120 zephyr/kernel/libkernel.a(timeout.c.obj)
                0x00000000000038d0                z_add_timeout
 .text.sys_clock_announce
                0x00000000000039f0       0xbc zephyr/kernel/libkernel.a(timeout.c.obj)
                0x00000000000039f0                sys_clock_announce
 .text.sys_clock_tick_get
                0x0000000000003aac       0x30 zephyr/kernel/libkernel.a(timeout.c.obj)
                0x0000000000003aac                sys_clock_tick_get
 .text.nrf_cc3xx_platform_init_no_rng
                0x0000000000003adc       0x38 C:/ncs/v3.2.3/nrfxlib/crypto/nrf_cc312_platform/lib/cortex-m33/soft-float/no-interrupts/libnrf_cc312_platform_0.9.19.a(nrf_cc3xx_platform.c.obj)
                0x0000000000003adc                nrf_cc3xx_platform_init_no_rng
 .text.nrf_cc3xx_platform_abort
                0x0000000000003b14       0x24 C:/ncs/v3.2.3/nrfxlib/crypto/nrf_cc312_platform/lib/cortex-m33/soft-float/no-interrupts/libnrf_cc312_platform_0.9.19.a(nrf_cc3xx_platform_abort.c.obj)
 .text.CC_PalAbort
                0x0000000000003b38       0x44 C:/ncs/v3.2.3/nrfxlib/crypto/nrf_cc312_platform/lib/cortex-m33/soft-float/no-interrupts/libnrf_cc312_platform_0.9.19.a(nrf_cc3xx_platform_abort.c.obj)
                0x0000000000003b38                CC_PalAbort
 .text.nrf_cc3xx_platform_set_abort
                0x0000000000003b7c       0x10 C:/ncs/v3.2.3/nrfxlib/crypto/nrf_cc312_platform/lib/cortex-m33/soft-float/no-interrupts/libnrf_cc312_platform_0.9.19.a(nrf_cc3xx_platform_abort.c.obj)
                0x0000000000003b7c                nrf_cc3xx_platform_set_abort
 .text.mutex_free
                0x0000000000003b8c       0x34 C:/ncs/v3.2.3/nrfxlib/crypto/nrf_cc312_platform/lib/cortex-m33/soft-float/no-interrupts/libnrf_cc312_platform_0.9.19.a(nrf_cc3xx_platform_mutex.c.obj)
 .text.mutex_lock
                0x0000000000003bc0       0x48 C:/ncs/v3.2.3/nrfxlib/crypto/nrf_cc312_platform/lib/cortex-m33/soft-float/no-interrupts/libnrf_cc312_platform_0.9.19.a(nrf_cc3xx_platform_mutex.c.obj)
 .text.mutex_unlock
                0x0000000000003c08       0x38 C:/ncs/v3.2.3/nrfxlib/crypto/nrf_cc312_platform/lib/cortex-m33/soft-float/no-interrupts/libnrf_cc312_platform_0.9.19.a(nrf_cc3xx_platform_mutex.c.obj)
 .text.mutex_init
                0x0000000000003c40       0x20 C:/ncs/v3.2.3/nrfxlib/crypto/nrf_cc312_platform/lib/cortex-m33/soft-float/no-interrupts/libnrf_cc312_platform_0.9.19.a(nrf_cc3xx_platform_mutex.c.obj)
 .text.nrf_cc3xx_platform_set_mutexes
                0x0000000000003c60       0x78 C:/ncs/v3.2.3/nrfxlib/crypto/nrf_cc312_platform/lib/cortex-m33/soft-float/no-interrupts/libnrf_cc312_platform_0.9.19.a(nrf_cc3xx_platform_mutex.c.obj)
                0x0000000000003c60                nrf_cc3xx_platform_set_mutexes
 .text.CC_LibInitNoRng
                0x0000000000003cd8       0x28 C:/ncs/v3.2.3/nrfxlib/crypto/nrf_cc312_platform/lib/cortex-m33/soft-float/no-interrupts/libnrf_cc312_platform_0.9.19.a(cc_lib.c.obj)
                0x0000000000003cd8                CC_LibInitNoRng
 .text.CC_HalInit
                0x0000000000003d00        0x4 C:/ncs/v3.2.3/nrfxlib/crypto/nrf_cc312_platform/lib/cortex-m33/soft-float/no-interrupts/libnrf_cc312_platform_0.9.19.a(cc_hal.c.obj)
                0x0000000000003d00                CC_HalInit
 .text.CC_PalInit
                0x0000000000003d04       0x5c C:/ncs/v3.2.3/nrfxlib/crypto/nrf_cc312_platform/lib/cortex-m33/soft-float/no-interrupts/libnrf_cc312_platform_0.9.19.a(cc_pal.c.obj)
                0x0000000000003d04                CC_PalInit
 .text.CC_PalTerminate
                0x0000000000003d60       0x34 C:/ncs/v3.2.3/nrfxlib/crypto/nrf_cc312_platform/lib/cortex-m33/soft-float/no-interrupts/libnrf_cc312_platform_0.9.19.a(cc_pal.c.obj)
                0x0000000000003d60                CC_PalTerminate
 .text.CC_PalDmaInit
                0x0000000000003d94        0x4 C:/ncs/v3.2.3/nrfxlib/crypto/nrf_cc312_platform/lib/cortex-m33/soft-float/no-interrupts/libnrf_cc312_platform_0.9.19.a(cc_pal_dma.c.obj)
                0x0000000000003d94                CC_PalDmaInit
 .text.CC_PalDmaTerminate
                0x0000000000003d98        0x4 C:/ncs/v3.2.3/nrfxlib/crypto/nrf_cc312_platform/lib/cortex-m33/soft-float/no-interrupts/libnrf_cc312_platform_0.9.19.a(cc_pal_dma.c.obj)
                0x0000000000003d98                CC_PalDmaTerminate
 .text.CC_PalMutexCreate
                0x0000000000003d9c       0x14 C:/ncs/v3.2.3/nrfxlib/crypto/nrf_cc312_platform/lib/cortex-m33/soft-float/no-interrupts/libnrf_cc312_platform_0.9.19.a(cc_pal_mutex.c.obj)
                0x0000000000003d9c                CC_PalMutexCreate
 .text.CC_PalMutexDestroy
                0x0000000000003db0       0x14 C:/ncs/v3.2.3/nrfxlib/crypto/nrf_cc312_platform/lib/cortex-m33/soft-float/no-interrupts/libnrf_cc312_platform_0.9.19.a(cc_pal_mutex.c.obj)
                0x0000000000003db0                CC_PalMutexDestroy
 .text.CC_PalPowerSaveModeInit
                0x0000000000003dc4       0x3c C:/ncs/v3.2.3/nrfxlib/crypto/nrf_cc312_platform/lib/cortex-m33/soft-float/no-interrupts/libnrf_cc312_platform_0.9.19.a(cc_pal_pm.c.obj)
                0x0000000000003dc4                CC_PalPowerSaveModeInit
 .text.__l_vfprintf
                0x0000000000003e00      0x4b4 c:\ncs\toolchains\c717907b94\opt\zephyr-sdk\arm-zephyr-eabi\bin\../lib/gcc/../../picolibc/arm-zephyr-eabi/lib/thumb/v8-m.main/nofp\libc.a(libc_tinystdio_vflprintf.c.o)
                0x0000000000003e00                __l_vfprintf
 .text._OffsetAbsSyms
                0x00000000000042b4        0x2 zephyr/CMakeFiles/offsets.dir/./arch/arm/core/offsets/offsets.c.obj
                0x00000000000042b4                _OffsetAbsSyms
 .text.chunk_field
                0x00000000000042b6       0x16 zephyr/libzephyr.a(heap.c.obj)
 .text.chunk_set
                0x00000000000042cc       0x16 zephyr/libzephyr.a(heap.c.obj)
 .text.chunk_size
                0x00000000000042e2        0xc zephyr/libzephyr.a(heap.c.obj)
 .text.set_chunk_used
                0x00000000000042ee       0x30 zephyr/libzephyr.a(heap.c.obj)
 .text.set_chunk_size
                0x000000000000431e        0x8 zephyr/libzephyr.a(heap.c.obj)
 .text.bucket_idx
                0x0000000000004326       0x1e zephyr/libzephyr.a(heap.c.obj)
 .text.free_list_add
                0x0000000000004344       0x84 zephyr/libzephyr.a(heap.c.obj)
 .text.sys_heap_init
                0x00000000000043c8       0xb0 zephyr/libzephyr.a(heap.c.obj)
                0x00000000000043c8                sys_heap_init
 .text.arch_printk_char_out
                0x0000000000004478        0x4 zephyr/libzephyr.a(printk.c.obj)
                0x0000000000004478                arch_printk_char_out
 .text.printk   0x000000000000447c       0x1a zephyr/libzephyr.a(printk.c.obj)
                0x000000000000447c                printk
 .text.process_recheck
                0x0000000000004496       0x38 zephyr/libzephyr.a(onoff.c.obj)
 .text.validate_args
                0x00000000000044ce       0x20 zephyr/libzephyr.a(onoff.c.obj)
 .text.notify_one
                0x00000000000044ee       0x2c zephyr/libzephyr.a(onoff.c.obj)
 .text.transition_complete
                0x000000000000451a       0x1a zephyr/libzephyr.a(onoff.c.obj)
 .text.onoff_manager_init
                0x0000000000004534       0x26 zephyr/libzephyr.a(onoff.c.obj)
                0x0000000000004534                onoff_manager_init
 .text.onoff_request
                0x000000000000455a       0xae zephyr/libzephyr.a(onoff.c.obj)
                0x000000000000455a                onoff_request
 .text.sys_notify_validate
                0x0000000000004608       0x22 zephyr/libzephyr.a(notify.c.obj)
                0x0000000000004608                sys_notify_validate
 .text.sys_notify_finalize
                0x000000000000462a       0x1a zephyr/libzephyr.a(notify.c.obj)
                0x000000000000462a                sys_notify_finalize
 .text._ConfigAbsSyms
                0x0000000000004644        0x2 zephyr/libzephyr.a(configs.c.obj)
                0x0000000000004644                _ConfigAbsSyms
 .text.abort_function
                0x0000000000004646        0x2 zephyr/libzephyr.a(nrf_cc3xx_platform_abort_zephyr.c.obj)
 .text.arch_early_memset
                0x0000000000004648        0x4 zephyr/arch/common/libarch__common.a(init.c.obj)
                0x0000000000004648                arch_early_memset
 .text.arch_early_memcpy
                0x000000000000464c        0x4 zephyr/arch/common/libarch__common.a(init.c.obj)
                0x000000000000464c                arch_early_memcpy
 .text.z_do_kernel_oops
                0x0000000000004650        0x8 zephyr/arch/arch/arm/core/libarch__arm__core.a(fatal.c.obj)
                0x0000000000004650                z_do_kernel_oops
 .text.z_arm_nmi
                0x0000000000004658        0xe zephyr/arch/arch/arm/core/libarch__arm__core.a(nmi.c.obj)
                0x0000000000004658                z_arm_nmi
 .text.z_irq_spurious
                0x0000000000004666        0x8 zephyr/arch/arch/arm/core/cortex_m/libarch__arm__core__cortex_m.a(irq_manage.c.obj)
                0x0000000000004666                z_irq_spurious
 .text.configure_builtin_stack_guard
                0x000000000000466e        0xa zephyr/arch/arch/arm/core/cortex_m/libarch__arm__core__cortex_m.a(thread.c.obj)
                0x000000000000466e                configure_builtin_stack_guard
 .text.arch_coprocessors_disable
                0x0000000000004678        0x6 zephyr/arch/arch/arm/core/cortex_m/libarch__arm__core__cortex_m.a(thread.c.obj)
                0x0000000000004678                arch_coprocessors_disable
 .text.arch_irq_unlock_outlined
                0x000000000000467e        0xe zephyr/arch/arch/arm/core/cortex_m/libarch__arm__core__cortex_m.a(thread.c.obj)
                0x000000000000467e                arch_irq_unlock_outlined
 .text.arch_cpu_idle
                0x000000000000468c       0x32 zephyr/arch/arch/arm/core/cortex_m/libarch__arm__core__cortex_m.a(cpu_idle.c.obj)
                0x000000000000468c                arch_cpu_idle
 .text.arch_cpu_atomic_idle
                0x00000000000046be       0x38 zephyr/arch/arch/arm/core/cortex_m/libarch__arm__core__cortex_m.a(cpu_idle.c.obj)
                0x00000000000046be                arch_cpu_atomic_idle
 .text.arm_cmse_mpu_region_get
                0x00000000000046f6       0x12 zephyr/arch/arch/arm/core/cortex_m/cmse/libarch__arm__core__cortex_m__cmse.a(arm_core_cmse.c.obj)
                0x00000000000046f6                arm_cmse_mpu_region_get
 .text.mpu_configure_region
                0x0000000000004708       0x32 zephyr/arch/arch/arm/core/mpu/libarch__arm__core__mpu.a(arm_mpu.c.obj)
 .text.picolibc_put
                0x000000000000473a        0xa zephyr/lib/libc/picolibc/liblib__libc__picolibc.a(stdio.c.obj)
 .text.onoff_stop
                0x0000000000004744       0x22 zephyr/soc/soc/nrf5340/libsoc__nordic.a(nrf53_cpunet_mgmt.c.obj)
 .text.get_status
                0x0000000000004766       0x12 zephyr/drivers/clock_control/libdrivers__clock_control.a(clock_control_nrf.c.obj)
 .text.stop     0x0000000000004778       0x52 zephyr/drivers/clock_control/libdrivers__clock_control.a(clock_control_nrf.c.obj)
 .text.api_stop
                0x00000000000047ca        0x6 zephyr/drivers/clock_control/libdrivers__clock_control.a(clock_control_nrf.c.obj)
 .text.async_start
                0x00000000000047d0       0x5c zephyr/drivers/clock_control/libdrivers__clock_control.a(clock_control_nrf.c.obj)
 .text.api_start
                0x000000000000482c        0xe zephyr/drivers/clock_control/libdrivers__clock_control.a(clock_control_nrf.c.obj)
 .text.onoff_started_callback
                0x000000000000483a       0x12 zephyr/drivers/clock_control/libdrivers__clock_control.a(clock_control_nrf.c.obj)
 .text.hfclkaudio_start
                0x000000000000484c        0x6 zephyr/drivers/clock_control/libdrivers__clock_control.a(clock_control_nrf.c.obj)
 .text.hfclk192m_start
                0x0000000000004852        0x6 zephyr/drivers/clock_control/libdrivers__clock_control.a(clock_control_nrf.c.obj)
 .text.hfclkaudio_stop
                0x0000000000004858        0x6 zephyr/drivers/clock_control/libdrivers__clock_control.a(clock_control_nrf.c.obj)
 .text.hfclk192m_stop
                0x000000000000485e        0x6 zephyr/drivers/clock_control/libdrivers__clock_control.a(clock_control_nrf.c.obj)
 .text.blocking_start_callback
                0x0000000000004864        0x6 zephyr/drivers/clock_control/libdrivers__clock_control.a(clock_control_nrf.c.obj)
 .text.lfclk_stop
                0x000000000000486a        0x4 zephyr/drivers/clock_control/libdrivers__clock_control.a(clock_control_nrf.c.obj)
 .text.lfclk_start
                0x000000000000486e        0x4 zephyr/drivers/clock_control/libdrivers__clock_control.a(clock_control_nrf.c.obj)
 .text.gpio_nrfx_port_get_raw
                0x0000000000004872        0xc zephyr/drivers/gpio/libdrivers__gpio.a(gpio_nrfx.c.obj)
 .text.gpio_nrfx_port_set_masked_raw
                0x000000000000487e       0x14 zephyr/drivers/gpio/libdrivers__gpio.a(gpio_nrfx.c.obj)
 .text.gpio_nrfx_port_set_bits_raw
                0x0000000000004892        0xa zephyr/drivers/gpio/libdrivers__gpio.a(gpio_nrfx.c.obj)
 .text.gpio_nrfx_port_clear_bits_raw
                0x000000000000489c        0xa zephyr/drivers/gpio/libdrivers__gpio.a(gpio_nrfx.c.obj)
 .text.gpio_nrfx_port_toggle_bits
                0x00000000000048a6       0x14 zephyr/drivers/gpio/libdrivers__gpio.a(gpio_nrfx.c.obj)
 .text.gpio_nrfx_manage_callback
                0x00000000000048ba       0x52 zephyr/drivers/gpio/libdrivers__gpio.a(gpio_nrfx.c.obj)
 .text.gpio_nrfx_gpiote_irq_handler
                0x000000000000490c        0x4 zephyr/drivers/gpio/libdrivers__gpio.a(gpio_nrfx.c.obj)
                0x000000000000490c                gpio_nrfx_gpiote_irq_handler
 .text.pinctrl_lookup_state
                0x0000000000004910       0x26 zephyr/drivers/pinctrl/libdrivers__pinctrl.a(common.c.obj)
                0x0000000000004910                pinctrl_lookup_state
 .text.uarte_nrfx_err_check
                0x0000000000004936        0xe zephyr/drivers/serial/libdrivers__serial.a(uart_nrfx_uarte.c.obj)
 .text.uarte_nrfx_poll_in
                0x0000000000004944       0x26 zephyr/drivers/serial/libdrivers__serial.a(uart_nrfx_uarte.c.obj)
 .text.is_tx_ready.isra.0
                0x000000000000496a       0x20 zephyr/drivers/serial/libdrivers__serial.a(uart_nrfx_uarte.c.obj)
 .text.uarte_nrfx_isr_int
                0x000000000000498a       0x42 zephyr/drivers/serial/libdrivers__serial.a(uart_nrfx_uarte.c.obj)
 .text.pinctrl_apply_state.isra.0
                0x00000000000049cc       0x1e zephyr/drivers/serial/libdrivers__serial.a(uart_nrfx_uarte.c.obj)
 .text.uarte_instance_deinit
                0x00000000000049ea        0x6 zephyr/drivers/serial/libdrivers__serial.a(uart_nrfx_uarte.c.obj)
 .text.uarte_0_init
                0x00000000000049f0       0xf4 zephyr/drivers/serial/libdrivers__serial.a(uart_nrfx_uarte.c.obj)
 .text.event_clear
                0x0000000000004ae4       0x18 zephyr/drivers/timer/libdrivers__timer.a(nrf_rtc_timer.c.obj)
 .text.sys_clock_cycle_get_32
                0x0000000000004afc        0x8 zephyr/drivers/timer/libdrivers__timer.a(nrf_rtc_timer.c.obj)
                0x0000000000004afc                sys_clock_cycle_get_32
 .text.hw_cc3xx_init_internal
                0x0000000000004b04        0x4 modules/nrf/drivers/hw_cc3xx/lib..__nrf__drivers__hw_cc3xx.a(hw_cc3xx.c.obj)
 .text.hw_cc3xx_init
                0x0000000000004b08       0x12 modules/nrf/drivers/hw_cc3xx/lib..__nrf__drivers__hw_cc3xx.a(hw_cc3xx.c.obj)
 .text.nrfx_isr
                0x0000000000004b1a        0x6 modules/hal_nordic/modules/hal_nordic/nrfx/libmodules__hal_nordic__nrfx.a(nrfx_glue.c.obj)
                0x0000000000004b1a                nrfx_isr
 .text.nrfx_busy_wait
                0x0000000000004b20        0x4 modules/hal_nordic/modules/hal_nordic/nrfx/libmodules__hal_nordic__nrfx.a(nrfx_glue.c.obj)
                0x0000000000004b20                nrfx_busy_wait
 .text.nrfx_flag32_alloc
                0x0000000000004b24       0x34 modules/hal_nordic/modules/hal_nordic/nrfx/libmodules__hal_nordic__nrfx.a(nrfx_flag32_allocator.c.obj)
                0x0000000000004b24                nrfx_flag32_alloc
 .text.nrfx_flag32_free
                0x0000000000004b58       0x32 modules/hal_nordic/modules/hal_nordic/nrfx/libmodules__hal_nordic__nrfx.a(nrfx_flag32_allocator.c.obj)
                0x0000000000004b58                nrfx_flag32_free
 .text.nrfx_gppi_conn_alloc
                0x0000000000004b8a       0x28 modules/hal_nordic/modules/hal_nordic/nrfx/libmodules__hal_nordic__nrfx.a(nrfx_gppi_dppi.c.obj)
                0x0000000000004b8a                nrfx_gppi_conn_alloc
 .text.nrfx_clock_start
                0x0000000000004bb2       0x1e modules/hal_nordic/modules/hal_nordic/nrfx/libmodules__hal_nordic__nrfx.a(nrfx_clock.c.obj)
                0x0000000000004bb2                nrfx_clock_start
 .text.nrfx_clock_stop
                0x0000000000004bd0       0x1e modules/hal_nordic/modules/hal_nordic/nrfx/libmodules__hal_nordic__nrfx.a(nrfx_clock.c.obj)
                0x0000000000004bd0                nrfx_clock_stop
 .text.CLOCK_POWER_IRQHandler
                0x0000000000004bee       0x16 modules/hal_nordic/modules/hal_nordic/nrfx/libmodules__hal_nordic__nrfx.a(nrfx_clock.c.obj)
                0x0000000000004bee                CLOCK_POWER_IRQHandler
 .text.clock_stop
                0x0000000000004c04       0x38 modules/hal_nordic/modules/hal_nordic/nrfx/libmodules__hal_nordic__nrfx.a(nrfx_clock_hfclk.c.obj)
 .text.nrfx_clock_hfclk_stop
                0x0000000000004c3c        0x4 modules/hal_nordic/modules/hal_nordic/nrfx/libmodules__hal_nordic__nrfx.a(nrfx_clock_hfclk.c.obj)
                0x0000000000004c3c                nrfx_clock_hfclk_stop
 .text.clock_stop
                0x0000000000004c40       0x34 modules/hal_nordic/modules/hal_nordic/nrfx/libmodules__hal_nordic__nrfx.a(nrfx_clock_hfclkaudio.c.obj)
 .text.nrfx_clock_hfclkaudio_stop
                0x0000000000004c74        0x4 modules/hal_nordic/modules/hal_nordic/nrfx/libmodules__hal_nordic__nrfx.a(nrfx_clock_hfclkaudio.c.obj)
                0x0000000000004c74                nrfx_clock_hfclkaudio_stop
 .text.clock_stop
                0x0000000000004c78       0x34 modules/hal_nordic/modules/hal_nordic/nrfx/libmodules__hal_nordic__nrfx.a(nrfx_clock_hfclk192m.c.obj)
 .text.nrfx_clock_hfclk192m_stop
                0x0000000000004cac        0x4 modules/hal_nordic/modules/hal_nordic/nrfx/libmodules__hal_nordic__nrfx.a(nrfx_clock_hfclk192m.c.obj)
                0x0000000000004cac                nrfx_clock_hfclk192m_stop
 .text.clock_stop
                0x0000000000004cb0       0x32 modules/hal_nordic/modules/hal_nordic/nrfx/libmodules__hal_nordic__nrfx.a(nrfx_clock_lfclk.c.obj)
 .text.nrfx_clock_lfclk_stop
                0x0000000000004ce2        0x4 modules/hal_nordic/modules/hal_nordic/nrfx/libmodules__hal_nordic__nrfx.a(nrfx_clock_lfclk.c.obj)
                0x0000000000004ce2                nrfx_clock_lfclk_stop
 .text.nrf_gpio_reconfigure
                0x0000000000004ce6       0x92 modules/hal_nordic/modules/hal_nordic/nrfx/libmodules__hal_nordic__nrfx.a(nrfx_gpiote.c.obj)
 .text.nrf_gpio_cfg_sense_set
                0x0000000000004d78       0x1e modules/hal_nordic/modules/hal_nordic/nrfx/libmodules__hal_nordic__nrfx.a(nrfx_gpiote.c.obj)
 .text.pin_in_use_by_te
                0x0000000000004d96       0x16 modules/hal_nordic/modules/hal_nordic/nrfx/libmodules__hal_nordic__nrfx.a(nrfx_gpiote.c.obj)
 .text.pin_is_output
                0x0000000000004dac       0x16 modules/hal_nordic/modules/hal_nordic/nrfx/libmodules__hal_nordic__nrfx.a(nrfx_gpiote.c.obj)
 .text.pin_te_get
                0x0000000000004dc2       0x14 modules/hal_nordic/modules/hal_nordic/nrfx/libmodules__hal_nordic__nrfx.a(nrfx_gpiote.c.obj)
 .text.call_handler
                0x0000000000004dd6       0x3e modules/hal_nordic/modules/hal_nordic/nrfx/libmodules__hal_nordic__nrfx.a(nrfx_gpiote.c.obj)
 .text.release_handler
                0x0000000000004e14       0x54 modules/hal_nordic/modules/hal_nordic/nrfx/libmodules__hal_nordic__nrfx.a(nrfx_gpiote.c.obj)
 .text.__nrfy_internal_gpiote_events_process
                0x0000000000004e68       0x4e modules/hal_nordic/modules/hal_nordic/nrfx/libmodules__hal_nordic__nrfx.a(nrfx_gpiote.c.obj)
 .text.pin_trigger_disable
                0x0000000000004eb6       0x46 modules/hal_nordic/modules/hal_nordic/nrfx/libmodules__hal_nordic__nrfx.a(nrfx_gpiote.c.obj)
 .text.nrfx_gpiote_input_configure
                0x0000000000004efc      0x170 modules/hal_nordic/modules/hal_nordic/nrfx/libmodules__hal_nordic__nrfx.a(nrfx_gpiote.c.obj)
                0x0000000000004efc                nrfx_gpiote_input_configure
 .text.nrfx_gpiote_output_configure
                0x000000000000506c       0xf2 modules/hal_nordic/modules/hal_nordic/nrfx/libmodules__hal_nordic__nrfx.a(nrfx_gpiote.c.obj)
                0x000000000000506c                nrfx_gpiote_output_configure
 .text.nrfx_gpiote_global_callback_set
                0x000000000000515e        0x6 modules/hal_nordic/modules/hal_nordic/nrfx/libmodules__hal_nordic__nrfx.a(nrfx_gpiote.c.obj)
                0x000000000000515e                nrfx_gpiote_global_callback_set
 .text.nrfx_gpiote_channel_get
                0x0000000000005164       0x26 modules/hal_nordic/modules/hal_nordic/nrfx/libmodules__hal_nordic__nrfx.a(nrfx_gpiote.c.obj)
                0x0000000000005164                nrfx_gpiote_channel_get
 .text.nrfx_gpiote_init_check
                0x000000000000518a        0xc modules/hal_nordic/modules/hal_nordic/nrfx/libmodules__hal_nordic__nrfx.a(nrfx_gpiote.c.obj)
                0x000000000000518a                nrfx_gpiote_init_check
 .text.nrfx_gpiote_pin_uninit
                0x0000000000005196        0x4 modules/hal_nordic/modules/hal_nordic/nrfx/libmodules__hal_nordic__nrfx.a(nrfx_gpiote.c.obj)
                0x0000000000005196                nrfx_gpiote_pin_uninit
 .text.nrfx_gpiote_trigger_enable
                0x000000000000519a       0xa4 modules/hal_nordic/modules/hal_nordic/nrfx/libmodules__hal_nordic__nrfx.a(nrfx_gpiote.c.obj)
                0x000000000000519a                nrfx_gpiote_trigger_enable
 .text.nrfx_gpiote_trigger_disable
                0x000000000000523e        0x4 modules/hal_nordic/modules/hal_nordic/nrfx/libmodules__hal_nordic__nrfx.a(nrfx_gpiote.c.obj)
                0x000000000000523e                nrfx_gpiote_trigger_disable
 .text.z_impl_k_busy_wait
                0x0000000000005242        0x8 zephyr/kernel/libkernel.a(busy_wait.c.obj)
                0x0000000000005242                z_impl_k_busy_wait
 .text.do_device_init
                0x000000000000524a       0x30 zephyr/kernel/libkernel.a(device.c.obj)
                0x000000000000524a                do_device_init
 .text.z_impl_device_is_ready
                0x000000000000527a       0x16 zephyr/kernel/libkernel.a(device.c.obj)
                0x000000000000527a                z_impl_device_is_ready
 .text.arch_system_halt
                0x0000000000005290       0x10 zephyr/kernel/libkernel.a(fatal.c.obj)
                0x0000000000005290                arch_system_halt
 .text.k_sys_fatal_error_handler
                0x00000000000052a0        0x6 zephyr/kernel/libkernel.a(fatal.c.obj)
                0x00000000000052a0                k_sys_fatal_error_handler
 .text.create_free_list
                0x00000000000052a6       0x34 zephyr/kernel/libkernel.a(mem_slab.c.obj)
 .text.k_mem_slab_init
                0x00000000000052da       0x1c zephyr/kernel/libkernel.a(mem_slab.c.obj)
                0x00000000000052da                k_mem_slab_init
 .text.k_mem_slab_free
                0x00000000000052f6       0x70 zephyr/kernel/libkernel.a(mem_slab.c.obj)
                0x00000000000052f6                k_mem_slab_free
 .text.idle     0x0000000000005366       0x16 zephyr/kernel/libkernel.a(idle.c.obj)
                0x0000000000005366                idle
 .text.adjust_owner_prio.isra.0
                0x000000000000537c       0x10 zephyr/kernel/libkernel.a(mutex.c.obj)
 .text.z_impl_k_mutex_init
                0x000000000000538c        0xe zephyr/kernel/libkernel.a(mutex.c.obj)
                0x000000000000538c                z_impl_k_mutex_init
 .text.k_is_in_isr
                0x000000000000539a        0xc zephyr/kernel/libkernel.a(thread.c.obj)
                0x000000000000539a                k_is_in_isr
 .text.sys_dlist_remove
                0x00000000000053a6       0x10 zephyr/kernel/libkernel.a(sched.c.obj)
 .text.unpend_thread_no_timeout
                0x00000000000053b6       0x14 zephyr/kernel/libkernel.a(sched.c.obj)
 .text.add_to_waitq_locked
                0x00000000000053ca       0x50 zephyr/kernel/libkernel.a(sched.c.obj)
 .text.z_ready_thread
                0x000000000000541a       0x1e zephyr/kernel/libkernel.a(sched.c.obj)
                0x000000000000541a                z_ready_thread
 .text.z_sched_wake_thread
                0x0000000000005438       0x3a zephyr/kernel/libkernel.a(sched.c.obj)
                0x0000000000005438                z_sched_wake_thread
 .text.z_thread_timeout
                0x0000000000005472        0x8 zephyr/kernel/libkernel.a(sched.c.obj)
                0x0000000000005472                z_thread_timeout
 .text.z_impl_k_sleep
                0x000000000000547a       0x4e zephyr/kernel/libkernel.a(sched.c.obj)
                0x000000000000547a                z_impl_k_sleep
 .text.next_timeout
                0x00000000000054c8       0x2e zephyr/kernel/libkernel.a(timeout.c.obj)
 .text.z_abort_timeout
                0x00000000000054f6       0x50 zephyr/kernel/libkernel.a(timeout.c.obj)
                0x00000000000054f6                z_abort_timeout
 .text.sys_clock_tick_get_32
                0x0000000000005546        0x8 zephyr/kernel/libkernel.a(timeout.c.obj)
                0x0000000000005546                sys_clock_tick_get_32
 .text.main     0x000000000000554e        0x6 zephyr/kernel/libkernel.a(main_weak.c.obj)
                0x000000000000554e                main
 .text.memcpy   0x0000000000005554       0x1a c:\ncs\toolchains\c717907b94\opt\zephyr-sdk\arm-zephyr-eabi\bin\../lib/gcc/../../picolibc/arm-zephyr-eabi/lib/thumb/v8-m.main/nofp\libc.a(memcpy.c.o)
                0x0000000000005554                __aeabi_memcpy
                0x0000000000005554                __aeabi_memcpy4
                0x0000000000005554                __aeabi_memcpy8
                0x0000000000005554                memcpy
 .text.memset   0x000000000000556e       0x10 c:\ncs\toolchains\c717907b94\opt\zephyr-sdk\arm-zephyr-eabi\bin\../lib/gcc/../../picolibc/arm-zephyr-eabi/lib/thumb/v8-m.main/nofp\libc.a(memset.c.o)
                0x000000000000556e                memset
 .text.strncpy  0x000000000000557e       0x20 c:\ncs\toolchains\c717907b94\opt\zephyr-sdk\arm-zephyr-eabi\bin\../lib/gcc/../../picolibc/arm-zephyr-eabi/lib/thumb/v8-m.main/nofp\libc.a(libc_string_strncpy.c.o)
                0x000000000000557e                strncpy
 .text.strnlen  0x000000000000559e       0x18 c:\ncs\toolchains\c717907b94\opt\zephyr-sdk\arm-zephyr-eabi\bin\../lib/gcc/../../picolibc/arm-zephyr-eabi/lib/thumb/v8-m.main/nofp\libc.a(libc_string_strnlen.c.o)
                0x000000000000559e                strnlen
 .text.__ultoa_invert
                0x00000000000055b6       0xac c:\ncs\toolchains\c717907b94\opt\zephyr-sdk\arm-zephyr-eabi\bin\../lib/gcc/../../picolibc/arm-zephyr-eabi/lib/thumb/v8-m.main/nofp\libc.a(libc_tinystdio_vflprintf.c.o)
 *(SORT_BY_ALIGNMENT(.TEXT.*))
 *fill*         0x0000000000005662        0x2 
 .TEXT.__aeabi_read_tp
                0x0000000000005664        0xc zephyr/arch/arch/arm/core/cortex_m/libarch__arm__core__cortex_m.a(__aeabi_read_tp.S.obj)
                0x0000000000005664                __aeabi_read_tp
 *(SORT_BY_ALIGNMENT(.gnu.linkonce.t.*))
 *(SORT_BY_ALIGNMENT(.glue_7t))
 .glue_7t       0x0000000000005670        0x0 linker stubs
 *(SORT_BY_ALIGNMENT(.glue_7))
 .glue_7        0x0000000000005670        0x0 linker stubs
 *(SORT_BY_ALIGNMENT(.vfp11_veneer))
 .vfp11_veneer  0x0000000000005670        0x0 linker stubs
 *(SORT_BY_ALIGNMENT(.v4_bx))
 .v4_bx         0x0000000000005670        0x0 linker stubs
                0x0000000000005670                . = ALIGN (0x4)
                0x0000000000005670                __text_region_end = .

.ARM.exidx      0x0000000000005670        0x0
                0x0000000000005670                __exidx_start = .
 *(SORT_BY_ALIGNMENT(.ARM.exidx*) SORT_BY_ALIGNMENT(gnu.linkonce.armexidx.*))
                0x0000000000005670                __exidx_end = .
                0x0000000000005670                __rodata_region_start = .

initlevel       0x0000000000005670       0x58
                0x0000000000005670                __init_start = .
                0x0000000000005670                __init_EARLY_start = .
 *(SORT_BY_NAME(SORT_BY_ALIGNMENT(.z_init_EARLY_P_?_*)))
 *(SORT_BY_NAME(SORT_BY_ALIGNMENT(.z_init_EARLY_P_??_*)))
 *(SORT_BY_NAME(SORT_BY_ALIGNMENT(.z_init_EARLY_P_???_*)))
                0x0000000000005670                __init_PRE_KERNEL_1_start = .
 *(SORT_BY_NAME(SORT_BY_ALIGNMENT(.z_init_PRE_KERNEL_1_P_?_*)))
 .z_init_PRE_KERNEL_1_P_0_SUB_0_
                0x0000000000005670        0x8 zephyr/soc/soc/nrf5340/libsoc__nordic.a(gppi_init.c.obj)
 *(SORT_BY_NAME(SORT_BY_ALIGNMENT(.z_init_PRE_KERNEL_1_P_??_*)))
 .z_init_PRE_KERNEL_1_P_30_SUB_00079_
                0x0000000000005678        0x8 zephyr/drivers/clock_control/libdrivers__clock_control.a(clock_control_nrf.c.obj)
 .z_init_PRE_KERNEL_1_P_30_SUB_0_
                0x0000000000005680        0x8 zephyr/kernel/libkernel.a(mem_slab.c.obj)
 .z_init_PRE_KERNEL_1_P_40_SUB_00012_
                0x0000000000005688        0x8 zephyr/drivers/gpio/libdrivers__gpio.a(gpio_nrfx.c.obj)
 .z_init_PRE_KERNEL_1_P_40_SUB_00033_
                0x0000000000005690        0x8 zephyr/drivers/gpio/libdrivers__gpio.a(gpio_nrfx.c.obj)
 .z_init_PRE_KERNEL_1_P_40_SUB_0_
                0x0000000000005698        0x8 modules/nrf/drivers/hw_cc3xx/lib..__nrf__drivers__hw_cc3xx.a(hw_cc3xx.c.obj)
 .z_init_PRE_KERNEL_1_P_50_SUB_00116_
                0x00000000000056a0        0x8 zephyr/drivers/serial/libdrivers__serial.a(uart_nrfx_uarte.c.obj)
 .z_init_PRE_KERNEL_1_P_60_SUB_0_
                0x00000000000056a8        0x8 zephyr/drivers/console/libdrivers__console.a(uart_console.c.obj)
 *(SORT_BY_NAME(SORT_BY_ALIGNMENT(.z_init_PRE_KERNEL_1_P_???_*)))
                0x00000000000056b0                __init_PRE_KERNEL_2_start = .
 *(SORT_BY_NAME(SORT_BY_ALIGNMENT(.z_init_PRE_KERNEL_2_P_?_*)))
 .z_init_PRE_KERNEL_2_P_0_SUB_0_
                0x00000000000056b0        0x8 zephyr/drivers/timer/libdrivers__timer.a(nrf_rtc_timer.c.obj)
 *(SORT_BY_NAME(SORT_BY_ALIGNMENT(.z_init_PRE_KERNEL_2_P_??_*)))
 *(SORT_BY_NAME(SORT_BY_ALIGNMENT(.z_init_PRE_KERNEL_2_P_???_*)))
                0x00000000000056b8                __init_POST_KERNEL_start = .
 *(SORT_BY_NAME(SORT_BY_ALIGNMENT(.z_init_POST_KERNEL_P_?_*)))
 *(SORT_BY_NAME(SORT_BY_ALIGNMENT(.z_init_POST_KERNEL_P_??_*)))
 .z_init_POST_KERNEL_P_35_SUB_0_
                0x00000000000056b8        0x8 zephyr/lib/libc/common/liblib__libc__common.a(malloc.c.obj)
 .z_init_POST_KERNEL_P_40_SUB_0_
                0x00000000000056c0        0x8 modules/nrf/drivers/hw_cc3xx/lib..__nrf__drivers__hw_cc3xx.a(hw_cc3xx.c.obj)
 *(SORT_BY_NAME(SORT_BY_ALIGNMENT(.z_init_POST_KERNEL_P_???_*)))
                0x00000000000056c8                __init_APPLICATION_start = .
 *(SORT_BY_NAME(SORT_BY_ALIGNMENT(.z_init_APPLICATION_P_?_*)))
 *(SORT_BY_NAME(SORT_BY_ALIGNMENT(.z_init_APPLICATION_P_??_*)))
 *(SORT_BY_NAME(SORT_BY_ALIGNMENT(.z_init_APPLICATION_P_???_*)))
                0x00000000000056c8                __init_SMP_start = .
 *(SORT_BY_NAME(SORT_BY_ALIGNMENT(.z_init_SMP_P_?_*)))
 *(SORT_BY_NAME(SORT_BY_ALIGNMENT(.z_init_SMP_P_??_*)))
 *(SORT_BY_NAME(SORT_BY_ALIGNMENT(.z_init_SMP_P_???_*)))
                0x00000000000056c8                __init_end = .

device_area     0x00000000000056c8       0x80
                0x00000000000056c8                _device_list_start = .
 *(SORT_BY_NAME(SORT_BY_ALIGNMENT(._device.static.*_?_*)))
 *(SORT_BY_NAME(SORT_BY_ALIGNMENT(._device.static.*_??_*)))
 ._device.static.1_30_
                0x00000000000056c8       0x20 zephyr/drivers/clock_control/libdrivers__clock_control.a(clock_control_nrf.c.obj)
                0x00000000000056c8                __device_dts_ord_79
 ._device.static.1_40_
                0x00000000000056e8       0x40 zephyr/drivers/gpio/libdrivers__gpio.a(gpio_nrfx.c.obj)
                0x00000000000056e8                __device_dts_ord_33
                0x0000000000005708                __device_dts_ord_12
 ._device.static.1_50_
                0x0000000000005728       0x20 zephyr/drivers/serial/libdrivers__serial.a(uart_nrfx_uarte.c.obj)
                0x0000000000005728                __device_dts_ord_116
 *(SORT_BY_NAME(SORT_BY_ALIGNMENT(._device.static.*_???_*)))
 *(SORT_BY_NAME(SORT_BY_ALIGNMENT(._device.static.*_????_*)))
 *(SORT_BY_NAME(SORT_BY_ALIGNMENT(._device.static.*_?????_*)))
                0x0000000000005748                _device_list_end = .

sw_isr_table    0x0000000000005748      0x228
                0x0000000000005748                . = ALIGN (0x4)
 *(SORT_BY_ALIGNMENT(.gnu.linkonce.sw_isr_table*))
 .gnu.linkonce.sw_isr_table
                0x0000000000005748      0x228 zephyr/arch/common/libisr_tables.a(isr_tables.c.obj)
                0x0000000000005748                _sw_isr_table

initlevel_error
                0x0000000000005670        0x0
 *(SORT_BY_NAME(SORT_BY_ALIGNMENT(.z_init_*)))
                0x0000000000000001                ASSERT ((SIZEOF (initlevel_error) == 0x0), Undefined initialization levels used.)

app_shmem_regions
                0x0000000000005970        0x0
                0x0000000000005970                __app_shmem_regions_start = .
 *(SORT_BY_NAME(SORT_BY_ALIGNMENT(.app_regions.*)))
                0x0000000000005970                __app_shmem_regions_end = .

k_p4wq_initparam_area
                0x0000000000005970        0x0
                0x0000000000005970                _k_p4wq_initparam_list_start = .
 *(SORT_BY_NAME(SORT_BY_ALIGNMENT(._k_p4wq_initparam.static.*)))
                0x0000000000005970                _k_p4wq_initparam_list_end = .

_static_thread_data_area
                0x0000000000005970       0x60
                0x0000000000005970                __static_thread_data_list_start = .
 *(SORT_BY_NAME(SORT_BY_ALIGNMENT(.__static_thread_data.static.*)))
 .__static_thread_data.static._k_thread_data_thread0_id_
                0x0000000000005970       0x30 app/libapp.a(main.c.obj)
                0x0000000000005970                _k_thread_data_thread0_id
 .__static_thread_data.static._k_thread_data_thread1_id_
                0x00000000000059a0       0x30 app/libapp.a(main.c.obj)
                0x00000000000059a0                _k_thread_data_thread1_id
                0x00000000000059d0                __static_thread_data_list_end = .

device_deps     0x00000000000059d0        0x0
                0x00000000000059d0                __device_deps_start = .
 *(SORT_BY_NAME(SORT_BY_ALIGNMENT(.__device_deps_pass2*)))
                0x00000000000059d0                __device_deps_end = .

gpio_driver_api_area
                0x00000000000059d0       0x24
                0x00000000000059d0                _gpio_driver_api_list_start = .
 *(SORT_BY_NAME(SORT_BY_ALIGNMENT(._gpio_driver_api.static.*)))
 ._gpio_driver_api.static.gpio_nrfx_drv_api_funcs_
                0x00000000000059d0       0x24 zephyr/drivers/gpio/libdrivers__gpio.a(gpio_nrfx.c.obj)
                0x00000000000059f4                _gpio_driver_api_list_end = .

shared_irq_driver_api_area
                0x00000000000059f4        0x0
                0x00000000000059f4                _shared_irq_driver_api_list_start = .
 *(SORT_BY_NAME(SORT_BY_ALIGNMENT(._shared_irq_driver_api.static.*)))
                0x00000000000059f4                _shared_irq_driver_api_list_end = .

crypto_driver_api_area
                0x00000000000059f4        0x0
                0x00000000000059f4                _crypto_driver_api_list_start = .
 *(SORT_BY_NAME(SORT_BY_ALIGNMENT(._crypto_driver_api.static.*)))
                0x00000000000059f4                _crypto_driver_api_list_end = .

adc_driver_api_area
                0x00000000000059f4        0x0
                0x00000000000059f4                _adc_driver_api_list_start = .
 *(SORT_BY_NAME(SORT_BY_ALIGNMENT(._adc_driver_api.static.*)))
                0x00000000000059f4                _adc_driver_api_list_end = .

auxdisplay_driver_api_area
                0x00000000000059f4        0x0
                0x00000000000059f4                _auxdisplay_driver_api_list_start = .
 *(SORT_BY_NAME(SORT_BY_ALIGNMENT(._auxdisplay_driver_api.static.*)))
                0x00000000000059f4                _auxdisplay_driver_api_list_end = .

bbram_driver_api_area
                0x00000000000059f4        0x0
                0x00000000000059f4                _bbram_driver_api_list_start = .
 *(SORT_BY_NAME(SORT_BY_ALIGNMENT(._bbram_driver_api.static.*)))
                0x00000000000059f4                _bbram_driver_api_list_end = .

bt_hci_driver_api_area
                0x00000000000059f4        0x0
                0x00000000000059f4                _bt_hci_driver_api_list_start = .
 *(SORT_BY_NAME(SORT_BY_ALIGNMENT(._bt_hci_driver_api.static.*)))
                0x00000000000059f4                _bt_hci_driver_api_list_end = .

can_driver_api_area
                0x00000000000059f4        0x0
                0x00000000000059f4                _can_driver_api_list_start = .
 *(SORT_BY_NAME(SORT_BY_ALIGNMENT(._can_driver_api.static.*)))
                0x00000000000059f4                _can_driver_api_list_end = .

cellular_driver_api_area
                0x00000000000059f4        0x0
                0x00000000000059f4                _cellular_driver_api_list_start = .
 *(SORT_BY_NAME(SORT_BY_ALIGNMENT(._cellular_driver_api.static.*)))
                0x00000000000059f4                _cellular_driver_api_list_end = .

charger_driver_api_area
                0x00000000000059f4        0x0
                0x00000000000059f4                _charger_driver_api_list_start = .
 *(SORT_BY_NAME(SORT_BY_ALIGNMENT(._charger_driver_api.static.*)))
                0x00000000000059f4                _charger_driver_api_list_end = .

clock_control_driver_api_area
                0x00000000000059f4       0x1c
                0x00000000000059f4                _clock_control_driver_api_list_start = .
 *(SORT_BY_NAME(SORT_BY_ALIGNMENT(._clock_control_driver_api.static.*)))
 ._clock_control_driver_api.static.clock_control_api_
                0x00000000000059f4       0x1c zephyr/drivers/clock_control/libdrivers__clock_control.a(clock_control_nrf.c.obj)
                0x0000000000005a10                _clock_control_driver_api_list_end = .

comparator_driver_api_area
                0x0000000000005a10        0x0
                0x0000000000005a10                _comparator_driver_api_list_start = .
 *(SORT_BY_NAME(SORT_BY_ALIGNMENT(._comparator_driver_api.static.*)))
                0x0000000000005a10                _comparator_driver_api_list_end = .

coredump_driver_api_area
                0x0000000000005a10        0x0
                0x0000000000005a10                _coredump_driver_api_list_start = .
 *(SORT_BY_NAME(SORT_BY_ALIGNMENT(._coredump_driver_api.static.*)))
                0x0000000000005a10                _coredump_driver_api_list_end = .

counter_driver_api_area
                0x0000000000005a10        0x0
                0x0000000000005a10                _counter_driver_api_list_start = .
 *(SORT_BY_NAME(SORT_BY_ALIGNMENT(._counter_driver_api.static.*)))
                0x0000000000005a10                _counter_driver_api_list_end = .

crc_driver_api_area
                0x0000000000005a10        0x0
                0x0000000000005a10                _crc_driver_api_list_start = .
 *(SORT_BY_NAME(SORT_BY_ALIGNMENT(._crc_driver_api.static.*)))
                0x0000000000005a10                _crc_driver_api_list_end = .

dac_driver_api_area
                0x0000000000005a10        0x0
                0x0000000000005a10                _dac_driver_api_list_start = .
 *(SORT_BY_NAME(SORT_BY_ALIGNMENT(._dac_driver_api.static.*)))
                0x0000000000005a10                _dac_driver_api_list_end = .

dai_driver_api_area
                0x0000000000005a10        0x0
                0x0000000000005a10                _dai_driver_api_list_start = .
 *(SORT_BY_NAME(SORT_BY_ALIGNMENT(._dai_driver_api.static.*)))
                0x0000000000005a10                _dai_driver_api_list_end = .

display_driver_api_area
                0x0000000000005a10        0x0
                0x0000000000005a10                _display_driver_api_list_start = .
 *(SORT_BY_NAME(SORT_BY_ALIGNMENT(._display_driver_api.static.*)))
                0x0000000000005a10                _display_driver_api_list_end = .

dma_driver_api_area
                0x0000000000005a10        0x0
                0x0000000000005a10                _dma_driver_api_list_start = .
 *(SORT_BY_NAME(SORT_BY_ALIGNMENT(._dma_driver_api.static.*)))
                0x0000000000005a10                _dma_driver_api_list_end = .

edac_driver_api_area
                0x0000000000005a10        0x0
                0x0000000000005a10                _edac_driver_api_list_start = .
 *(SORT_BY_NAME(SORT_BY_ALIGNMENT(._edac_driver_api.static.*)))
                0x0000000000005a10                _edac_driver_api_list_end = .

eeprom_driver_api_area
                0x0000000000005a10        0x0
                0x0000000000005a10                _eeprom_driver_api_list_start = .
 *(SORT_BY_NAME(SORT_BY_ALIGNMENT(._eeprom_driver_api.static.*)))
                0x0000000000005a10                _eeprom_driver_api_list_end = .

emul_bbram_driver_api_area
                0x0000000000005a10        0x0
                0x0000000000005a10                _emul_bbram_driver_api_list_start = .
 *(SORT_BY_NAME(SORT_BY_ALIGNMENT(._emul_bbram_driver_api.static.*)))
                0x0000000000005a10                _emul_bbram_driver_api_list_end = .

fuel_gauge_emul_driver_api_area
                0x0000000000005a10        0x0
                0x0000000000005a10                _fuel_gauge_emul_driver_api_list_start = .
 *(SORT_BY_NAME(SORT_BY_ALIGNMENT(._fuel_gauge_emul_driver_api.static.*)))
                0x0000000000005a10                _fuel_gauge_emul_driver_api_list_end = .

emul_sensor_driver_api_area
                0x0000000000005a10        0x0
                0x0000000000005a10                _emul_sensor_driver_api_list_start = .
 *(SORT_BY_NAME(SORT_BY_ALIGNMENT(._emul_sensor_driver_api.static.*)))
                0x0000000000005a10                _emul_sensor_driver_api_list_end = .

entropy_driver_api_area
                0x0000000000005a10        0x0
                0x0000000000005a10                _entropy_driver_api_list_start = .
 *(SORT_BY_NAME(SORT_BY_ALIGNMENT(._entropy_driver_api.static.*)))
                0x0000000000005a10                _entropy_driver_api_list_end = .

espi_driver_api_area
                0x0000000000005a10        0x0
                0x0000000000005a10                _espi_driver_api_list_start = .
 *(SORT_BY_NAME(SORT_BY_ALIGNMENT(._espi_driver_api.static.*)))
                0x0000000000005a10                _espi_driver_api_list_end = .

espi_saf_driver_api_area
                0x0000000000005a10        0x0
                0x0000000000005a10                _espi_saf_driver_api_list_start = .
 *(SORT_BY_NAME(SORT_BY_ALIGNMENT(._espi_saf_driver_api.static.*)))
                0x0000000000005a10                _espi_saf_driver_api_list_end = .

flash_driver_api_area
                0x0000000000005a10        0x0
                0x0000000000005a10                _flash_driver_api_list_start = .
 *(SORT_BY_NAME(SORT_BY_ALIGNMENT(._flash_driver_api.static.*)))
                0x0000000000005a10                _flash_driver_api_list_end = .

fpga_driver_api_area
                0x0000000000005a10        0x0
                0x0000000000005a10                _fpga_driver_api_list_start = .
 *(SORT_BY_NAME(SORT_BY_ALIGNMENT(._fpga_driver_api.static.*)))
                0x0000000000005a10                _fpga_driver_api_list_end = .

fuel_gauge_driver_api_area
                0x0000000000005a10        0x0
                0x0000000000005a10                _fuel_gauge_driver_api_list_start = .
 *(SORT_BY_NAME(SORT_BY_ALIGNMENT(._fuel_gauge_driver_api.static.*)))
                0x0000000000005a10                _fuel_gauge_driver_api_list_end = .

gnss_driver_api_area
                0x0000000000005a10        0x0
                0x0000000000005a10                _gnss_driver_api_list_start = .
 *(SORT_BY_NAME(SORT_BY_ALIGNMENT(._gnss_driver_api.static.*)))
                0x0000000000005a10                _gnss_driver_api_list_end = .

haptics_driver_api_area
                0x0000000000005a10        0x0
                0x0000000000005a10                _haptics_driver_api_list_start = .
 *(SORT_BY_NAME(SORT_BY_ALIGNMENT(._haptics_driver_api.static.*)))
                0x0000000000005a10                _haptics_driver_api_list_end = .

hwspinlock_driver_api_area
                0x0000000000005a10        0x0
                0x0000000000005a10                _hwspinlock_driver_api_list_start = .
 *(SORT_BY_NAME(SORT_BY_ALIGNMENT(._hwspinlock_driver_api.static.*)))
                0x0000000000005a10                _hwspinlock_driver_api_list_end = .

i2c_driver_api_area
                0x0000000000005a10        0x0
                0x0000000000005a10                _i2c_driver_api_list_start = .
 *(SORT_BY_NAME(SORT_BY_ALIGNMENT(._i2c_driver_api.static.*)))
                0x0000000000005a10                _i2c_driver_api_list_end = .

i2c_target_driver_api_area
                0x0000000000005a10        0x0
                0x0000000000005a10                _i2c_target_driver_api_list_start = .
 *(SORT_BY_NAME(SORT_BY_ALIGNMENT(._i2c_target_driver_api.static.*)))
                0x0000000000005a10                _i2c_target_driver_api_list_end = .

i2s_driver_api_area
                0x0000000000005a10        0x0
                0x0000000000005a10                _i2s_driver_api_list_start = .
 *(SORT_BY_NAME(SORT_BY_ALIGNMENT(._i2s_driver_api.static.*)))
                0x0000000000005a10                _i2s_driver_api_list_end = .

i3c_driver_api_area
                0x0000000000005a10        0x0
                0x0000000000005a10                _i3c_driver_api_list_start = .
 *(SORT_BY_NAME(SORT_BY_ALIGNMENT(._i3c_driver_api.static.*)))
                0x0000000000005a10                _i3c_driver_api_list_end = .

ipm_driver_api_area
                0x0000000000005a10        0x0
                0x0000000000005a10                _ipm_driver_api_list_start = .
 *(SORT_BY_NAME(SORT_BY_ALIGNMENT(._ipm_driver_api.static.*)))
                0x0000000000005a10                _ipm_driver_api_list_end = .

led_driver_api_area
                0x0000000000005a10        0x0
                0x0000000000005a10                _led_driver_api_list_start = .
 *(SORT_BY_NAME(SORT_BY_ALIGNMENT(._led_driver_api.static.*)))
                0x0000000000005a10                _led_driver_api_list_end = .

led_strip_driver_api_area
                0x0000000000005a10        0x0
                0x0000000000005a10                _led_strip_driver_api_list_start = .
 *(SORT_BY_NAME(SORT_BY_ALIGNMENT(._led_strip_driver_api.static.*)))
                0x0000000000005a10                _led_strip_driver_api_list_end = .

lora_driver_api_area
                0x0000000000005a10        0x0
                0x0000000000005a10                _lora_driver_api_list_start = .
 *(SORT_BY_NAME(SORT_BY_ALIGNMENT(._lora_driver_api.static.*)))
                0x0000000000005a10                _lora_driver_api_list_end = .

mbox_driver_api_area
                0x0000000000005a10        0x0
                0x0000000000005a10                _mbox_driver_api_list_start = .
 *(SORT_BY_NAME(SORT_BY_ALIGNMENT(._mbox_driver_api.static.*)))
                0x0000000000005a10                _mbox_driver_api_list_end = .

mdio_driver_api_area
                0x0000000000005a10        0x0
                0x0000000000005a10                _mdio_driver_api_list_start = .
 *(SORT_BY_NAME(SORT_BY_ALIGNMENT(._mdio_driver_api.static.*)))
                0x0000000000005a10                _mdio_driver_api_list_end = .

mipi_dbi_driver_api_area
                0x0000000000005a10        0x0
                0x0000000000005a10                _mipi_dbi_driver_api_list_start = .
 *(SORT_BY_NAME(SORT_BY_ALIGNMENT(._mipi_dbi_driver_api.static.*)))
                0x0000000000005a10                _mipi_dbi_driver_api_list_end = .

mipi_dsi_driver_api_area
                0x0000000000005a10        0x0
                0x0000000000005a10                _mipi_dsi_driver_api_list_start = .
 *(SORT_BY_NAME(SORT_BY_ALIGNMENT(._mipi_dsi_driver_api.static.*)))
                0x0000000000005a10                _mipi_dsi_driver_api_list_end = .

mspi_driver_api_area
                0x0000000000005a10        0x0
                0x0000000000005a10                _mspi_driver_api_list_start = .
 *(SORT_BY_NAME(SORT_BY_ALIGNMENT(._mspi_driver_api.static.*)))
                0x0000000000005a10                _mspi_driver_api_list_end = .

peci_driver_api_area
                0x0000000000005a10        0x0
                0x0000000000005a10                _peci_driver_api_list_start = .
 *(SORT_BY_NAME(SORT_BY_ALIGNMENT(._peci_driver_api.static.*)))
                0x0000000000005a10                _peci_driver_api_list_end = .

ps2_driver_api_area
                0x0000000000005a10        0x0
                0x0000000000005a10                _ps2_driver_api_list_start = .
 *(SORT_BY_NAME(SORT_BY_ALIGNMENT(._ps2_driver_api.static.*)))
                0x0000000000005a10                _ps2_driver_api_list_end = .

ptp_clock_driver_api_area
                0x0000000000005a10        0x0
                0x0000000000005a10                _ptp_clock_driver_api_list_start = .
 *(SORT_BY_NAME(SORT_BY_ALIGNMENT(._ptp_clock_driver_api.static.*)))
                0x0000000000005a10                _ptp_clock_driver_api_list_end = .

pwm_driver_api_area
                0x0000000000005a10        0x0
                0x0000000000005a10                _pwm_driver_api_list_start = .
 *(SORT_BY_NAME(SORT_BY_ALIGNMENT(._pwm_driver_api.static.*)))
                0x0000000000005a10                _pwm_driver_api_list_end = .

regulator_parent_driver_api_area
                0x0000000000005a10        0x0
                0x0000000000005a10                _regulator_parent_driver_api_list_start = .
 *(SORT_BY_NAME(SORT_BY_ALIGNMENT(._regulator_parent_driver_api.static.*)))
                0x0000000000005a10                _regulator_parent_driver_api_list_end = .

regulator_driver_api_area
                0x0000000000005a10        0x0
                0x0000000000005a10                _regulator_driver_api_list_start = .
 *(SORT_BY_NAME(SORT_BY_ALIGNMENT(._regulator_driver_api.static.*)))
                0x0000000000005a10                _regulator_driver_api_list_end = .

reset_driver_api_area
                0x0000000000005a10        0x0
                0x0000000000005a10                _reset_driver_api_list_start = .
 *(SORT_BY_NAME(SORT_BY_ALIGNMENT(._reset_driver_api.static.*)))
                0x0000000000005a10                _reset_driver_api_list_end = .

retained_mem_driver_api_area
                0x0000000000005a10        0x0
                0x0000000000005a10                _retained_mem_driver_api_list_start = .
 *(SORT_BY_NAME(SORT_BY_ALIGNMENT(._retained_mem_driver_api.static.*)))
                0x0000000000005a10                _retained_mem_driver_api_list_end = .

rtc_driver_api_area
                0x0000000000005a10        0x0
                0x0000000000005a10                _rtc_driver_api_list_start = .
 *(SORT_BY_NAME(SORT_BY_ALIGNMENT(._rtc_driver_api.static.*)))
                0x0000000000005a10                _rtc_driver_api_list_end = .

sdhc_driver_api_area
                0x0000000000005a10        0x0
                0x0000000000005a10                _sdhc_driver_api_list_start = .
 *(SORT_BY_NAME(SORT_BY_ALIGNMENT(._sdhc_driver_api.static.*)))
                0x0000000000005a10                _sdhc_driver_api_list_end = .

sensor_driver_api_area
                0x0000000000005a10        0x0
                0x0000000000005a10                _sensor_driver_api_list_start = .
 *(SORT_BY_NAME(SORT_BY_ALIGNMENT(._sensor_driver_api.static.*)))
                0x0000000000005a10                _sensor_driver_api_list_end = .

smbus_driver_api_area
                0x0000000000005a10        0x0
                0x0000000000005a10                _smbus_driver_api_list_start = .
 *(SORT_BY_NAME(SORT_BY_ALIGNMENT(._smbus_driver_api.static.*)))
                0x0000000000005a10                _smbus_driver_api_list_end = .

spi_driver_api_area
                0x0000000000005a10        0x0
                0x0000000000005a10                _spi_driver_api_list_start = .
 *(SORT_BY_NAME(SORT_BY_ALIGNMENT(._spi_driver_api.static.*)))
                0x0000000000005a10                _spi_driver_api_list_end = .

stepper_driver_api_area
                0x0000000000005a10        0x0
                0x0000000000005a10                _stepper_driver_api_list_start = .
 *(SORT_BY_NAME(SORT_BY_ALIGNMENT(._stepper_driver_api.static.*)))
                0x0000000000005a10                _stepper_driver_api_list_end = .

syscon_driver_api_area
                0x0000000000005a10        0x0
                0x0000000000005a10                _syscon_driver_api_list_start = .
 *(SORT_BY_NAME(SORT_BY_ALIGNMENT(._syscon_driver_api.static.*)))
                0x0000000000005a10                _syscon_driver_api_list_end = .

tee_driver_api_area
                0x0000000000005a10        0x0
                0x0000000000005a10                _tee_driver_api_list_start = .
 *(SORT_BY_NAME(SORT_BY_ALIGNMENT(._tee_driver_api.static.*)))
                0x0000000000005a10                _tee_driver_api_list_end = .

video_driver_api_area
                0x0000000000005a10        0x0
                0x0000000000005a10                _video_driver_api_list_start = .
 *(SORT_BY_NAME(SORT_BY_ALIGNMENT(._video_driver_api.static.*)))
                0x0000000000005a10                _video_driver_api_list_end = .

virtio_driver_api_area
                0x0000000000005a10        0x0
                0x0000000000005a10                _virtio_driver_api_list_start = .
 *(SORT_BY_NAME(SORT_BY_ALIGNMENT(._virtio_driver_api.static.*)))
                0x0000000000005a10                _virtio_driver_api_list_end = .

w1_driver_api_area
                0x0000000000005a10        0x0
                0x0000000000005a10                _w1_driver_api_list_start = .
 *(SORT_BY_NAME(SORT_BY_ALIGNMENT(._w1_driver_api.static.*)))
                0x0000000000005a10                _w1_driver_api_list_end = .

wdt_driver_api_area
                0x0000000000005a10        0x0
                0x0000000000005a10                _wdt_driver_api_list_start = .
 *(SORT_BY_NAME(SORT_BY_ALIGNMENT(._wdt_driver_api.static.*)))
                0x0000000000005a10                _wdt_driver_api_list_end = .

can_transceiver_driver_api_area
                0x0000000000005a10        0x0
                0x0000000000005a10                _can_transceiver_driver_api_list_start = .
 *(SORT_BY_NAME(SORT_BY_ALIGNMENT(._can_transceiver_driver_api.static.*)))
                0x0000000000005a10                _can_transceiver_driver_api_list_end = .

nrf_clock_control_driver_api_area
                0x0000000000005a10        0x0
                0x0000000000005a10                _nrf_clock_control_driver_api_list_start = .
 *(SORT_BY_NAME(SORT_BY_ALIGNMENT(._nrf_clock_control_driver_api.static.*)))
                0x0000000000005a10                _nrf_clock_control_driver_api_list_end = .

i3c_target_driver_api_area
                0x0000000000005a10        0x0
                0x0000000000005a10                _i3c_target_driver_api_list_start = .
 *(SORT_BY_NAME(SORT_BY_ALIGNMENT(._i3c_target_driver_api.static.*)))
                0x0000000000005a10                _i3c_target_driver_api_list_end = .

its_driver_api_area
                0x0000000000005a10        0x0
                0x0000000000005a10                _its_driver_api_list_start = .
 *(SORT_BY_NAME(SORT_BY_ALIGNMENT(._its_driver_api.static.*)))
                0x0000000000005a10                _its_driver_api_list_end = .

vtd_driver_api_area
                0x0000000000005a10        0x0
                0x0000000000005a10                _vtd_driver_api_list_start = .
 *(SORT_BY_NAME(SORT_BY_ALIGNMENT(._vtd_driver_api.static.*)))
                0x0000000000005a10                _vtd_driver_api_list_end = .

renesas_elc_driver_api_area
                0x0000000000005a10        0x0
                0x0000000000005a10                _renesas_elc_driver_api_list_start = .
 *(SORT_BY_NAME(SORT_BY_ALIGNMENT(._renesas_elc_driver_api.static.*)))
                0x0000000000005a10                _renesas_elc_driver_api_list_end = .

tgpio_driver_api_area
                0x0000000000005a10        0x0
                0x0000000000005a10                _tgpio_driver_api_list_start = .
 *(SORT_BY_NAME(SORT_BY_ALIGNMENT(._tgpio_driver_api.static.*)))
                0x0000000000005a10                _tgpio_driver_api_list_end = .

pcie_ctrl_driver_api_area
                0x0000000000005a10        0x0
                0x0000000000005a10                _pcie_ctrl_driver_api_list_start = .
 *(SORT_BY_NAME(SORT_BY_ALIGNMENT(._pcie_ctrl_driver_api.static.*)))
                0x0000000000005a10                _pcie_ctrl_driver_api_list_end = .

pcie_ep_driver_api_area
                0x0000000000005a10        0x0
                0x0000000000005a10                _pcie_ep_driver_api_list_start = .
 *(SORT_BY_NAME(SORT_BY_ALIGNMENT(._pcie_ep_driver_api.static.*)))
                0x0000000000005a10                _pcie_ep_driver_api_list_end = .

psi5_driver_api_area
                0x0000000000005a10        0x0
                0x0000000000005a10                _psi5_driver_api_list_start = .
 *(SORT_BY_NAME(SORT_BY_ALIGNMENT(._psi5_driver_api.static.*)))
                0x0000000000005a10                _psi5_driver_api_list_end = .

sent_driver_api_area
                0x0000000000005a10        0x0
                0x0000000000005a10                _sent_driver_api_list_start = .
 *(SORT_BY_NAME(SORT_BY_ALIGNMENT(._sent_driver_api.static.*)))
                0x0000000000005a10                _sent_driver_api_list_end = .

svc_driver_api_area
                0x0000000000005a10        0x0
                0x0000000000005a10                _svc_driver_api_list_start = .
 *(SORT_BY_NAME(SORT_BY_ALIGNMENT(._svc_driver_api.static.*)))
                0x0000000000005a10                _svc_driver_api_list_end = .

uart_driver_api_area
                0x0000000000005a10        0xc
                0x0000000000005a10                _uart_driver_api_list_start = .
 *(SORT_BY_NAME(SORT_BY_ALIGNMENT(._uart_driver_api.static.*)))
 ._uart_driver_api.static.uart_nrfx_uarte_driver_api_
                0x0000000000005a10        0xc zephyr/drivers/serial/libdrivers__serial.a(uart_nrfx_uarte.c.obj)
                0x0000000000005a1c                _uart_driver_api_list_end = .

bc12_emul_driver_api_area
                0x0000000000005a1c        0x0
                0x0000000000005a1c                _bc12_emul_driver_api_list_start = .
 *(SORT_BY_NAME(SORT_BY_ALIGNMENT(._bc12_emul_driver_api.static.*)))
                0x0000000000005a1c                _bc12_emul_driver_api_list_end = .

bc12_driver_api_area
                0x0000000000005a1c        0x0
                0x0000000000005a1c                _bc12_driver_api_list_start = .
 *(SORT_BY_NAME(SORT_BY_ALIGNMENT(._bc12_driver_api.static.*)))
                0x0000000000005a1c                _bc12_driver_api_list_end = .

usbc_ppc_driver_api_area
                0x0000000000005a1c        0x0