Archive member included to satisfy reference by file (symbol)

app/libapp.a(main.c.obj)      (--whole-archive)
zephyr/libzephyr.a(validate_libc.c.obj)
                              (--whole-archive)
zephyr/libzephyr.a(heap.c.obj)
                              (--whole-archive)
zephyr/libzephyr.a(cbprintf_packaged.c.obj)
                              (--whole-archive)
zephyr/libzephyr.a(clock.c.obj)
                              (--whole-archive)
zephyr/libzephyr.a(printk.c.obj)
                              (--whole-archive)
zephyr/libzephyr.a(sem.c.obj)
                              (--whole-archive)
zephyr/libzephyr.a(thread_entry.c.obj)
                              (--whole-archive)
zephyr/libzephyr.a(cbprintf_complete.c.obj)
                              (--whole-archive)
zephyr/libzephyr.a(assert.c.obj)
                              (--whole-archive)
zephyr/libzephyr.a(dec.c.obj)
                              (--whole-archive)
zephyr/libzephyr.a(hex.c.obj)
                              (--whole-archive)
zephyr/libzephyr.a(rb.c.obj)  (--whole-archive)
zephyr/libzephyr.a(timeutil.c.obj)
                              (--whole-archive)
zephyr/libzephyr.a(bitarray.c.obj)
                              (--whole-archive)
zephyr/libzephyr.a(bitmask.c.obj)
                              (--whole-archive)
zephyr/libzephyr.a(onoff.c.obj)
                              (--whole-archive)
zephyr/libzephyr.a(notify.c.obj)
                              (--whole-archive)
zephyr/libzephyr.a(ring_buffer.c.obj)
                              (--whole-archive)
zephyr/libzephyr.a(last_section_id.c.obj)
                              (--whole-archive)
zephyr/libzephyr.a(configs.c.obj)
                              (--whole-archive)
zephyr/libzephyr.a(thread_info.c.obj)
                              (--whole-archive)
zephyr/libzephyr.a(mem_attr.c.obj)
                              (--whole-archive)
zephyr/libzephyr.a(tracing_none.c.obj)
                              (--whole-archive)
zephyr/libzephyr.a(banner.c.obj)
                              (--whole-archive)
zephyr/libzephyr.a(flash_map_partition_manager.c.obj)
                              (--whole-archive)
zephyr/libzephyr.a(nrf_cc3xx_platform_abort_zephyr.c.obj)
                              (--whole-archive)
zephyr/libzephyr.a(nrf_cc3xx_platform_mutex_zephyr.c.obj)
                              (--whole-archive)
zephyr/arch/common/libarch__common.a(sw_isr_common.c.obj)
                              (--whole-archive)
zephyr/arch/common/libarch__common.a(init.c.obj)
                              (--whole-archive)
zephyr/arch/common/libarch__common.a(xip.c.obj)
                              (--whole-archive)
zephyr/arch/arch/arm/core/libarch__arm__core.a(fatal.c.obj)
                              (--whole-archive)
zephyr/arch/arch/arm/core/libarch__arm__core.a(nmi.c.obj)
                              (--whole-archive)
zephyr/arch/arch/arm/core/libarch__arm__core.a(nmi_on_reset.S.obj)
                              (--whole-archive)
zephyr/arch/arch/arm/core/libarch__arm__core.a(tls.c.obj)
                              (--whole-archive)
zephyr/arch/arch/arm/core/cortex_m/libarch__arm__core__cortex_m.a(exc_exit.c.obj)
                              (--whole-archive)
zephyr/arch/arch/arm/core/cortex_m/libarch__arm__core__cortex_m.a(fault.c.obj)
                              (--whole-archive)
zephyr/arch/arch/arm/core/cortex_m/libarch__arm__core__cortex_m.a(fault_s.S.obj)
                              (--whole-archive)
zephyr/arch/arch/arm/core/cortex_m/libarch__arm__core__cortex_m.a(fpu.c.obj)
                              (--whole-archive)
zephyr/arch/arch/arm/core/cortex_m/libarch__arm__core__cortex_m.a(reset.S.obj)
                              (--whole-archive)
zephyr/arch/arch/arm/core/cortex_m/libarch__arm__core__cortex_m.a(scb.c.obj)
                              (--whole-archive)
zephyr/arch/arch/arm/core/cortex_m/libarch__arm__core__cortex_m.a(thread_abort.c.obj)
                              (--whole-archive)
zephyr/arch/arch/arm/core/cortex_m/libarch__arm__core__cortex_m.a(vector_table.S.obj)
                              (--whole-archive)
zephyr/arch/arch/arm/core/cortex_m/libarch__arm__core__cortex_m.a(swap_helper.S.obj)
                              (--whole-archive)
zephyr/arch/arch/arm/core/cortex_m/libarch__arm__core__cortex_m.a(irq_manage.c.obj)
                              (--whole-archive)
zephyr/arch/arch/arm/core/cortex_m/libarch__arm__core__cortex_m.a(prep_c.c.obj)
                              (--whole-archive)
zephyr/arch/arch/arm/core/cortex_m/libarch__arm__core__cortex_m.a(thread.c.obj)
                              (--whole-archive)
zephyr/arch/arch/arm/core/cortex_m/libarch__arm__core__cortex_m.a(cpu_idle.c.obj)
                              (--whole-archive)
zephyr/arch/arch/arm/core/cortex_m/libarch__arm__core__cortex_m.a(irq_init.c.obj)
                              (--whole-archive)
[...]
Memory Configuration

Name             Origin             Length             Attributes
FLASH            0x0000000000000000 0x0000000000100000 xr
RAM              0x0000000020000000 0x0000000000070000 xw
IDT_LIST         0x00000000ffff7fff 0x0000000000008000 xw
*default*        0x0000000000000000 0xffffffffffffffff

Linker script and memory map

                0x0000000000006974                vfprintf = __l_vfprintf
                0x0000000000000000                vfscanf = __l_vfscanf
LOAD zephyr/CMakeFiles/zephyr_final.dir/misc/empty_file.c.obj
LOAD zephyr/CMakeFiles/zephyr_final.dir/isr_tables.c.obj
LOAD zephyr/CMakeFiles/offsets.dir/./arch/arm/core/offsets/offsets.c.obj
LOAD app/libapp.a
LOAD zephyr/libzephyr.a
LOAD zephyr/arch/common/libarch__common.a
LOAD zephyr/arch/arch/arm/core/libarch__arm__core.a
LOAD zephyr/arch/arch/arm/core/cortex_m/libarch__arm__core__cortex_m.a
LOAD zephyr/arch/arch/arm/core/cortex_m/cmse/libarch__arm__core__cortex_m__cmse.a
LOAD zephyr/arch/arch/arm/core/mpu/libarch__arm__core__mpu.a
LOAD zephyr/lib/libc/picolibc/liblib__libc__picolibc.a
LOAD zephyr/lib/libc/common/liblib__libc__common.a
LOAD zephyr/soc/soc/nrf5340/libsoc__nordic.a
LOAD zephyr/subsys/random/libsubsys__random.a
LOAD zephyr/drivers/clock_control/libdrivers__clock_control.a
LOAD zephyr/drivers/console/libdrivers__console.a
LOAD zephyr/drivers/entropy/libdrivers__entropy.a
LOAD zephyr/drivers/gpio/libdrivers__gpio.a
LOAD zephyr/drivers/pinctrl/libdrivers__pinctrl.a
LOAD zephyr/drivers/serial/libdrivers__serial.a
LOAD zephyr/drivers/timer/libdrivers__timer.a
LOAD modules/nrf/drivers/hw_cc3xx/lib..__nrf__drivers__hw_cc3xx.a
LOAD modules/hal_nordic/modules/hal_nordic/nrfx/libmodules__hal_nordic__nrfx.a
LOAD zephyr/kernel/libkernel.a
LOAD zephyr/arch/common/libisr_tables.a
LOAD C:/ncs/v3.2.3/nrfxlib/crypto/nrf_cc312_platform/lib/cortex-m33/soft-float/no-interrupts/libnrf_cc312_platform_0.9.19.a
LOAD c:\ncs\toolchains\c717907b94\opt\zephyr-sdk\arm-zephyr-eabi\bin\../lib/gcc/../../picolibc/arm-zephyr-eabi/lib/thumb/v8-m.main/nofp\libc.a
LOAD c:/ncs/toolchains/c717907b94/opt/zephyr-sdk/arm-zephyr-eabi/bin/../lib/gcc/arm-zephyr-eabi/12.2.0/thumb/v8-m.main/nofp\libgcc.a
                0x0000000000000020                _region_min_align = 0x20

.rel.plt        0x0000000000000000        0x0
 *(SORT_BY_ALIGNMENT(.rel.plt))
                [!provide]                        PROVIDE (__rel_iplt_start = .)
 *(SORT_BY_ALIGNMENT(.rel.iplt))
 .rel.iplt      0x0000000000000000        0x0 zephyr/CMakeFiles/zephyr_final.dir/isr_tables.c.obj
                [!provide]                        PROVIDE (__rel_iplt_end = .)

.rela.plt       0x0000000000000000        0x0
 *(SORT_BY_ALIGNMENT(.rela.plt))
                [!provide]                        PROVIDE (__rela_iplt_start = .)
 *(SORT_BY_ALIGNMENT(.rela.iplt))
                [!provide]                        PROVIDE (__rela_iplt_end = .)

.rel.dyn
 *(SORT_BY_ALIGNMENT(.rel.*))

.rela.dyn
 *(SORT_BY_ALIGNMENT(.rela.*))

/DISCARD/
 *(SORT_BY_ALIGNMENT(.plt))

/DISCARD/
 *(SORT_BY_ALIGNMENT(.iplt))
                0x0000000000000000                __rom_region_start = 0x0

rom_start       0x0000000000000000      0x154
                0x0000000000000000                __rom_start_address = .
 FILL mask 0x00
                0x0000000000000000                . = (. + (0x0 - (. - __rom_start_address)))
                0x0000000000000000                . = ALIGN (0x4)
                0x0000000000000000                . = ALIGN (0x80)
                0x0000000000000000                . = ALIGN (0x200)
                0x0000000000000000                _vector_start = .
 *(SORT_BY_ALIGNMENT(.exc_vector_table))
 *(SORT_BY_ALIGNMENT(.exc_vector_table.*))
 .exc_vector_table._vector_table_section
                0x0000000000000000       0x40 zephyr/arch/arch/arm/core/cortex_m/libarch__arm__core__cortex_m.a(vector_table.S.obj)
                0x0000000000000000                _vector_table
 *(SORT_BY_ALIGNMENT(.vectors))
                0x0000000000000154                _vector_end = .
                0x0000000000000040                . = ALIGN (0x4)
 *(SORT_BY_ALIGNMENT(.gnu.linkonce.irq_vector_table*))
 .gnu.linkonce.irq_vector_table
                0x0000000000000040      0x114 zephyr/CMakeFiles/zephyr_final.dir/isr_tables.c.obj
                0x0000000000000040                _irq_vector_table
                0x0000000000000154                _vector_end = .

text            0x0000000000000154     0x813c
                0x0000000000000154                __text_region_start = .
 *(SORT_BY_ALIGNMENT(.text))
 .text          0x0000000000000154       0x30 c:/ncs/toolchains/c717907b94/opt/zephyr-sdk/arm-zephyr-eabi/bin/../lib/gcc/arm-zephyr-eabi/12.2.0/thumb/v8-m.main/nofp\libgcc.a(_aeabi_uldivmod.o)
                0x0000000000000154                __aeabi_uldivmod
 .text          0x0000000000000184        0x4 c:/ncs/toolchains/c717907b94/opt/zephyr-sdk/arm-zephyr-eabi/bin/../lib/gcc/arm-zephyr-eabi/12.2.0/thumb/v8-m.main/nofp\libgcc.a(_dvmd_tls.o)
                0x0000000000000184                __aeabi_idiv0
                0x0000000000000184                __aeabi_ldiv0
 .text          0x0000000000000188      0x29c c:/ncs/toolchains/c717907b94/opt/zephyr-sdk/arm-zephyr-eabi/bin/../lib/gcc/arm-zephyr-eabi/12.2.0/thumb/v8-m.main/nofp\libgcc.a(_udivmoddi4.o)
                0x0000000000000188                __udivmoddi4
 *(SORT_BY_ALIGNMENT(.text.*))
 .text.shared_code_section
                0x0000000000000424       0xd8 app/libapp.a(main.c.obj)
                0x0000000000000424                shared_code_section
 .text.thread0  0x00000000000004fc       0x14 app/libapp.a(main.c.obj)
                0x00000000000004fc                thread0
 .text.thread1  0x0000000000000510       0x14 app/libapp.a(main.c.obj)
                0x0000000000000510                thread1
 .text.char_out
                0x0000000000000524        0xc zephyr/libzephyr.a(printk.c.obj)
 .text.__printk_hook_install
                0x0000000000000530        0xc zephyr/libzephyr.a(printk.c.obj)
                0x0000000000000530                __printk_hook_install
 .text.vprintk  0x000000000000053c       0x30 zephyr/libzephyr.a(printk.c.obj)
                0x000000000000053c                vprintk
 .text.z_thread_entry
                0x000000000000056c       0x34 zephyr/libzephyr.a(thread_entry.c.obj)
                0x000000000000056c                z_thread_entry
 .text.process_event
                0x00000000000005a0      0x21c zephyr/libzephyr.a(onoff.c.obj)
 .text.mem_attr_get_regions
                0x00000000000007bc        0xc zephyr/libzephyr.a(mem_attr.c.obj)
                0x00000000000007bc                mem_attr_get_regions
 .text.boot_banner
                0x00000000000007c8       0x1c zephyr/libzephyr.a(banner.c.obj)
                0x00000000000007c8                boot_banner
 .text.nrf_cc3xx_platform_abort_init
                0x00000000000007e4        0xc zephyr/libzephyr.a(nrf_cc3xx_platform_abort_zephyr.c.obj)
                0x00000000000007e4                nrf_cc3xx_platform_abort_init
 .text.mutex_free_platform
                0x00000000000007f0       0x54 zephyr/libzephyr.a(nrf_cc3xx_platform_mutex_zephyr.c.obj)
 .text.mutex_lock_platform
                0x0000000000000844       0x74 zephyr/libzephyr.a(nrf_cc3xx_platform_mutex_zephyr.c.obj)
 .text.mutex_unlock_platform
                0x00000000000008b8       0x68 zephyr/libzephyr.a(nrf_cc3xx_platform_mutex_zephyr.c.obj)
 .text.mutex_init_platform
                0x0000000000000920       0x94 zephyr/libzephyr.a(nrf_cc3xx_platform_mutex_zephyr.c.obj)
 .text.nrf_cc3xx_platform_mutex_init
                0x00000000000009b4       0x2c zephyr/libzephyr.a(nrf_cc3xx_platform_mutex_zephyr.c.obj)
                0x00000000000009b4                nrf_cc3xx_platform_mutex_init
 .text.arch_bss_zero
                0x00000000000009e0       0x18 zephyr/arch/common/libarch__common.a(init.c.obj)
                0x00000000000009e0                arch_bss_zero
 .text.arch_data_copy
                0x00000000000009f8       0x38 zephyr/arch/common/libarch__common.a(xip.c.obj)
                0x00000000000009f8                arch_data_copy
 .text.z_arm_fatal_error
                0x0000000000000a30       0x60 zephyr/arch/arch/arm/core/libarch__arm__core.a(fatal.c.obj)
                0x0000000000000a30                z_arm_fatal_error
 .text.z_SysNmiOnReset
                0x0000000000000a90        0x8 zephyr/arch/arch/arm/core/libarch__arm__core.a(nmi_on_reset.S.obj)
                0x0000000000000a90                z_SysNmiOnReset
 .text.arch_tls_stack_setup
                0x0000000000000a98       0x40 zephyr/arch/arch/arm/core/libarch__arm__core.a(tls.c.obj)
                0x0000000000000a98                arch_tls_stack_setup
 .text._HandlerModeExit
                0x0000000000000ad8       0x20 zephyr/arch/arch/arm/core/cortex_m/libarch__arm__core__cortex_m.a(exc_exit.c.obj)
                0x0000000000000ad8                z_arm_int_exit
                0x0000000000000ad8                z_arm_exc_exit
 .text.usage_fault.constprop.0
                0x0000000000000af8       0xa8 zephyr/arch/arch/arm/core/cortex_m/libarch__arm__core__cortex_m.a(fault.c.obj)
 .text.bus_fault.constprop.0
                0x0000000000000ba0       0xb8 zephyr/arch/arch/arm/core/cortex_m/libarch__arm__core__cortex_m.a(fault.c.obj)
 .text.mem_manage_fault.constprop.0
                0x0000000000000c58       0xbc zephyr/arch/arch/arm/core/cortex_m/libarch__arm__core__cortex_m.a(fault.c.obj)
 .text.z_arm_fault
                0x0000000000000d14      0x1a0 zephyr/arch/arch/arm/core/cortex_m/libarch__arm__core__cortex_m.a(fault.c.obj)
                0x0000000000000d14                z_arm_fault
 .text.z_arm_fault_init
                0x0000000000000eb4       0x20 zephyr/arch/arch/arm/core/cortex_m/libarch__arm__core__cortex_m.a(fault.c.obj)
                0x0000000000000eb4                z_arm_fault_init
 .text.__fault  0x0000000000000ed4       0x14 zephyr/arch/arch/arm/core/cortex_m/libarch__arm__core__cortex_m.a(fault_s.S.obj)
                0x0000000000000ed4                z_arm_usage_fault
                0x0000000000000ed4                z_arm_mpu_fault
                0x0000000000000ed4                z_arm_exc_spurious
                0x0000000000000ed4                z_arm_debug_monitor
                0x0000000000000ed4                z_arm_hard_fault
                0x0000000000000ed4                z_arm_bus_fault
 .text._reset_section
                0x0000000000000ee8       0x68 zephyr/arch/arch/arm/core/cortex_m/libarch__arm__core__cortex_m.a(reset.S.obj)
                0x0000000000000ee8                __start
                0x0000000000000ee8                z_arm_reset
 .text.z_arm_clear_arm_mpu_config
                0x0000000000000f50       0x24 zephyr/arch/arch/arm/core/cortex_m/libarch__arm__core__cortex_m.a(scb.c.obj)
                0x0000000000000f50                z_arm_clear_arm_mpu_config
 .text.z_arm_init_arch_hw_at_boot
                0x0000000000000f74       0x4c zephyr/arch/arch/arm/core/cortex_m/libarch__arm__core__cortex_m.a(scb.c.obj)
                0x0000000000000f74                z_arm_init_arch_hw_at_boot
 .text.z_impl_k_thread_abort
                0x0000000000000fc0       0x2c zephyr/arch/arch/arm/core/cortex_m/libarch__arm__core__cortex_m.a(thread_abort.c.obj)
                0x0000000000000fc0                z_impl_k_thread_abort
 .text.z_arm_pendsv
                0x0000000000000fec       0x68 zephyr/arch/arch/arm/core/cortex_m/libarch__arm__core__cortex_m.a(swap_helper.S.obj)
                0x0000000000000fec                z_arm_pendsv
 .text.z_arm_svc
                0x0000000000001054       0x24 zephyr/arch/arch/arm/core/cortex_m/libarch__arm__core__cortex_m.a(swap_helper.S.obj)
                0x0000000000001054                z_arm_svc
 .text.arm_irq_enable
                0x0000000000001078       0x1c zephyr/arch/arch/arm/core/cortex_m/libarch__arm__core__cortex_m.a(irq_manage.c.obj)
                0x0000000000001078                arm_irq_enable
 .text.arm_irq_is_enabled
                0x0000000000001094       0x1c zephyr/arch/arch/arm/core/cortex_m/libarch__arm__core__cortex_m.a(irq_manage.c.obj)
                0x0000000000001094                arm_irq_is_enabled
 .text.arm_irq_priority_set
                0x00000000000010b0       0x2c zephyr/arch/arch/arm/core/cortex_m/libarch__arm__core__cortex_m.a(irq_manage.c.obj)
                0x00000000000010b0                arm_irq_priority_set
 .text.relocate_vector_table
                0x00000000000010dc       0x1c zephyr/arch/arch/arm/core/cortex_m/libarch__arm__core__cortex_m.a(prep_c.c.obj)
                0x00000000000010dc                relocate_vector_table
 .text.z_prep_c
                0x00000000000010f8       0x28 zephyr/arch/arch/arm/core/cortex_m/libarch__arm__core__cortex_m.a(prep_c.c.obj)
                0x00000000000010f8                z_prep_c
 .text.arch_new_thread
                0x0000000000001120       0x38 zephyr/arch/arch/arm/core/cortex_m/libarch__arm__core__cortex_m.a(thread.c.obj)
                0x0000000000001120                arch_new_thread
 .text.arch_switch_to_main_thread
                0x0000000000001158       0x44 zephyr/arch/arch/arm/core/cortex_m/libarch__arm__core__cortex_m.a(thread.c.obj)
                0x0000000000001158                arch_switch_to_main_thread
 .text.z_arm_cpu_idle_init
                0x000000000000119c        0xc zephyr/arch/arch/arm/core/cortex_m/libarch__arm__core__cortex_m.a(cpu_idle.c.obj)
                0x000000000000119c                z_arm_cpu_idle_init
 .text.z_arm_interrupt_init
                0x00000000000011a8       0x18 zephyr/arch/arch/arm/core/cortex_m/libarch__arm__core__cortex_m.a(irq_init.c.obj)
                0x00000000000011a8                z_arm_interrupt_init
 .text._isr_wrapper
                0x00000000000011c0       0x24 zephyr/arch/arch/arm/core/cortex_m/libarch__arm__core__cortex_m.a(isr_wrapper.c.obj)
                0x00000000000011c0                _isr_wrapper
 .text.z_arm_configure_static_mpu_regions
                0x00000000000011e4       0x38 zephyr/arch/arch/arm/core/mpu/libarch__arm__core__mpu.a(arm_core_mpu.c.obj)
                0x00000000000011e4                z_arm_configure_static_mpu_regions
 .text.region_init
                0x000000000000121c       0x34 zephyr/arch/arch/arm/core/mpu/libarch__arm__core__mpu.a(arm_mpu.c.obj)
 .text.region_allocate_and_init
                0x0000000000001250       0x24 zephyr/arch/arch/arm/core/mpu/libarch__arm__core__mpu.a(arm_mpu.c.obj)
 .text.mpu_configure_regions_and_partition.constprop.0
                0x0000000000001274      0x148 zephyr/arch/arch/arm/core/mpu/libarch__arm__core__mpu.a(arm_mpu.c.obj)
 .text.arm_core_mpu_enable
                0x00000000000013bc       0x18 zephyr/arch/arch/arm/core/mpu/libarch__arm__core__mpu.a(arm_mpu.c.obj)
                0x00000000000013bc                arm_core_mpu_enable
 .text.arm_core_mpu_disable
                0x00000000000013d4       0x14 zephyr/arch/arch/arm/core/mpu/libarch__arm__core__mpu.a(arm_mpu.c.obj)
                0x00000000000013d4                arm_core_mpu_disable
 .text.arm_core_mpu_configure_static_mpu_regions
                0x00000000000013e8       0x14 zephyr/arch/arch/arm/core/mpu/libarch__arm__core__mpu.a(arm_mpu.c.obj)
                0x00000000000013e8                arm_core_mpu_configure_static_mpu_regions
 .text.arm_core_mpu_mark_areas_for_dynamic_regions
                0x00000000000013fc       0xb8 zephyr/arch/arch/arm/core/mpu/libarch__arm__core__mpu.a(arm_mpu.c.obj)
                0x00000000000013fc                arm_core_mpu_mark_areas_for_dynamic_regions
 .text.z_arm_mpu_init
                0x00000000000014b4      0x11c zephyr/arch/arch/arm/core/mpu/libarch__arm__core__mpu.a(arm_mpu.c.obj)
                0x00000000000014b4                z_arm_mpu_init
 .text.z_impl_zephyr_fputc
                0x00000000000015d0       0x10 zephyr/lib/libc/picolibc/liblib__libc__picolibc.a(stdio.c.obj)
                0x00000000000015d0                z_impl_zephyr_fputc
 .text.__stdout_hook_install
                0x00000000000015e0       0x18 zephyr/lib/libc/picolibc/liblib__libc__picolibc.a(stdio.c.obj)
                0x00000000000015e0                __stdout_hook_install
 .text.malloc_prepare
                0x00000000000015f8       0x24 zephyr/lib/libc/common/liblib__libc__common.a(malloc.c.obj)
 .text.nrf_gpio_pin_control_select.constprop.0
                0x000000000000161c       0x1c zephyr/soc/soc/nrf5340/libsoc__nordic.a(soc.c.obj)
 .text.z_arm_on_enter_cpu_idle
                0x0000000000001638       0x64 zephyr/soc/soc/nrf5340/libsoc__nordic.a(soc.c.obj)
                0x0000000000001638                z_arm_on_enter_cpu_idle
 .text.soc_early_init_hook
                0x000000000000169c       0x3c zephyr/soc/soc/nrf5340/libsoc__nordic.a(soc.c.obj)
                0x000000000000169c                soc_early_init_hook
 .text.soc_late_init_hook
                0x00000000000016d8       0x40 zephyr/soc/soc/nrf5340/libsoc__nordic.a(soc.c.obj)
                0x00000000000016d8                soc_late_init_hook
 .text.arch_busy_wait
                0x0000000000001718       0x24 zephyr/soc/soc/nrf5340/libsoc__nordic.a(soc.c.obj)
                0x0000000000001718                arch_busy_wait
 .text.assign_pins
                0x000000000000173c       0x54 zephyr/soc/soc/nrf5340/libsoc__nordic.a(nrf53_cpunet_mgmt.c.obj)
 .text.onoff_start
                0x0000000000001790       0x70 zephyr/soc/soc/nrf5340/libsoc__nordic.a(nrf53_cpunet_mgmt.c.obj)
 .text.nrf53_cpunet_mgmt_init
                0x0000000000001800       0x10 zephyr/soc/soc/nrf5340/libsoc__nordic.a(nrf53_cpunet_mgmt.c.obj)
                0x0000000000001800                nrf53_cpunet_mgmt_init
 .text.gppi_init
                0x0000000000001810       0x1c zephyr/soc/soc/nrf5340/libsoc__nordic.a(gppi_init.c.obj)
 .text.z_impl_sys_rand_get
                0x000000000000182c       0x40 zephyr/subsys/random/libsubsys__random.a(random_entropy_device.c.obj)
                0x000000000000182c                z_impl_sys_rand_get
 .text.onoff_stop
                0x000000000000186c       0x30 zephyr/drivers/clock_control/libdrivers__clock_control.a(clock_control_nrf.c.obj)
 .text.onoff_start
                0x000000000000189c       0x44 zephyr/drivers/clock_control/libdrivers__clock_control.a(clock_control_nrf.c.obj)
 .text.clk_init
                0x00000000000018e0       0x64 zephyr/drivers/clock_control/libdrivers__clock_control.a(clock_control_nrf.c.obj)
 .text.api_blocking_start
                0x0000000000001944       0x34 zephyr/drivers/clock_control/libdrivers__clock_control.a(clock_control_nrf.c.obj)
 .text.generic_hfclk_stop
                0x0000000000001978       0x34 zephyr/drivers/clock_control/libdrivers__clock_control.a(clock_control_nrf.c.obj)
 .text.clkstarted_handle.constprop.0
                0x00000000000019ac       0x4c zephyr/drivers/clock_control/libdrivers__clock_control.a(clock_control_nrf.c.obj)
 .text.generic_hfclk_start
                0x00000000000019f8       0x78 zephyr/drivers/clock_control/libdrivers__clock_control.a(clock_control_nrf.c.obj)
 .text.clock_event_handler
                0x0000000000001a70       0x34 zephyr/drivers/clock_control/libdrivers__clock_control.a(clock_control_nrf.c.obj)
 .text.z_nrf_clock_control_lf_on
                0x0000000000001aa4       0xf8 zephyr/drivers/clock_control/libdrivers__clock_control.a(clock_control_nrf.c.obj)
                0x0000000000001aa4                z_nrf_clock_control_lf_on
 .text.uart_console_init
                0x0000000000001b9c       0x28 zephyr/drivers/console/libdrivers__console.a(uart_console.c.obj)
 .text.console_out
                0x0000000000001bc4       0x28 zephyr/drivers/console/libdrivers__console.a(uart_console.c.obj)
 .text.gpio_nrfx_pin_interrupt_configure
                0x0000000000001bec      0x100 zephyr/drivers/gpio/libdrivers__gpio.a(gpio_nrfx.c.obj)
 .text.nrfx_gpio_handler
                0x0000000000001cec       0x4c zephyr/drivers/gpio/libdrivers__gpio.a(gpio_nrfx.c.obj)
 .text.gpio_nrfx_init
                0x0000000000001d38       0x3c zephyr/drivers/gpio/libdrivers__gpio.a(gpio_nrfx.c.obj)
 .text.gpio_nrfx_pin_configure
                0x0000000000001d74      0x180 zephyr/drivers/gpio/libdrivers__gpio.a(gpio_nrfx.c.obj)
 .text.nrf_gpio_pin_port_decode
                0x0000000000001ef4       0x24 zephyr/drivers/pinctrl/libdrivers__pinctrl.a(pinctrl_nrf.c.obj)
 .text.pinctrl_configure_pins
                0x0000000000001f18      0x1c8 zephyr/drivers/pinctrl/libdrivers__pinctrl.a(pinctrl_nrf.c.obj)
                0x0000000000001f18                pinctrl_configure_pins
 .text.uarte_nrfx_poll_out
                0x00000000000020e0       0xb4 zephyr/drivers/serial/libdrivers__serial.a(uart_nrfx_uarte.c.obj)
 .text.compare_int_lock
                0x0000000000002194       0x40 zephyr/drivers/timer/libdrivers__timer.a(nrf_rtc_timer.c.obj)
 .text.sys_clock_timeout_handler
                0x00000000000021d4       0x48 zephyr/drivers/timer/libdrivers__timer.a(nrf_rtc_timer.c.obj)
 .text.compare_int_unlock
                0x000000000000221c       0x4c zephyr/drivers/timer/libdrivers__timer.a(nrf_rtc_timer.c.obj)
 .text.z_nrf_rtc_timer_read
                0x0000000000002268       0x44 zephyr/drivers/timer/libdrivers__timer.a(nrf_rtc_timer.c.obj)
                0x0000000000002268                z_nrf_rtc_timer_read
 .text.compare_set
                0x00000000000022ac      0x124 zephyr/drivers/timer/libdrivers__timer.a(nrf_rtc_timer.c.obj)
 .text.sys_clock_driver_init
                0x00000000000023d0       0x90 zephyr/drivers/timer/libdrivers__timer.a(nrf_rtc_timer.c.obj)
 .text.rtc_nrf_isr
                0x0000000000002460       0xd0 zephyr/drivers/timer/libdrivers__timer.a(nrf_rtc_timer.c.obj)
                0x0000000000002460                rtc_nrf_isr
 .text.sys_clock_set_timeout
                0x0000000000002530       0x5c zephyr/drivers/timer/libdrivers__timer.a(nrf_rtc_timer.c.obj)
                0x0000000000002530                sys_clock_set_timeout
 .text.sys_clock_elapsed
                0x000000000000258c       0x14 zephyr/drivers/timer/libdrivers__timer.a(nrf_rtc_timer.c.obj)
                0x000000000000258c                sys_clock_elapsed
 .text.nrf53_errata_42
                0x00000000000025a0       0x24 modules/hal_nordic/modules/hal_nordic/nrfx/libmodules__hal_nordic__nrfx.a(system_nrf5340_application.c.obj)
 .text.SystemInit
                0x00000000000025c4      0x1c4 modules/hal_nordic/modules/hal_nordic/nrfx/libmodules__hal_nordic__nrfx.a(system_nrf5340_application.c.obj)
                0x00000000000025c4                SystemInit
 .text.nrfx_gppi_init
                0x0000000000002788        0xc modules/hal_nordic/modules/hal_nordic/nrfx/libmodules__hal_nordic__nrfx.a(nrfx_gppi_dppi.c.obj)
                0x0000000000002788                nrfx_gppi_init
 .text.nrfx_gppi_domain_conn_alloc
                0x0000000000002794       0x1c modules/hal_nordic/modules/hal_nordic/nrfx/libmodules__hal_nordic__nrfx.a(nrfx_gppi_dppi.c.obj)
                0x0000000000002794                nrfx_gppi_domain_conn_alloc
 .text.nrfx_gppi_conn_enable
                0x00000000000027b0       0x10 modules/hal_nordic/modules/hal_nordic/nrfx/libmodules__hal_nordic__nrfx.a(nrfx_gppi_dppi.c.obj)
                0x00000000000027b0                nrfx_gppi_conn_enable
 .text.hfclk_event_handler
                0x00000000000027c0        0xc modules/hal_nordic/modules/hal_nordic/nrfx/libmodules__hal_nordic__nrfx.a(nrfx_clock.c.obj)
 .text.lfclk_event_handler
                0x00000000000027cc        0xc modules/hal_nordic/modules/hal_nordic/nrfx/libmodules__hal_nordic__nrfx.a(nrfx_clock.c.obj)
 .text.hfclk192m_event_handler
                0x00000000000027d8        0xc modules/hal_nordic/modules/hal_nordic/nrfx/libmodules__hal_nordic__nrfx.a(nrfx_clock.c.obj)
 .text.hfclkaudio_event_handler
                0x00000000000027e4        0xc modules/hal_nordic/modules/hal_nordic/nrfx/libmodules__hal_nordic__nrfx.a(nrfx_clock.c.obj)
 .text.nrfx_clock_init
                0x00000000000027f0       0x68 modules/hal_nordic/modules/hal_nordic/nrfx/libmodules__hal_nordic__nrfx.a(nrfx_clock.c.obj)
                0x00000000000027f0                nrfx_clock_init
 .text.nrfx_clock_enable
                0x0000000000002858       0x20 modules/hal_nordic/modules/hal_nordic/nrfx/libmodules__hal_nordic__nrfx.a(nrfx_clock.c.obj)
                0x0000000000002858                nrfx_clock_enable
 .text.nrfx_clock_hfclk_init
                0x0000000000002878       0x24 modules/hal_nordic/modules/hal_nordic/nrfx/libmodules__hal_nordic__nrfx.a(nrfx_clock_hfclk.c.obj)
                0x0000000000002878                nrfx_clock_hfclk_init
 .text.nrfx_clock_hfclk_start
                0x000000000000289c       0x38 modules/hal_nordic/modules/hal_nordic/nrfx/libmodules__hal_nordic__nrfx.a(nrfx_clock_hfclk.c.obj)
                0x000000000000289c                nrfx_clock_hfclk_start
 .text.nrfx_clock_hfclk_irq_handler
                0x00000000000028d4       0x30 modules/hal_nordic/modules/hal_nordic/nrfx/libmodules__hal_nordic__nrfx.a(nrfx_clock_hfclk.c.obj)
                0x00000000000028d4                nrfx_clock_hfclk_irq_handler
 .text.nrfx_clock_hfclkaudio_init
                0x0000000000002904       0x1c modules/hal_nordic/modules/hal_nordic/nrfx/libmodules__hal_nordic__nrfx.a(nrfx_clock_hfclkaudio.c.obj)
                0x0000000000002904                nrfx_clock_hfclkaudio_init
 .text.nrfx_clock_hfclkaudio_start
                0x0000000000002920       0x3c modules/hal_nordic/modules/hal_nordic/nrfx/libmodules__hal_nordic__nrfx.a(nrfx_clock_hfclkaudio.c.obj)
                0x0000000000002920                nrfx_clock_hfclkaudio_start
 .text.nrfx_clock_hfclkaudio_irq_handler
                0x000000000000295c       0x30 modules/hal_nordic/modules/hal_nordic/nrfx/libmodules__hal_nordic__nrfx.a(nrfx_clock_hfclkaudio.c.obj)
                0x000000000000295c                nrfx_clock_hfclkaudio_irq_handler
 .text.nrfx_clock_hfclk192m_init
                0x000000000000298c       0x24 modules/hal_nordic/modules/hal_nordic/nrfx/libmodules__hal_nordic__nrfx.a(nrfx_clock_hfclk192m.c.obj)
                0x000000000000298c                nrfx_clock_hfclk192m_init
 .text.nrfx_clock_hfclk192m_start
                0x00000000000029b0       0x3c modules/hal_nordic/modules/hal_nordic/nrfx/libmodules__hal_nordic__nrfx.a(nrfx_clock_hfclk192m.c.obj)
                0x00000000000029b0                nrfx_clock_hfclk192m_start
 .text.nrfx_clock_hfclk192m_irq_handler
                0x00000000000029ec       0x30 modules/hal_nordic/modules/hal_nordic/nrfx/libmodules__hal_nordic__nrfx.a(nrfx_clock_hfclk192m.c.obj)
                0x00000000000029ec                nrfx_clock_hfclk192m_irq_handler
 .text.nrfx_clock_lfclk_init
                0x0000000000002a1c       0x24 modules/hal_nordic/modules/hal_nordic/nrfx/libmodules__hal_nordic__nrfx.a(nrfx_clock_lfclk.c.obj)
                0x0000000000002a1c                nrfx_clock_lfclk_init
 .text.nrfx_clock_lfclk_start
                0x0000000000002a40       0x88 modules/hal_nordic/modules/hal_nordic/nrfx/libmodules__hal_nordic__nrfx.a(nrfx_clock_lfclk.c.obj)
                0x0000000000002a40                nrfx_clock_lfclk_start
 .text.nrfx_clock_lfclk_irq_handler
                0x0000000000002ac8       0x74 modules/hal_nordic/modules/hal_nordic/nrfx/libmodules__hal_nordic__nrfx.a(nrfx_clock_lfclk.c.obj)
                0x0000000000002ac8                nrfx_clock_lfclk_irq_handler
 .text.nrf_gpio_pin_port_decode
                0x0000000000002b3c       0x24 modules/hal_nordic/modules/hal_nordic/nrfx/libmodules__hal_nordic__nrfx.a(nrfx_gpiote.c.obj)
 .text.get_pin_idx
                0x0000000000002b60       0x14 modules/hal_nordic/modules/hal_nordic/nrfx/libmodules__hal_nordic__nrfx.a(nrfx_gpiote.c.obj)
 .text.latch_pending_read_and_check
                0x0000000000002b74       0x3c modules/hal_nordic/modules/hal_nordic/nrfx/libmodules__hal_nordic__nrfx.a(nrfx_gpiote.c.obj)
 .text.pin_uninit
                0x0000000000002bb0       0x7c modules/hal_nordic/modules/hal_nordic/nrfx/libmodules__hal_nordic__nrfx.a(nrfx_gpiote.c.obj)
 .text.nrfx_gpiote_init
                0x0000000000002c2c       0x64 modules/hal_nordic/modules/hal_nordic/nrfx/libmodules__hal_nordic__nrfx.a(nrfx_gpiote.c.obj)
                0x0000000000002c2c                nrfx_gpiote_init
 .text.nrfx_gpiote_channel_free
                0x0000000000002c90       0x14 modules/hal_nordic/modules/hal_nordic/nrfx/libmodules__hal_nordic__nrfx.a(nrfx_gpiote.c.obj)
                0x0000000000002c90                nrfx_gpiote_channel_free
 .text.nrfx_gpiote_channel_alloc
                0x0000000000002ca4       0x20 modules/hal_nordic/modules/hal_nordic/nrfx/libmodules__hal_nordic__nrfx.a(nrfx_gpiote.c.obj)
                0x0000000000002ca4                nrfx_gpiote_channel_alloc
 .text.nrfx_gpiote_irq_handler
                0x0000000000002cc4      0x1cc modules/hal_nordic/modules/hal_nordic/nrfx/libmodules__hal_nordic__nrfx.a(nrfx_gpiote.c.obj)
                0x0000000000002cc4                nrfx_gpiote_irq_handler
 .text.z_fatal_error
                0x0000000000002e90       0x30 zephyr/kernel/libkernel.a(fatal.c.obj)
                0x0000000000002e90                z_fatal_error
 .text.z_sys_init_run_level
                0x0000000000002ec0       0x30 zephyr/kernel/libkernel.a(init.c.obj)
 .text.bg_thread_main
                0x0000000000002ef0       0xc4 zephyr/kernel/libkernel.a(init.c.obj)
 .text.z_init_cpu
                0x0000000000002fb4       0x70 zephyr/kernel/libkernel.a(init.c.obj)
                0x0000000000002fb4                z_init_cpu
 .text.z_cstart
                0x0000000000003024       0xd0 zephyr/kernel/libkernel.a(init.c.obj)
                0x0000000000003024                z_cstart
 .text.init_mem_slab_obj_core_list
                0x00000000000030f4       0x24 zephyr/kernel/libkernel.a(mem_slab.c.obj)
 .text.k_mem_slab_alloc
                0x0000000000003118       0x5c zephyr/kernel/libkernel.a(mem_slab.c.obj)
                0x0000000000003118                k_mem_slab_alloc
 .text.z_impl_k_mutex_lock
                0x0000000000003174       0xf0 zephyr/kernel/libkernel.a(mutex.c.obj)
                0x0000000000003174                z_impl_k_mutex_lock
 .text.z_impl_k_mutex_unlock
                0x0000000000003264       0xa0 zephyr/kernel/libkernel.a(mutex.c.obj)
                0x0000000000003264                z_impl_k_mutex_unlock
 .text.z_impl_k_sem_give
                0x0000000000003304       0x68 zephyr/kernel/libkernel.a(sem.c.obj)
                0x0000000000003304                z_impl_k_sem_give
 .text.z_impl_k_sem_take
                0x000000000000336c       0x4c zephyr/kernel/libkernel.a(sem.c.obj)
                0x000000000000336c                z_impl_k_sem_take
 .text.z_setup_new_thread
                0x00000000000033b8       0xcc zephyr/kernel/libkernel.a(thread.c.obj)
                0x00000000000033b8                z_setup_new_thread
 .text.z_dummy_thread_init
                0x0000000000003484       0x1c zephyr/kernel/libkernel.a(thread.c.obj)
                0x0000000000003484                z_dummy_thread_init
 .text.z_swap_irqlock
                0x00000000000034a0       0x34 zephyr/kernel/libkernel.a(sched.c.obj)
 .text.ready_thread
                0x00000000000034d4       0x84 zephyr/kernel/libkernel.a(sched.c.obj)
 .text.unready_thread
                0x0000000000003558       0x54 zephyr/kernel/libkernel.a(sched.c.obj)
 .text.add_thread_timeout
                0x00000000000035ac       0x1c zephyr/kernel/libkernel.a(sched.c.obj)
 .text.move_thread_to_end_of_prio_q
                0x00000000000035c8       0x90 zephyr/kernel/libkernel.a(sched.c.obj)
                0x00000000000035c8                move_thread_to_end_of_prio_q
 .text.z_pend_curr
                0x0000000000003658       0x44 zephyr/kernel/libkernel.a(sched.c.obj)
                0x0000000000003658                z_pend_curr
 .text.z_thread_prio_set
                0x000000000000369c       0xe4 zephyr/kernel/libkernel.a(sched.c.obj)
                0x000000000000369c                z_thread_prio_set
 .text.z_reschedule
                0x0000000000003780       0x24 zephyr/kernel/libkernel.a(sched.c.obj)
                0x0000000000003780                z_reschedule
 .text.z_reschedule_irqlock
                0x00000000000037a4       0x28 zephyr/kernel/libkernel.a(sched.c.obj)
                0x00000000000037a4                z_reschedule_irqlock
 .text.k_sched_lock
                0x00000000000037cc       0x28 zephyr/kernel/libkernel.a(sched.c.obj)
                0x00000000000037cc                k_sched_lock
 .text.k_sched_unlock
                0x00000000000037f4       0x68 zephyr/kernel/libkernel.a(sched.c.obj)
                0x00000000000037f4                k_sched_unlock
 .text.z_sched_init
                0x000000000000385c       0x10 zephyr/kernel/libkernel.a(sched.c.obj)
                0x000000000000385c                z_sched_init
 .text.z_impl_k_yield
                0x000000000000386c       0x88 zephyr/kernel/libkernel.a(sched.c.obj)
                0x000000000000386c                z_impl_k_yield
 .text.z_tick_sleep
                0x00000000000038f4       0x78 zephyr/kernel/libkernel.a(sched.c.obj)
 .text.z_impl_k_wakeup
                0x000000000000396c       0x48 zephyr/kernel/libkernel.a(sched.c.obj)
                0x000000000000396c                z_impl_k_wakeup
 .text.z_impl_k_sched_current_thread_query
                0x00000000000039b4        0xc zephyr/kernel/libkernel.a(sched.c.obj)
                0x00000000000039b4                z_impl_k_sched_current_thread_query
 .text.z_thread_abort
                0x00000000000039c0      0x144 zephyr/kernel/libkernel.a(sched.c.obj)
                0x00000000000039c0                z_thread_abort
 .text.slice_timeout
                0x0000000000003b04       0x20 zephyr/kernel/libkernel.a(timeslicing.c.obj)
 .text.thread_is_sliceable
                0x0000000000003b24       0x3c zephyr/kernel/libkernel.a(timeslicing.c.obj)
                0x0000000000003b24                thread_is_sliceable
 .text.z_reset_time_slice
                0x0000000000003b60       0x50 zephyr/kernel/libkernel.a(timeslicing.c.obj)
                0x0000000000003b60                z_reset_time_slice
 .text.z_time_slice
                0x0000000000003bb0       0x60 zephyr/kernel/libkernel.a(timeslicing.c.obj)
                0x0000000000003bb0                z_time_slice
 .text.z_thread_monitor_exit
                0x0000000000003c10       0x3c zephyr/kernel/libkernel.a(thread_monitor.c.obj)
                0x0000000000003c10                z_thread_monitor_exit
 .text.first    0x0000000000003c4c       0x10 zephyr/kernel/libkernel.a(timeout.c.obj)
 .text.elapsed  0x0000000000003c5c       0x14 zephyr/kernel/libkernel.a(timeout.c.obj)
 .text.remove_timeout
                0x0000000000003c70       0x38 zephyr/kernel/libkernel.a(timeout.c.obj)
 .text.z_add_timeout
                0x0000000000003ca8      0x120 zephyr/kernel/libkernel.a(timeout.c.obj)
                0x0000000000003ca8                z_add_timeout
 .text.sys_clock_announce
                0x0000000000003dc8       0xbc zephyr/kernel/libkernel.a(timeout.c.obj)
                0x0000000000003dc8                sys_clock_announce
 .text.sys_clock_tick_get
                0x0000000000003e84       0x30 zephyr/kernel/libkernel.a(timeout.c.obj)
                0x0000000000003e84                sys_clock_tick_get
 .text.nrf_cc3xx_platform_init
                0x0000000000003eb4       0x44 C:/ncs/v3.2.3/nrfxlib/crypto/nrf_cc312_platform/lib/cortex-m33/soft-float/no-interrupts/libnrf_cc312_platform_0.9.19.a(nrf_cc3xx_platform.c.obj)
                0x0000000000003eb4                nrf_cc3xx_platform_init
 .text.nrf_cc3xx_platform_abort
                0x0000000000003ef8       0x24 C:/ncs/v3.2.3/nrfxlib/crypto/nrf_cc312_platform/lib/cortex-m33/soft-float/no-interrupts/libnrf_cc312_platform_0.9.19.a(nrf_cc3xx_platform_abort.c.obj)
 .text.CC_PalAbort
                0x0000000000003f1c       0x44 C:/ncs/v3.2.3/nrfxlib/crypto/nrf_cc312_platform/lib/cortex-m33/soft-float/no-interrupts/libnrf_cc312_platform_0.9.19.a(nrf_cc3xx_platform_abort.c.obj)
                0x0000000000003f1c                CC_PalAbort
 .text.nrf_cc3xx_platform_set_abort
                0x0000000000003f60       0x10 C:/ncs/v3.2.3/nrfxlib/crypto/nrf_cc312_platform/lib/cortex-m33/soft-float/no-interrupts/libnrf_cc312_platform_0.9.19.a(nrf_cc3xx_platform_abort.c.obj)
                0x0000000000003f60                nrf_cc3xx_platform_set_abort
 .text.nrf_cc3xx_platform_ctr_drbg_init
                0x0000000000003f70       0x60 C:/ncs/v3.2.3/nrfxlib/crypto/nrf_cc312_platform/lib/cortex-m33/soft-float/no-interrupts/libnrf_cc312_platform_0.9.19.a(nrf_cc3xx_platform_ctr_drbg.c.obj)
                0x0000000000003f70                nrf_cc3xx_platform_ctr_drbg_init
 .text.nrf_cc3xx_platform_ctr_drbg_get
                0x0000000000003fd0       0x44 C:/ncs/v3.2.3/nrfxlib/crypto/nrf_cc312_platform/lib/cortex-m33/soft-float/no-interrupts/libnrf_cc312_platform_0.9.19.a(nrf_cc3xx_platform_ctr_drbg.c.obj)
                0x0000000000003fd0                nrf_cc3xx_platform_ctr_drbg_get
 .text.mutex_free
                0x0000000000004014       0x34 C:/ncs/v3.2.3/nrfxlib/crypto/nrf_cc312_platform/lib/cortex-m33/soft-float/no-interrupts/libnrf_cc312_platform_0.9.19.a(nrf_cc3xx_platform_mutex.c.obj)
 .text.mutex_lock
                0x0000000000004048       0x48 C:/ncs/v3.2.3/nrfxlib/crypto/nrf_cc312_platform/lib/cortex-m33/soft-float/no-interrupts/libnrf_cc312_platform_0.9.19.a(nrf_cc3xx_platform_mutex.c.obj)
 .text.mutex_unlock
                0x0000000000004090       0x38 C:/ncs/v3.2.3/nrfxlib/crypto/nrf_cc312_platform/lib/cortex-m33/soft-float/no-interrupts/libnrf_cc312_platform_0.9.19.a(nrf_cc3xx_platform_mutex.c.obj)
 .text.mutex_init
                0x00000000000040c8       0x20 C:/ncs/v3.2.3/nrfxlib/crypto/nrf_cc312_platform/lib/cortex-m33/soft-float/no-interrupts/libnrf_cc312_platform_0.9.19.a(nrf_cc3xx_platform_mutex.c.obj)
 .text.nrf_cc3xx_platform_set_mutexes
                0x00000000000040e8       0x78 C:/ncs/v3.2.3/nrfxlib/crypto/nrf_cc312_platform/lib/cortex-m33/soft-float/no-interrupts/libnrf_cc312_platform_0.9.19.a(nrf_cc3xx_platform_mutex.c.obj)
                0x00000000000040e8                nrf_cc3xx_platform_set_mutexes
 .text.mbedtls_zeroize_internal
                0x0000000000004160       0x14 C:/ncs/v3.2.3/nrfxlib/crypto/nrf_cc312_platform/lib/cortex-m33/soft-float/no-interrupts/libnrf_cc312_platform_0.9.19.a(mbedtls_common.c.obj)
                0x0000000000004160                mbedtls_zeroize_internal
 .text.cc_mbedtls_platform_zeroize
                0x0000000000004174       0x14 C:/ncs/v3.2.3/nrfxlib/crypto/nrf_cc312_platform/lib/cortex-m33/soft-float/no-interrupts/libnrf_cc312_platform_0.9.19.a(mbedtls_common.c.obj)
                0x0000000000004174                cc_mbedtls_platform_zeroize
 .text.block_cipher_df
                0x0000000000004188      0x1d0 C:/ncs/v3.2.3/nrfxlib/crypto/nrf_cc312_platform/lib/cortex-m33/soft-float/no-interrupts/libnrf_cc312_platform_0.9.19.a(ctr_drbg.c.obj)
 .text.ctr_drbg_update_internal
                0x0000000000004358      0x174 C:/ncs/v3.2.3/nrfxlib/crypto/nrf_cc312_platform/lib/cortex-m33/soft-float/no-interrupts/libnrf_cc312_platform_0.9.19.a(ctr_drbg.c.obj)
 .text.mbedtls_ctr_drbg_reseed_internal
                0x00000000000044cc       0xc4 C:/ncs/v3.2.3/nrfxlib/crypto/nrf_cc312_platform/lib/cortex-m33/soft-float/no-interrupts/libnrf_cc312_platform_0.9.19.a(ctr_drbg.c.obj)
 .text.cc_mbedtls_ctr_drbg_init
                0x0000000000004590       0x2c C:/ncs/v3.2.3/nrfxlib/crypto/nrf_cc312_platform/lib/cortex-m33/soft-float/no-interrupts/libnrf_cc312_platform_0.9.19.a(ctr_drbg.c.obj)
                0x0000000000004590                cc_mbedtls_ctr_drbg_init
 .text.cc_mbedtls_ctr_drbg_seed
                0x00000000000045bc       0xa0 C:/ncs/v3.2.3/nrfxlib/crypto/nrf_cc312_platform/lib/cortex-m33/soft-float/no-interrupts/libnrf_cc312_platform_0.9.19.a(ctr_drbg.c.obj)
                0x00000000000045bc                cc_mbedtls_ctr_drbg_seed
 .text.cc_mbedtls_ctr_drbg_random_with_add
                0x000000000000465c      0x1e4 C:/ncs/v3.2.3/nrfxlib/crypto/nrf_cc312_platform/lib/cortex-m33/soft-float/no-interrupts/libnrf_cc312_platform_0.9.19.a(ctr_drbg.c.obj)
                0x000000000000465c                cc_mbedtls_ctr_drbg_random_with_add
 .text.entropy_update
                0x0000000000004840       0x7c C:/ncs/v3.2.3/nrfxlib/crypto/nrf_cc312_platform/lib/cortex-m33/soft-float/no-interrupts/libnrf_cc312_platform_0.9.19.a(custom_entropy.c.obj)
 .text.entropy_gather_internal.part.0
                0x00000000000048bc       0x88 C:/ncs/v3.2.3/nrfxlib/crypto/nrf_cc312_platform/lib/cortex-m33/soft-float/no-interrupts/libnrf_cc312_platform_0.9.19.a(custom_entropy.c.obj)
 .text.cc_mbedtls_entropy_init
                0x0000000000004944       0x84 C:/ncs/v3.2.3/nrfxlib/crypto/nrf_cc312_platform/lib/cortex-m33/soft-float/no-interrupts/libnrf_cc312_platform_0.9.19.a(custom_entropy.c.obj)
                0x0000000000004944                cc_mbedtls_entropy_init
 .text.cc_mbedtls_entropy_func
                0x00000000000049c8      0x110 C:/ncs/v3.2.3/nrfxlib/crypto/nrf_cc312_platform/lib/cortex-m33/soft-float/no-interrupts/libnrf_cc312_platform_0.9.19.a(custom_entropy.c.obj)
                0x00000000000049c8                cc_mbedtls_entropy_func
 .text.RndStartupTest.constprop.0
                0x0000000000004ad8       0xac C:/ncs/v3.2.3/nrfxlib/crypto/nrf_cc312_platform/lib/cortex-m33/soft-float/no-interrupts/libnrf_cc312_platform_0.9.19.a(cc_lib.c.obj)
 .text.CC_LibInit
                0x0000000000004b84       0x74 C:/ncs/v3.2.3/nrfxlib/crypto/nrf_cc312_platform/lib/cortex-m33/soft-float/no-interrupts/libnrf_cc312_platform_0.9.19.a(cc_lib.c.obj)
                0x0000000000004b84                CC_LibInit
 .text.CC_HalInit
                0x0000000000004bf8        0x4 C:/ncs/v3.2.3/nrfxlib/crypto/nrf_cc312_platform/lib/cortex-m33/soft-float/no-interrupts/libnrf_cc312_platform_0.9.19.a(cc_hal.c.obj)
                0x0000000000004bf8                CC_HalInit
 .text.CC_HalClearInterruptBit
                0x0000000000004bfc       0x1c C:/ncs/v3.2.3/nrfxlib/crypto/nrf_cc312_platform/lib/cortex-m33/soft-float/no-interrupts/libnrf_cc312_platform_0.9.19.a(cc_hal.c.obj)
                0x0000000000004bfc                CC_HalClearInterruptBit
 .text.CC_HalMaskInterrupt
                0x0000000000004c18        0xc C:/ncs/v3.2.3/nrfxlib/crypto/nrf_cc312_platform/lib/cortex-m33/soft-float/no-interrupts/libnrf_cc312_platform_0.9.19.a(cc_hal.c.obj)
                0x0000000000004c18                CC_HalMaskInterrupt
 .text.CC_HalWaitInterrupt
                0x0000000000004c24        0xc C:/ncs/v3.2.3/nrfxlib/crypto/nrf_cc312_platform/lib/cortex-m33/soft-float/no-interrupts/libnrf_cc312_platform_0.9.19.a(cc_hal.c.obj)
                0x0000000000004c24                CC_HalWaitInterrupt
 .text.CC_HalWaitInterruptRND
                0x0000000000004c30        0xc C:/ncs/v3.2.3/nrfxlib/crypto/nrf_cc312_platform/lib/cortex-m33/soft-float/no-interrupts/libnrf_cc312_platform_0.9.19.a(cc_hal.c.obj)
                0x0000000000004c30                CC_HalWaitInterruptRND
 .text.CC_PalInit
                0x0000000000004c3c       0x5c C:/ncs/v3.2.3/nrfxlib/crypto/nrf_cc312_platform/lib/cortex-m33/soft-float/no-interrupts/libnrf_cc312_platform_0.9.19.a(cc_pal.c.obj)
                0x0000000000004c3c                CC_PalInit
 .text.CC_PalTerminate
                0x0000000000004c98       0x34 C:/ncs/v3.2.3/nrfxlib/crypto/nrf_cc312_platform/lib/cortex-m33/soft-float/no-interrupts/libnrf_cc312_platform_0.9.19.a(cc_pal.c.obj)
                0x0000000000004c98                CC_PalTerminate
 .text.CC_PalDmaInit
                0x0000000000004ccc        0x4 C:/ncs/v3.2.3/nrfxlib/crypto/nrf_cc312_platform/lib/cortex-m33/soft-float/no-interrupts/libnrf_cc312_platform_0.9.19.a(cc_pal_dma.c.obj)
                0x0000000000004ccc                CC_PalDmaInit
 .text.CC_PalDmaTerminate
                0x0000000000004cd0        0x4 C:/ncs/v3.2.3/nrfxlib/crypto/nrf_cc312_platform/lib/cortex-m33/soft-float/no-interrupts/libnrf_cc312_platform_0.9.19.a(cc_pal_dma.c.obj)
                0x0000000000004cd0                CC_PalDmaTerminate
 .text.CC_PalWaitInterruptRND
                0x0000000000004cd4       0x38 C:/ncs/v3.2.3/nrfxlib/crypto/nrf_cc312_platform/lib/cortex-m33/soft-float/no-interrupts/libnrf_cc312_platform_0.9.19.a(cc_pal_interrupt_ctrl.c.obj)
                0x0000000000004cd4                CC_PalWaitInterruptRND
 .text.CC_PalWaitInterrupt
                0x0000000000004d0c       0x28 C:/ncs/v3.2.3/nrfxlib/crypto/nrf_cc312_platform/lib/cortex-m33/soft-float/no-interrupts/libnrf_cc312_platform_0.9.19.a(cc_pal_interrupt_ctrl.c.obj)
                0x0000000000004d0c                CC_PalWaitInterrupt
 .text.CC_PalMemCopyPlat
                0x0000000000004d34        0x4 C:/ncs/v3.2.3/nrfxlib/crypto/nrf_cc312_platform/lib/cortex-m33/soft-float/no-interrupts/libnrf_cc312_platform_0.9.19.a(cc_pal_mem.c.obj)
                0x0000000000004d34                CC_PalMemCopyPlat
 .text.CC_PalMemSetPlat
                0x0000000000004d38        0x4 C:/ncs/v3.2.3/nrfxlib/crypto/nrf_cc312_platform/lib/cortex-m33/soft-float/no-interrupts/libnrf_cc312_platform_0.9.19.a(cc_pal_mem.c.obj)
                0x0000000000004d38                CC_PalMemSetPlat
 .text.CC_PalMemSetZeroPlat
                0x0000000000004d3c        0x8 C:/ncs/v3.2.3/nrfxlib/crypto/nrf_cc312_platform/lib/cortex-m33/soft-float/no-interrupts/libnrf_cc312_platform_0.9.19.a(cc_pal_mem.c.obj)
                0x0000000000004d3c                CC_PalMemSetZeroPlat
 .text.CC_PalMutexCreate
                0x0000000000004d44       0x14 C:/ncs/v3.2.3/nrfxlib/crypto/nrf_cc312_platform/lib/cortex-m33/soft-float/no-interrupts/libnrf_cc312_platform_0.9.19.a(cc_pal_mutex.c.obj)
                0x0000000000004d44                CC_PalMutexCreate
 .text.CC_PalMutexDestroy
                0x0000000000004d58       0x14 C:/ncs/v3.2.3/nrfxlib/crypto/nrf_cc312_platform/lib/cortex-m33/soft-float/no-interrupts/libnrf_cc312_platform_0.9.19.a(cc_pal_mutex.c.obj)
                0x0000000000004d58                CC_PalMutexDestroy
 .text.CC_PalMutexLock
                0x0000000000004d6c       0x10 C:/ncs/v3.2.3/nrfxlib/crypto/nrf_cc312_platform/lib/cortex-m33/soft-float/no-interrupts/libnrf_cc312_platform_0.9.19.a(cc_pal_mutex.c.obj)
                0x0000000000004d6c                CC_PalMutexLock
 .text.CC_PalMutexUnlock
                0x0000000000004d7c       0x14 C:/ncs/v3.2.3/nrfxlib/crypto/nrf_cc312_platform/lib/cortex-m33/soft-float/no-interrupts/libnrf_cc312_platform_0.9.19.a(cc_pal_mutex.c.obj)
                0x0000000000004d7c                CC_PalMutexUnlock
 .text.CC_PalPowerSaveModeInit
                0x0000000000004d90       0x3c C:/ncs/v3.2.3/nrfxlib/crypto/nrf_cc312_platform/lib/cortex-m33/soft-float/no-interrupts/libnrf_cc312_platform_0.9.19.a(cc_pal_pm.c.obj)
                0x0000000000004d90                CC_PalPowerSaveModeInit
 .text.CC_PalPowerSaveModeSelect
                0x0000000000004dcc       0x84 C:/ncs/v3.2.3/nrfxlib/crypto/nrf_cc312_platform/lib/cortex-m33/soft-float/no-interrupts/libnrf_cc312_platform_0.9.19.a(cc_pal_pm.c.obj)
                0x0000000000004dcc                CC_PalPowerSaveModeSelect
 .text.mutex_init
                0x0000000000004e50        0xc C:/ncs/v3.2.3/nrfxlib/crypto/nrf_cc312_platform/lib/cortex-m33/soft-float/no-interrupts/libnrf_cc312_platform_0.9.19.a(threading_alt.c.obj)
                0x0000000000004e50                mutex_init
 .text.mutex_lock
                0x0000000000004e5c        0xc C:/ncs/v3.2.3/nrfxlib/crypto/nrf_cc312_platform/lib/cortex-m33/soft-float/no-interrupts/libnrf_cc312_platform_0.9.19.a(threading_alt.c.obj)
                0x0000000000004e5c                mutex_lock
 .text.mutex_unlock
                0x0000000000004e68        0xc C:/ncs/v3.2.3/nrfxlib/crypto/nrf_cc312_platform/lib/cortex-m33/soft-float/no-interrupts/libnrf_cc312_platform_0.9.19.a(threading_alt.c.obj)
                0x0000000000004e68                mutex_unlock
 .text.startTrngHW
                0x0000000000004e74      0x130 C:/ncs/v3.2.3/nrfxlib/crypto/nrf_cc312_platform/lib/cortex-m33/soft-float/no-interrupts/libnrf_cc312_platform_0.9.19.a(llf_rnd_trng90b.c.obj)
 .text.LLF_RND_RepetitionCounterTest
                0x0000000000004fa4       0x64 C:/ncs/v3.2.3/nrfxlib/crypto/nrf_cc312_platform/lib/cortex-m33/soft-float/no-interrupts/libnrf_cc312_platform_0.9.19.a(llf_rnd_trng90b.c.obj)
                0x0000000000004fa4                LLF_RND_RepetitionCounterTest
 .text.LLF_RND_AdaptiveProportionTest
                0x0000000000005008       0x80 C:/ncs/v3.2.3/nrfxlib/crypto/nrf_cc312_platform/lib/cortex-m33/soft-float/no-interrupts/libnrf_cc312_platform_0.9.19.a(llf_rnd_trng90b.c.obj)
                0x0000000000005008                LLF_RND_AdaptiveProportionTest
 .text.getTrngSource
                0x0000000000005088      0x2a8 C:/ncs/v3.2.3/nrfxlib/crypto/nrf_cc312_platform/lib/cortex-m33/soft-float/no-interrupts/libnrf_cc312_platform_0.9.19.a(llf_rnd_trng90b.c.obj)
 .text.LLF_RND_GetTrngSource
                0x0000000000005330       0x18 C:/ncs/v3.2.3/nrfxlib/crypto/nrf_cc312_platform/lib/cortex-m33/soft-float/no-interrupts/libnrf_cc312_platform_0.9.19.a(llf_rnd_trng90b.c.obj)
                0x0000000000005330                LLF_RND_GetTrngSource
 .text.LLF_RND_RunTrngStartupTest
                0x0000000000005348       0x1c C:/ncs/v3.2.3/nrfxlib/crypto/nrf_cc312_platform/lib/cortex-m33/soft-float/no-interrupts/libnrf_cc312_platform_0.9.19.a(llf_rnd_trng90b.c.obj)
                0x0000000000005348                LLF_RND_RunTrngStartupTest
 .text.mbedtls_hardware_poll
                0x0000000000005364      0x104 C:/ncs/v3.2.3/nrfxlib/crypto/nrf_cc312_platform/lib/cortex-m33/soft-float/no-interrupts/libnrf_cc312_platform_0.9.19.a(trng_api.c.obj)
                0x0000000000005364                mbedtls_hardware_poll
 .text.cc_mbedtls_aes_init
                0x0000000000005468       0x20 C:/ncs/v3.2.3/nrfxlib/crypto/nrf_cc312_platform/lib/cortex-m33/soft-float/no-interrupts/libnrf_cc312_platform_0.9.19.a(aes_alt.c.obj)
                0x0000000000005468                cc_mbedtls_aes_init
 .text.cc_mbedtls_aes_free
                0x0000000000005488        0xc C:/ncs/v3.2.3/nrfxlib/crypto/nrf_cc312_platform/lib/cortex-m33/soft-float/no-interrupts/libnrf_cc312_platform_0.9.19.a(aes_alt.c.obj)
                0x0000000000005488                cc_mbedtls_aes_free
 .text.cc_mbedtls_aes_setkey_enc
                0x0000000000005494       0x44 C:/ncs/v3.2.3/nrfxlib/crypto/nrf_cc312_platform/lib/cortex-m33/soft-float/no-interrupts/libnrf_cc312_platform_0.9.19.a(aes_alt.c.obj)
                0x0000000000005494                cc_mbedtls_aes_setkey_enc
 .text.cc_mbedtls_aes_crypt_ecb
                0x00000000000054d8       0x50 C:/ncs/v3.2.3/nrfxlib/crypto/nrf_cc312_platform/lib/cortex-m33/soft-float/no-interrupts/libnrf_cc312_platform_0.9.19.a(aes_alt.c.obj)
                0x00000000000054d8                cc_mbedtls_aes_crypt_ecb
 .text.cc_mbedtls_sha256_init
                0x0000000000005528       0x28 C:/ncs/v3.2.3/nrfxlib/crypto/nrf_cc312_platform/lib/cortex-m33/soft-float/no-interrupts/libnrf_cc312_platform_0.9.19.a(sha256_alt.c.obj)
                0x0000000000005528                cc_mbedtls_sha256_init
 .text.cc_mbedtls_sha256_free
                0x0000000000005550        0xc C:/ncs/v3.2.3/nrfxlib/crypto/nrf_cc312_platform/lib/cortex-m33/soft-float/no-interrupts/libnrf_cc312_platform_0.9.19.a(sha256_alt.c.obj)
                0x0000000000005550                cc_mbedtls_sha256_free
 .text.cc_mbedtls_sha256_starts
                0x000000000000555c       0x28 C:/ncs/v3.2.3/nrfxlib/crypto/nrf_cc312_platform/lib/cortex-m33/soft-float/no-interrupts/libnrf_cc312_platform_0.9.19.a(sha256_alt.c.obj)
                0x000000000000555c                cc_mbedtls_sha256_starts
 .text.cc_mbedtls_sha256_update
                0x0000000000005584       0x54 C:/ncs/v3.2.3/nrfxlib/crypto/nrf_cc312_platform/lib/cortex-m33/soft-float/no-interrupts/libnrf_cc312_platform_0.9.19.a(sha256_alt.c.obj)
                0x0000000000005584                cc_mbedtls_sha256_update
 .text.cc_mbedtls_sha256_finish
                0x00000000000055d8       0x48 C:/ncs/v3.2.3/nrfxlib/crypto/nrf_cc312_platform/lib/cortex-m33/soft-float/no-interrupts/libnrf_cc312_platform_0.9.19.a(sha256_alt.c.obj)
                0x00000000000055d8                cc_mbedtls_sha256_finish
 .text.mbedtls_sha_starts_internal
                0x0000000000005620       0x28 C:/ncs/v3.2.3/nrfxlib/crypto/nrf_cc312_platform/lib/cortex-m33/soft-float/no-interrupts/libnrf_cc312_platform_0.9.19.a(mbedtls_hash_common.c.obj)
                0x0000000000005620                mbedtls_sha_starts_internal
 .text.mbedtls_sha_finish_internal
                0x0000000000005648       0x5c C:/ncs/v3.2.3/nrfxlib/crypto/nrf_cc312_platform/lib/cortex-m33/soft-float/no-interrupts/libnrf_cc312_platform_0.9.19.a(mbedtls_hash_common.c.obj)
                0x0000000000005648                mbedtls_sha_finish_internal
 .text.mbedtls_sha_update_internal
                0x00000000000056a4      0x1ec C:/ncs/v3.2.3/nrfxlib/crypto/nrf_cc312_platform/lib/cortex-m33/soft-float/no-interrupts/libnrf_cc312_platform_0.9.19.a(mbedtls_hash_common.c.obj)
                0x00000000000056a4                mbedtls_sha_update_internal
 .text.cc_mbedtls_sha256
                0x0000000000005890       0x50 C:/ncs/v3.2.3/nrfxlib/crypto/nrf_cc312_platform/lib/cortex-m33/soft-float/no-interrupts/libnrf_cc312_platform_0.9.19.a(sha256.c.obj)
                0x0000000000005890                cc_mbedtls_sha256
 .text.RNG_PLAT_SetUserRngParameters
                0x00000000000058e0       0x74 C:/ncs/v3.2.3/nrfxlib/crypto/nrf_cc312_platform/lib/cortex-m33/soft-float/no-interrupts/libnrf_cc312_platform_0.9.19.a(cc_rng_plat.c.obj)
                0x00000000000058e0                RNG_PLAT_SetUserRngParameters
 .text.CC_PalTrngParamGet
                0x0000000000005954       0xac C:/ncs/v3.2.3/nrfxlib/crypto/nrf_cc312_platform/lib/cortex-m33/soft-float/no-interrupts/libnrf_cc312_platform_0.9.19.a(cc_pal_trng.c.obj)
                0x0000000000005954                CC_PalTrngParamGet
 .text.LLF_RND_WaitRngInterrupt
                0x0000000000005a00       0x20 C:/ncs/v3.2.3/nrfxlib/crypto/nrf_cc312_platform/lib/cortex-m33/soft-float/no-interrupts/libnrf_cc312_platform_0.9.19.a(llf_rnd.c.obj)
                0x0000000000005a00                LLF_RND_WaitRngInterrupt
 .text.LLF_RND_GetRoscSampleCnt
                0x0000000000005a20       0x34 C:/ncs/v3.2.3/nrfxlib/crypto/nrf_cc312_platform/lib/cortex-m33/soft-float/no-interrupts/libnrf_cc312_platform_0.9.19.a(llf_rnd.c.obj)
                0x0000000000005a20                LLF_RND_GetRoscSampleCnt
 .text.LLF_RND_GetFastestRosc
                0x0000000000005a54       0x20 C:/ncs/v3.2.3/nrfxlib/crypto/nrf_cc312_platform/lib/cortex-m33/soft-float/no-interrupts/libnrf_cc312_platform_0.9.19.a(llf_rnd.c.obj)
                0x0000000000005a54                LLF_RND_GetFastestRosc
 .text.LLF_RND_TurnOffTrng
                0x0000000000005a74       0x24 C:/ncs/v3.2.3/nrfxlib/crypto/nrf_cc312_platform/lib/cortex-m33/soft-float/no-interrupts/libnrf_cc312_platform_0.9.19.a(llf_rnd.c.obj)
                0x0000000000005a74                LLF_RND_TurnOffTrng
 .text.SetDataBuffersInfo
                0x0000000000005a98       0x64 C:/ncs/v3.2.3/nrfxlib/crypto/nrf_cc312_platform/lib/cortex-m33/soft-float/no-interrupts/libnrf_cc312_platform_0.9.19.a(driver_common.c.obj)
                0x0000000000005a98                SetDataBuffersInfo
 .text.InitHashDrv
                0x0000000000005afc       0x50 C:/ncs/v3.2.3/nrfxlib/crypto/nrf_cc312_platform/lib/cortex-m33/soft-float/no-interrupts/libnrf_cc312_platform_0.9.19.a(hash_driver.c.obj)
                0x0000000000005afc                InitHashDrv
 .text.ProcessHashDrv
                0x0000000000005b4c      0x210 C:/ncs/v3.2.3/nrfxlib/crypto/nrf_cc312_platform/lib/cortex-m33/soft-float/no-interrupts/libnrf_cc312_platform_0.9.19.a(hash_driver.c.obj)
                0x0000000000005b4c                ProcessHashDrv
 .text.FinishHashDrv
                0x0000000000005d5c       0x74 C:/ncs/v3.2.3/nrfxlib/crypto/nrf_cc312_platform/lib/cortex-m33/soft-float/no-interrupts/libnrf_cc312_platform_0.9.19.a(hash_driver.c.obj)
                0x0000000000005d5c                FinishHashDrv
 .text.InitAes  0x0000000000005dd0       0xc8 C:/ncs/v3.2.3/nrfxlib/crypto/nrf_cc312_platform/lib/cortex-m33/soft-float/no-interrupts/libnrf_cc312_platform_0.9.19.a(aes_driver.c.obj)
 .text.LoadAesKey
                0x0000000000005e98      0x114 C:/ncs/v3.2.3/nrfxlib/crypto/nrf_cc312_platform/lib/cortex-m33/soft-float/no-interrupts/libnrf_cc312_platform_0.9.19.a(aes_driver.c.obj)
 .text.write_invalid_key
                0x0000000000005fac       0x50 C:/ncs/v3.2.3/nrfxlib/crypto/nrf_cc312_platform/lib/cortex-m33/soft-float/no-interrupts/libnrf_cc312_platform_0.9.19.a(aes_driver.c.obj)
                0x0000000000005fac                write_invalid_key
 .text.ProcessAesDrv
                0x0000000000005ffc      0x338 C:/ncs/v3.2.3/nrfxlib/crypto/nrf_cc312_platform/lib/cortex-m33/soft-float/no-interrupts/libnrf_cc312_platform_0.9.19.a(aes_driver.c.obj)
                0x0000000000005ffc                ProcessAesDrv
 .text.FinishAesDrv
                0x0000000000006334      0x200 C:/ncs/v3.2.3/nrfxlib/crypto/nrf_cc312_platform/lib/cortex-m33/soft-float/no-interrupts/libnrf_cc312_platform_0.9.19.a(aes_driver.c.obj)
                0x0000000000006334                FinishAesDrv
 .text.kmu_validate_slot_and_size
                0x0000000000006534       0x2c C:/ncs/v3.2.3/nrfxlib/crypto/nrf_cc312_platform/lib/cortex-m33/soft-float/no-interrupts/libnrf_cc312_platform_0.9.19.a(kmu_shared.c.obj)
                0x0000000000006534                kmu_validate_slot_and_size
 .text.kmu_validate_slot_and_size_no_kdr
                0x0000000000006560       0x2c C:/ncs/v3.2.3/nrfxlib/crypto/nrf_cc312_platform/lib/cortex-m33/soft-float/no-interrupts/libnrf_cc312_platform_0.9.19.a(kmu_shared.c.obj)
                0x0000000000006560                kmu_validate_slot_and_size_no_kdr
 .text.kmu_load_key_aes
                0x000000000000658c      0x200 C:/ncs/v3.2.3/nrfxlib/crypto/nrf_cc312_platform/lib/cortex-m33/soft-float/no-interrupts/libnrf_cc312_platform_0.9.19.a(kmu_shared.c.obj)
                0x000000000000658c                kmu_load_key_aes
 .text.kmu_derive_cmac
                0x000000000000678c      0x120 C:/ncs/v3.2.3/nrfxlib/crypto/nrf_cc312_platform/lib/cortex-m33/soft-float/no-interrupts/libnrf_cc312_platform_0.9.19.a(kmu_shared.c.obj)
                0x000000000000678c                kmu_derive_cmac
 .text.UtilCmacBuildDataForDerivation
                0x00000000000068ac       0xc0 C:/ncs/v3.2.3/nrfxlib/crypto/nrf_cc312_platform/lib/cortex-m33/soft-float/no-interrupts/libnrf_cc312_platform_0.9.19.a(cc_util_cmac.c.obj)
                0x00000000000068ac                UtilCmacBuildDataForDerivation
 .text.CC_PalDataBufferAttrGet
                0x000000000000696c        0x8 C:/ncs/v3.2.3/nrfxlib/crypto/nrf_cc312_platform/lib/cortex-m33/soft-float/no-interrupts/libnrf_cc312_platform_0.9.19.a(cc_pal_buff_attr.c.obj)
                0x000000000000696c                CC_PalDataBufferAttrGet
 .text.__l_vfprintf
                0x0000000000006974      0x4b4 c:\ncs\toolchains\c717907b94\opt\zephyr-sdk\arm-zephyr-eabi\bin\../lib/gcc/../../picolibc/arm-zephyr-eabi/lib/thumb/v8-m.main/nofp\libc.a(libc_tinystdio_vflprintf.c.o)
                0x0000000000006974                __l_vfprintf
 .text._OffsetAbsSyms
                0x0000000000006e28        0x2 zephyr/CMakeFiles/offsets.dir/./arch/arm/core/offsets/offsets.c.obj
                0x0000000000006e28                _OffsetAbsSyms
 .text.k_msleep.isra.0
                0x0000000000006e2a       0x20 app/libapp.a(main.c.obj)
 .text.chunk_field
                0x0000000000006e4a       0x16 zephyr/libzephyr.a(heap.c.obj)
 .text.chunk_set
                0x0000000000006e60       0x16 zephyr/libzephyr.a(heap.c.obj)
 .text.chunk_size
                0x0000000000006e76        0xc zephyr/libzephyr.a(heap.c.obj)
 .text.set_chunk_used
                0x0000000000006e82       0x30 zephyr/libzephyr.a(heap.c.obj)
 .text.set_chunk_size
                0x0000000000006eb2        0x8 zephyr/libzephyr.a(heap.c.obj)
 .text.bucket_idx
                0x0000000000006eba       0x1e zephyr/libzephyr.a(heap.c.obj)
 .text.free_list_add
                0x0000000000006ed8       0x84 zephyr/libzephyr.a(heap.c.obj)
 .text.sys_heap_init
                0x0000000000006f5c       0xb0 zephyr/libzephyr.a(heap.c.obj)
                0x0000000000006f5c                sys_heap_init
 .text.arch_printk_char_out
                0x000000000000700c        0x4 zephyr/libzephyr.a(printk.c.obj)
                0x000000000000700c                arch_printk_char_out
 .text.printk   0x0000000000007010       0x1a zephyr/libzephyr.a(printk.c.obj)
                0x0000000000007010                printk
 .text.process_recheck
                0x000000000000702a       0x38 zephyr/libzephyr.a(onoff.c.obj)
 .text.validate_args
                0x0000000000007062       0x20 zephyr/libzephyr.a(onoff.c.obj)
 .text.notify_one
                0x0000000000007082       0x2c zephyr/libzephyr.a(onoff.c.obj)
 .text.transition_complete
                0x00000000000070ae       0x1a zephyr/libzephyr.a(onoff.c.obj)
 .text.onoff_manager_init
                0x00000000000070c8       0x26 zephyr/libzephyr.a(onoff.c.obj)
                0x00000000000070c8                onoff_manager_init
 .text.onoff_request
                0x00000000000070ee       0xae zephyr/libzephyr.a(onoff.c.obj)
                0x00000000000070ee                onoff_request
 .text.sys_notify_validate
                0x000000000000719c       0x22 zephyr/libzephyr.a(notify.c.obj)
                0x000000000000719c                sys_notify_validate
 .text.sys_notify_finalize
                0x00000000000071be       0x1a zephyr/libzephyr.a(notify.c.obj)
                0x00000000000071be                sys_notify_finalize
 .text._ConfigAbsSyms
                0x00000000000071d8        0x2 zephyr/libzephyr.a(configs.c.obj)
                0x00000000000071d8                _ConfigAbsSyms
 .text.abort_function
                0x00000000000071da        0x2 zephyr/libzephyr.a(nrf_cc3xx_platform_abort_zephyr.c.obj)
 .text.arch_early_memset
                0x00000000000071dc        0x4 zephyr/arch/common/libarch__common.a(init.c.obj)
                0x00000000000071dc                arch_early_memset
 .text.arch_early_memcpy
                0x00000000000071e0        0x4 zephyr/arch/common/libarch__common.a(init.c.obj)
                0x00000000000071e0                arch_early_memcpy
 .text.z_do_kernel_oops
                0x00000000000071e4        0x8 zephyr/arch/arch/arm/core/libarch__arm__core.a(fatal.c.obj)
                0x00000000000071e4                z_do_kernel_oops
 .text.z_arm_nmi
                0x00000000000071ec        0xe zephyr/arch/arch/arm/core/libarch__arm__core.a(nmi.c.obj)
                0x00000000000071ec                z_arm_nmi
 .text.z_irq_spurious
                0x00000000000071fa        0x8 zephyr/arch/arch/arm/core/cortex_m/libarch__arm__core__cortex_m.a(irq_manage.c.obj)
                0x00000000000071fa                z_irq_spurious
 .text.configure_builtin_stack_guard
                0x0000000000007202        0xa zephyr/arch/arch/arm/core/cortex_m/libarch__arm__core__cortex_m.a(thread.c.obj)
                0x0000000000007202                configure_builtin_stack_guard
 .text.arch_coprocessors_disable
                0x000000000000720c        0x6 zephyr/arch/arch/arm/core/cortex_m/libarch__arm__core__cortex_m.a(thread.c.obj)
                0x000000000000720c                arch_coprocessors_disable
 .text.arch_irq_unlock_outlined
                0x0000000000007212        0xe zephyr/arch/arch/arm/core/cortex_m/libarch__arm__core__cortex_m.a(thread.c.obj)
                0x0000000000007212                arch_irq_unlock_outlined
 .text.arch_cpu_idle
                0x0000000000007220       0x32 zephyr/arch/arch/arm/core/cortex_m/libarch__arm__core__cortex_m.a(cpu_idle.c.obj)
                0x0000000000007220                arch_cpu_idle
 .text.arch_cpu_atomic_idle
                0x0000000000007252       0x38 zephyr/arch/arch/arm/core/cortex_m/libarch__arm__core__cortex_m.a(cpu_idle.c.obj)
                0x0000000000007252                arch_cpu_atomic_idle
 .text.arm_cmse_mpu_region_get
                0x000000000000728a       0x12 zephyr/arch/arch/arm/core/cortex_m/cmse/libarch__arm__core__cortex_m__cmse.a(arm_core_cmse.c.obj)
                0x000000000000728a                arm_cmse_mpu_region_get
 .text.mpu_configure_region
                0x000000000000729c       0x32 zephyr/arch/arch/arm/core/mpu/libarch__arm__core__mpu.a(arm_mpu.c.obj)
 .text.picolibc_put
                0x00000000000072ce        0xa zephyr/lib/libc/picolibc/liblib__libc__picolibc.a(stdio.c.obj)
 .text.onoff_stop
                0x00000000000072d8       0x22 zephyr/soc/soc/nrf5340/libsoc__nordic.a(nrf53_cpunet_mgmt.c.obj)
 .text.get_status
                0x00000000000072fa       0x12 zephyr/drivers/clock_control/libdrivers__clock_control.a(clock_control_nrf.c.obj)
 .text.stop     0x000000000000730c       0x52 zephyr/drivers/clock_control/libdrivers__clock_control.a(clock_control_nrf.c.obj)
 .text.api_stop
                0x000000000000735e        0x6 zephyr/drivers/clock_control/libdrivers__clock_control.a(clock_control_nrf.c.obj)
 .text.async_start
                0x0000000000007364       0x5c zephyr/drivers/clock_control/libdrivers__clock_control.a(clock_control_nrf.c.obj)
 .text.api_start
                0x00000000000073c0        0xe zephyr/drivers/clock_control/libdrivers__clock_control.a(clock_control_nrf.c.obj)
 .text.onoff_started_callback
                0x00000000000073ce       0x12 zephyr/drivers/clock_control/libdrivers__clock_control.a(clock_control_nrf.c.obj)
 .text.hfclkaudio_start
                0x00000000000073e0        0x6 zephyr/drivers/clock_control/libdrivers__clock_control.a(clock_control_nrf.c.obj)
 .text.hfclk192m_start
                0x00000000000073e6        0x6 zephyr/drivers/clock_control/libdrivers__clock_control.a(clock_control_nrf.c.obj)
 .text.hfclkaudio_stop
                0x00000000000073ec        0x6 zephyr/drivers/clock_control/libdrivers__clock_control.a(clock_control_nrf.c.obj)
 .text.hfclk192m_stop
                0x00000000000073f2        0x6 zephyr/drivers/clock_control/libdrivers__clock_control.a(clock_control_nrf.c.obj)
 .text.blocking_start_callback
                0x00000000000073f8        0x6 zephyr/drivers/clock_control/libdrivers__clock_control.a(clock_control_nrf.c.obj)
 .text.lfclk_stop
                0x00000000000073fe        0x4 zephyr/drivers/clock_control/libdrivers__clock_control.a(clock_control_nrf.c.obj)
 .text.lfclk_start
                0x0000000000007402        0x4 zephyr/drivers/clock_control/libdrivers__clock_control.a(clock_control_nrf.c.obj)
 .text.entropy_cc3xx_rng_init
                0x0000000000007406       0x16 zephyr/drivers/entropy/libdrivers__entropy.a(entropy_cc3xx.c.obj)
 .text.entropy_cc3xx_rng_get_entropy
                0x000000000000741c       0x44 zephyr/drivers/entropy/libdrivers__entropy.a(entropy_cc3xx.c.obj)
 .text.gpio_nrfx_port_get_raw
                0x0000000000007460        0xc zephyr/drivers/gpio/libdrivers__gpio.a(gpio_nrfx.c.obj)
 .text.gpio_nrfx_port_set_masked_raw
                0x000000000000746c       0x14 zephyr/drivers/gpio/libdrivers__gpio.a(gpio_nrfx.c.obj)
 .text.gpio_nrfx_port_set_bits_raw
                0x0000000000007480        0xa zephyr/drivers/gpio/libdrivers__gpio.a(gpio_nrfx.c.obj)
 .text.gpio_nrfx_port_clear_bits_raw
                0x000000000000748a        0xa zephyr/drivers/gpio/libdrivers__gpio.a(gpio_nrfx.c.obj)
 .text.gpio_nrfx_port_toggle_bits
                0x0000000000007494       0x14 zephyr/drivers/gpio/libdrivers__gpio.a(gpio_nrfx.c.obj)
 .text.gpio_nrfx_manage_callback
                0x00000000000074a8       0x52 zephyr/drivers/gpio/libdrivers__gpio.a(gpio_nrfx.c.obj)
 .text.gpio_nrfx_gpiote_irq_handler
                0x00000000000074fa        0x4 zephyr/drivers/gpio/libdrivers__gpio.a(gpio_nrfx.c.obj)
                0x00000000000074fa                gpio_nrfx_gpiote_irq_handler
 .text.pinctrl_lookup_state
                0x00000000000074fe       0x26 zephyr/drivers/pinctrl/libdrivers__pinctrl.a(common.c.obj)
                0x00000000000074fe                pinctrl_lookup_state
 .text.uarte_nrfx_err_check
                0x0000000000007524        0xe zephyr/drivers/serial/libdrivers__serial.a(uart_nrfx_uarte.c.obj)
 .text.uarte_nrfx_poll_in
                0x0000000000007532       0x26 zephyr/drivers/serial/libdrivers__serial.a(uart_nrfx_uarte.c.obj)
 .text.is_tx_ready.isra.0
                0x0000000000007558       0x20 zephyr/drivers/serial/libdrivers__serial.a(uart_nrfx_uarte.c.obj)
 .text.uarte_nrfx_isr_int
                0x0000000000007578       0x42 zephyr/drivers/serial/libdrivers__serial.a(uart_nrfx_uarte.c.obj)
 .text.pinctrl_apply_state.isra.0
                0x00000000000075ba       0x1e zephyr/drivers/serial/libdrivers__serial.a(uart_nrfx_uarte.c.obj)
 .text.uarte_instance_deinit
                0x00000000000075d8        0x6 zephyr/drivers/serial/libdrivers__serial.a(uart_nrfx_uarte.c.obj)
 .text.uarte_0_init
                0x00000000000075de       0xf4 zephyr/drivers/serial/libdrivers__serial.a(uart_nrfx_uarte.c.obj)
 .text.event_clear
                0x00000000000076d2       0x18 zephyr/drivers/timer/libdrivers__timer.a(nrf_rtc_timer.c.obj)
 .text.sys_clock_cycle_get_32
                0x00000000000076ea        0x8 zephyr/drivers/timer/libdrivers__timer.a(nrf_rtc_timer.c.obj)
                0x00000000000076ea                sys_clock_cycle_get_32
 .text.hw_cc3xx_init_internal
                0x00000000000076f2        0x4 modules/nrf/drivers/hw_cc3xx/lib..__nrf__drivers__hw_cc3xx.a(hw_cc3xx.c.obj)
 .text.hw_cc3xx_init
                0x00000000000076f6       0x12 modules/nrf/drivers/hw_cc3xx/lib..__nrf__drivers__hw_cc3xx.a(hw_cc3xx.c.obj)
 .text.nrfx_isr
                0x0000000000007708        0x6 modules/hal_nordic/modules/hal_nordic/nrfx/libmodules__hal_nordic__nrfx.a(nrfx_glue.c.obj)
                0x0000000000007708                nrfx_isr
 .text.nrfx_busy_wait
                0x000000000000770e        0x4 modules/hal_nordic/modules/hal_nordic/nrfx/libmodules__hal_nordic__nrfx.a(nrfx_glue.c.obj)
                0x000000000000770e                nrfx_busy_wait
 .text.nrfx_flag32_alloc
                0x0000000000007712       0x34 modules/hal_nordic/modules/hal_nordic/nrfx/libmodules__hal_nordic__nrfx.a(nrfx_flag32_allocator.c.obj)
                0x0000000000007712                nrfx_flag32_alloc
 .text.nrfx_flag32_free
                0x0000000000007746       0x32 modules/hal_nordic/modules/hal_nordic/nrfx/libmodules__hal_nordic__nrfx.a(nrfx_flag32_allocator.c.obj)
                0x0000000000007746                nrfx_flag32_free
 .text.nrfx_gppi_conn_alloc
                0x0000000000007778       0x28 modules/hal_nordic/modules/hal_nordic/nrfx/libmodules__hal_nordic__nrfx.a(nrfx_gppi_dppi.c.obj)
                0x0000000000007778                nrfx_gppi_conn_alloc
 .text.nrfx_clock_start
                0x00000000000077a0       0x1e modules/hal_nordic/modules/hal_nordic/nrfx/libmodules__hal_nordic__nrfx.a(nrfx_clock.c.obj)
                0x00000000000077a0                nrfx_clock_start
 .text.nrfx_clock_stop
                0x00000000000077be       0x1e modules/hal_nordic/modules/hal_nordic/nrfx/libmodules__hal_nordic__nrfx.a(nrfx_clock.c.obj)
                0x00000000000077be                nrfx_clock_stop
 .text.CLOCK_POWER_IRQHandler
                0x00000000000077dc       0x16 modules/hal_nordic/modules/hal_nordic/nrfx/libmodules__hal_nordic__nrfx.a(nrfx_clock.c.obj)
                0x00000000000077dc                CLOCK_POWER_IRQHandler
 .text.clock_stop
                0x00000000000077f2       0x38 modules/hal_nordic/modules/hal_nordic/nrfx/libmodules__hal_nordic__nrfx.a(nrfx_clock_hfclk.c.obj)
 .text.nrfx_clock_hfclk_stop
                0x000000000000782a        0x4 modules/hal_nordic/modules/hal_nordic/nrfx/libmodules__hal_nordic__nrfx.a(nrfx_clock_hfclk.c.obj)
                0x000000000000782a                nrfx_clock_hfclk_stop
 .text.clock_stop
                0x000000000000782e       0x34 modules/hal_nordic/modules/hal_nordic/nrfx/libmodules__hal_nordic__nrfx.a(nrfx_clock_hfclkaudio.c.obj)
 .text.nrfx_clock_hfclkaudio_stop
                0x0000000000007862        0x4 modules/hal_nordic/modules/hal_nordic/nrfx/libmodules__hal_nordic__nrfx.a(nrfx_clock_hfclkaudio.c.obj)
                0x0000000000007862                nrfx_clock_hfclkaudio_stop
 .text.clock_stop
                0x0000000000007866       0x34 modules/hal_nordic/modules/hal_nordic/nrfx/libmodules__hal_nordic__nrfx.a(nrfx_clock_hfclk192m.c.obj)
 .text.nrfx_clock_hfclk192m_stop
                0x000000000000789a        0x4 modules/hal_nordic/modules/hal_nordic/nrfx/libmodules__hal_nordic__nrfx.a(nrfx_clock_hfclk192m.c.obj)
                0x000000000000789a                nrfx_clock_hfclk192m_stop
 .text.clock_stop
                0x000000000000789e       0x32 modules/hal_nordic/modules/hal_nordic/nrfx/libmodules__hal_nordic__nrfx.a(nrfx_clock_lfclk.c.obj)
 .text.nrfx_clock_lfclk_stop
                0x00000000000078d0        0x4 modules/hal_nordic/modules/hal_nordic/nrfx/libmodules__hal_nordic__nrfx.a(nrfx_clock_lfclk.c.obj)
                0x00000000000078d0                nrfx_clock_lfclk_stop
 .text.nrf_gpio_reconfigure
                0x00000000000078d4       0x92 modules/hal_nordic/modules/hal_nordic/nrfx/libmodules__hal_nordic__nrfx.a(nrfx_gpiote.c.obj)
 .text.nrf_gpio_cfg_sense_set
                0x0000000000007966       0x1e modules/hal_nordic/modules/hal_nordic/nrfx/libmodules__hal_nordic__nrfx.a(nrfx_gpiote.c.obj)
 .text.pin_in_use_by_te
                0x0000000000007984       0x16 modules/hal_nordic/modules/hal_nordic/nrfx/libmodules__hal_nordic__nrfx.a(nrfx_gpiote.c.obj)
 .text.pin_is_output
                0x000000000000799a       0x16 modules/hal_nordic/modules/hal_nordic/nrfx/libmodules__hal_nordic__nrfx.a(nrfx_gpiote.c.obj)
 .text.pin_te_get
                0x00000000000079b0       0x14 modules/hal_nordic/modules/hal_nordic/nrfx/libmodules__hal_nordic__nrfx.a(nrfx_gpiote.c.obj)
 .text.call_handler
                0x00000000000079c4       0x3e modules/hal_nordic/modules/hal_nordic/nrfx/libmodules__hal_nordic__nrfx.a(nrfx_gpiote.c.obj)
 .text.release_handler
                0x0000000000007a02       0x54 modules/hal_nordic/modules/hal_nordic/nrfx/libmodules__hal_nordic__nrfx.a(nrfx_gpiote.c.obj)
 .text.__nrfy_internal_gpiote_events_process
                0x0000000000007a56       0x4e modules/hal_nordic/modules/hal_nordic/nrfx/libmodules__hal_nordic__nrfx.a(nrfx_gpiote.c.obj)
 .text.pin_trigger_disable
                0x0000000000007aa4       0x46 modules/hal_nordic/modules/hal_nordic/nrfx/libmodules__hal_nordic__nrfx.a(nrfx_gpiote.c.obj)
 .text.nrfx_gpiote_input_configure
                0x0000000000007aea      0x170 modules/hal_nordic/modules/hal_nordic/nrfx/libmodules__hal_nordic__nrfx.a(nrfx_gpiote.c.obj)
                0x0000000000007aea                nrfx_gpiote_input_configure
 .text.nrfx_gpiote_output_configure
                0x0000000000007c5a       0xf2 modules/hal_nordic/modules/hal_nordic/nrfx/libmodules__hal_nordic__nrfx.a(nrfx_gpiote.c.obj)
                0x0000000000007c5a                nrfx_gpiote_output_configure
 .text.nrfx_gpiote_global_callback_set
                0x0000000000007d4c        0x6 modules/hal_nordic/modules/hal_nordic/nrfx/libmodules__hal_nordic__nrfx.a(nrfx_gpiote.c.obj)
                0x0000000000007d4c                nrfx_gpiote_global_callback_set
 .text.nrfx_gpiote_channel_get
                0x0000000000007d52       0x26 modules/hal_nordic/modules/hal_nordic/nrfx/libmodules__hal_nordic__nrfx.a(nrfx_gpiote.c.obj)
                0x0000000000007d52                nrfx_gpiote_channel_get
 .text.nrfx_gpiote_init_check
                0x0000000000007d78        0xc modules/hal_nordic/modules/hal_nordic/nrfx/libmodules__hal_nordic__nrfx.a(nrfx_gpiote.c.obj)
                0x0000000000007d78                nrfx_gpiote_init_check
 .text.nrfx_gpiote_pin_uninit
                0x0000000000007d84        0x4 modules/hal_nordic/modules/hal_nordic/nrfx/libmodules__hal_nordic__nrfx.a(nrfx_gpiote.c.obj)
                0x0000000000007d84                nrfx_gpiote_pin_uninit
 .text.nrfx_gpiote_trigger_enable
                0x0000000000007d88       0xa4 modules/hal_nordic/modules/hal_nordic/nrfx/libmodules__hal_nordic__nrfx.a(nrfx_gpiote.c.obj)
                0x0000000000007d88                nrfx_gpiote_trigger_enable
 .text.nrfx_gpiote_trigger_disable
                0x0000000000007e2c        0x4 modules/hal_nordic/modules/hal_nordic/nrfx/libmodules__hal_nordic__nrfx.a(nrfx_gpiote.c.obj)
                0x0000000000007e2c                nrfx_gpiote_trigger_disable
 .text.z_impl_k_busy_wait
                0x0000000000007e30        0x8 zephyr/kernel/libkernel.a(busy_wait.c.obj)
                0x0000000000007e30                z_impl_k_busy_wait
 .text.do_device_init
                0x0000000000007e38       0x30 zephyr/kernel/libkernel.a(device.c.obj)
                0x0000000000007e38                do_device_init
 .text.z_impl_device_is_ready
                0x0000000000007e68       0x16 zephyr/kernel/libkernel.a(device.c.obj)
                0x0000000000007e68                z_impl_device_is_ready
 .text.arch_system_halt
                0x0000000000007e7e       0x10 zephyr/kernel/libkernel.a(fatal.c.obj)
                0x0000000000007e7e                arch_system_halt
 .text.k_sys_fatal_error_handler
                0x0000000000007e8e        0x6 zephyr/kernel/libkernel.a(fatal.c.obj)
                0x0000000000007e8e                k_sys_fatal_error_handler
 .text.create_free_list
                0x0000000000007e94       0x34 zephyr/kernel/libkernel.a(mem_slab.c.obj)
 .text.k_mem_slab_init
                0x0000000000007ec8       0x1c zephyr/kernel/libkernel.a(mem_slab.c.obj)
                0x0000000000007ec8                k_mem_slab_init
 .text.k_mem_slab_free
                0x0000000000007ee4       0x70 zephyr/kernel/libkernel.a(mem_slab.c.obj)
                0x0000000000007ee4                k_mem_slab_free
 .text.idle     0x0000000000007f54       0x16 zephyr/kernel/libkernel.a(idle.c.obj)
                0x0000000000007f54                idle
 .text.adjust_owner_prio.isra.0
                0x0000000000007f6a       0x10 zephyr/kernel/libkernel.a(mutex.c.obj)
 .text.z_impl_k_mutex_init
                0x0000000000007f7a        0xe zephyr/kernel/libkernel.a(mutex.c.obj)
                0x0000000000007f7a                z_impl_k_mutex_init
 .text.k_is_in_isr
                0x0000000000007f88        0xc zephyr/kernel/libkernel.a(thread.c.obj)
                0x0000000000007f88                k_is_in_isr
 .text.sys_dlist_remove
                0x0000000000007f94       0x10 zephyr/kernel/libkernel.a(sched.c.obj)
 .text.unpend_thread_no_timeout
                0x0000000000007fa4       0x14 zephyr/kernel/libkernel.a(sched.c.obj)
 .text.add_to_waitq_locked
                0x0000000000007fb8       0x50 zephyr/kernel/libkernel.a(sched.c.obj)
 .text.z_ready_thread
                0x0000000000008008       0x1e zephyr/kernel/libkernel.a(sched.c.obj)
                0x0000000000008008                z_ready_thread
 .text.z_sched_wake_thread
                0x0000000000008026       0x3a zephyr/kernel/libkernel.a(sched.c.obj)
                0x0000000000008026                z_sched_wake_thread
 .text.z_thread_timeout
                0x0000000000008060        0x8 zephyr/kernel/libkernel.a(sched.c.obj)
                0x0000000000008060                z_thread_timeout
 .text.z_impl_k_sleep
                0x0000000000008068       0x4e zephyr/kernel/libkernel.a(sched.c.obj)
                0x0000000000008068                z_impl_k_sleep
 .text.next_timeout
                0x00000000000080b6       0x2e zephyr/kernel/libkernel.a(timeout.c.obj)
 .text.z_abort_timeout
                0x00000000000080e4       0x50 zephyr/kernel/libkernel.a(timeout.c.obj)
                0x00000000000080e4                z_abort_timeout
 .text.sys_clock_tick_get_32
                0x0000000000008134        0x8 zephyr/kernel/libkernel.a(timeout.c.obj)
                0x0000000000008134                sys_clock_tick_get_32
 .text.main     0x000000000000813c        0x6 zephyr/kernel/libkernel.a(main_weak.c.obj)
                0x000000000000813c                main
 .text.memcpy   0x0000000000008142       0x1a c:\ncs\toolchains\c717907b94\opt\zephyr-sdk\arm-zephyr-eabi\bin\../lib/gcc/../../picolibc/arm-zephyr-eabi/lib/thumb/v8-m.main/nofp\libc.a(memcpy.c.o)
                0x0000000000008142                __aeabi_memcpy
                0x0000000000008142                __aeabi_memcpy4
                0x0000000000008142                __aeabi_memcpy8
                0x0000000000008142                memcpy
 .text.memmove  0x000000000000815c       0x34 c:\ncs\toolchains\c717907b94\opt\zephyr-sdk\arm-zephyr-eabi\bin\../lib/gcc/../../picolibc/arm-zephyr-eabi/lib/thumb/v8-m.main/nofp\libc.a(memmove.c.o)
                0x000000000000815c                __aeabi_memmove8
                0x000000000000815c                __aeabi_memmove
                0x000000000000815c                __aeabi_memmove4
                0x000000000000815c                memmove
 .text.memset   0x0000000000008190       0x10 c:\ncs\toolchains\c717907b94\opt\zephyr-sdk\arm-zephyr-eabi\bin\../lib/gcc/../../picolibc/arm-zephyr-eabi/lib/thumb/v8-m.main/nofp\libc.a(memset.c.o)
                0x0000000000008190                memset
 .text.strncpy  0x00000000000081a0       0x20 c:\ncs\toolchains\c717907b94\opt\zephyr-sdk\arm-zephyr-eabi\bin\../lib/gcc/../../picolibc/arm-zephyr-eabi/lib/thumb/v8-m.main/nofp\libc.a(libc_string_strncpy.c.o)
                0x00000000000081a0                strncpy
 .text.strnlen  0x00000000000081c0       0x18 c:\ncs\toolchains\c717907b94\opt\zephyr-sdk\arm-zephyr-eabi\bin\../lib/gcc/../../picolibc/arm-zephyr-eabi/lib/thumb/v8-m.main/nofp\libc.a(libc_string_strnlen.c.o)
                0x00000000000081c0                strnlen
 .text.__ultoa_invert
                0x00000000000081d8       0xac c:\ncs\toolchains\c717907b94\opt\zephyr-sdk\arm-zephyr-eabi\bin\../lib/gcc/../../picolibc/arm-zephyr-eabi/lib/thumb/v8-m.main/nofp\libc.a(libc_tinystdio_vflprintf.c.o)
 *(SORT_BY_ALIGNMENT(.TEXT.*))
 .TEXT.__aeabi_read_tp
                0x0000000000008284        0xc zephyr/arch/arch/arm/core/cortex_m/libarch__arm__core__cortex_m.a(__aeabi_read_tp.S.obj)
                0x0000000000008284                __aeabi_read_tp
 *(SORT_BY_ALIGNMENT(.gnu.linkonce.t.*))
 *(SORT_BY_ALIGNMENT(.glue_7t))
 .glue_7t       0x0000000000008290        0x0 linker stubs
 *(SORT_BY_ALIGNMENT(.glue_7))
 .glue_7        0x0000000000008290        0x0 linker stubs
 *(SORT_BY_ALIGNMENT(.vfp11_veneer))
 .vfp11_veneer  0x0000000000008290        0x0 linker stubs
 *(SORT_BY_ALIGNMENT(.v4_bx))
 .v4_bx         0x0000000000008290        0x0 linker stubs
                0x0000000000008290                . = ALIGN (0x4)
                0x0000000000008290                __text_region_end = .

.ARM.exidx      0x0000000000008290        0x8
                0x0000000000008290                __exidx_start = .
 *(SORT_BY_ALIGNMENT(.ARM.exidx*) SORT_BY_ALIGNMENT(gnu.linkonce.armexidx.*))
 .ARM.exidx     0x0000000000008290        0x8 c:/ncs/toolchains/c717907b94/opt/zephyr-sdk/arm-zephyr-eabi/bin/../lib/gcc/arm-zephyr-eabi/12.2.0/thumb/v8-m.main/nofp\libgcc.a(_udivmoddi4.o)
                0x0000000000008298                __exidx_end = .
                0x0000000000008298                __rodata_region_start = .

initlevel       0x0000000000008298       0x60
                0x0000000000008298                __init_start = .
                0x0000000000008298                __init_EARLY_start = .
 *(SORT_BY_NAME(SORT_BY_ALIGNMENT(.z_init_EARLY_P_?_*)))
 *(SORT_BY_NAME(SORT_BY_ALIGNMENT(.z_init_EARLY_P_??_*)))
 *(SORT_BY_NAME(SORT_BY_ALIGNMENT(.z_init_EARLY_P_???_*)))
                0x0000000000008298                __init_PRE_KERNEL_1_start = .
 *(SORT_BY_NAME(SORT_BY_ALIGNMENT(.z_init_PRE_KERNEL_1_P_?_*)))
 .z_init_PRE_KERNEL_1_P_0_SUB_0_
                0x0000000000008298        0x8 zephyr/soc/soc/nrf5340/libsoc__nordic.a(gppi_init.c.obj)
 *(SORT_BY_NAME(SORT_BY_ALIGNMENT(.z_init_PRE_KERNEL_1_P_??_*)))
 .z_init_PRE_KERNEL_1_P_30_SUB_00079_
                0x00000000000082a0        0x8 zephyr/drivers/clock_control/libdrivers__clock_control.a(clock_control_nrf.c.obj)
 .z_init_PRE_KERNEL_1_P_30_SUB_0_
                0x00000000000082a8        0x8 zephyr/kernel/libkernel.a(mem_slab.c.obj)
 .z_init_PRE_KERNEL_1_P_40_SUB_00012_
                0x00000000000082b0        0x8 zephyr/drivers/gpio/libdrivers__gpio.a(gpio_nrfx.c.obj)
 .z_init_PRE_KERNEL_1_P_40_SUB_00033_
                0x00000000000082b8        0x8 zephyr/drivers/gpio/libdrivers__gpio.a(gpio_nrfx.c.obj)
 .z_init_PRE_KERNEL_1_P_40_SUB_0_
                0x00000000000082c0        0x8 modules/nrf/drivers/hw_cc3xx/lib..__nrf__drivers__hw_cc3xx.a(hw_cc3xx.c.obj)
 .z_init_PRE_KERNEL_1_P_50_SUB_00071_
                0x00000000000082c8        0x8 zephyr/drivers/entropy/libdrivers__entropy.a(entropy_cc3xx.c.obj)
 .z_init_PRE_KERNEL_1_P_50_SUB_00116_
                0x00000000000082d0        0x8 zephyr/drivers/serial/libdrivers__serial.a(uart_nrfx_uarte.c.obj)
 .z_init_PRE_KERNEL_1_P_60_SUB_0_
                0x00000000000082d8        0x8 zephyr/drivers/console/libdrivers__console.a(uart_console.c.obj)
 *(SORT_BY_NAME(SORT_BY_ALIGNMENT(.z_init_PRE_KERNEL_1_P_???_*)))
                0x00000000000082e0                __init_PRE_KERNEL_2_start = .
 *(SORT_BY_NAME(SORT_BY_ALIGNMENT(.z_init_PRE_KERNEL_2_P_?_*)))
 .z_init_PRE_KERNEL_2_P_0_SUB_0_
                0x00000000000082e0        0x8 zephyr/drivers/timer/libdrivers__timer.a(nrf_rtc_timer.c.obj)
 *(SORT_BY_NAME(SORT_BY_ALIGNMENT(.z_init_PRE_KERNEL_2_P_??_*)))
 *(SORT_BY_NAME(SORT_BY_ALIGNMENT(.z_init_PRE_KERNEL_2_P_???_*)))
                0x00000000000082e8                __init_POST_KERNEL_start = .
 *(SORT_BY_NAME(SORT_BY_ALIGNMENT(.z_init_POST_KERNEL_P_?_*)))
 *(SORT_BY_NAME(SORT_BY_ALIGNMENT(.z_init_POST_KERNEL_P_??_*)))
 .z_init_POST_KERNEL_P_35_SUB_0_
                0x00000000000082e8        0x8 zephyr/lib/libc/common/liblib__libc__common.a(malloc.c.obj)
 .z_init_POST_KERNEL_P_40_SUB_0_
                0x00000000000082f0        0x8 modules/nrf/drivers/hw_cc3xx/lib..__nrf__drivers__hw_cc3xx.a(hw_cc3xx.c.obj)
 *(SORT_BY_NAME(SORT_BY_ALIGNMENT(.z_init_POST_KERNEL_P_???_*)))
                0x00000000000082f8                __init_APPLICATION_start = .
 *(SORT_BY_NAME(SORT_BY_ALIGNMENT(.z_init_APPLICATION_P_?_*)))
 *(SORT_BY_NAME(SORT_BY_ALIGNMENT(.z_init_APPLICATION_P_??_*)))
 *(SORT_BY_NAME(SORT_BY_ALIGNMENT(.z_init_APPLICATION_P_???_*)))
                0x00000000000082f8                __init_SMP_start = .
 *(SORT_BY_NAME(SORT_BY_ALIGNMENT(.z_init_SMP_P_?_*)))
 *(SORT_BY_NAME(SORT_BY_ALIGNMENT(.z_init_SMP_P_??_*)))
 *(SORT_BY_NAME(SORT_BY_ALIGNMENT(.z_init_SMP_P_???_*)))
                0x00000000000082f8                __init_end = .

device_area     0x00000000000082f8       0xa0
                0x00000000000082f8                _device_list_start = .
 *(SORT_BY_NAME(SORT_BY_ALIGNMENT(._device.static.*_?_*)))
 *(SORT_BY_NAME(SORT_BY_ALIGNMENT(._device.static.*_??_*)))
 ._device.static.1_30_
                0x00000000000082f8       0x20 zephyr/drivers/clock_control/libdrivers__clock_control.a(clock_control_nrf.c.obj)
                0x00000000000082f8                __device_dts_ord_79
 ._device.static.1_40_
                0x0000000000008318       0x40 zephyr/drivers/gpio/libdrivers__gpio.a(gpio_nrfx.c.obj)
                0x0000000000008318                __device_dts_ord_33
                0x0000000000008338                __device_dts_ord_12
 ._device.static.1_50_
                0x0000000000008358       0x20 zephyr/drivers/entropy/libdrivers__entropy.a(entropy_cc3xx.c.obj)
                0x0000000000008358                __device_dts_ord_71
 ._device.static.1_50_
                0x0000000000008378       0x20 zephyr/drivers/serial/libdrivers__serial.a(uart_nrfx_uarte.c.obj)
                0x0000000000008378                __device_dts_ord_116
 *(SORT_BY_NAME(SORT_BY_ALIGNMENT(._device.static.*_???_*)))
 *(SORT_BY_NAME(SORT_BY_ALIGNMENT(._device.static.*_????_*)))
 *(SORT_BY_NAME(SORT_BY_ALIGNMENT(._device.static.*_?????_*)))
                0x0000000000008398                _device_list_end = .

sw_isr_table    0x0000000000008398      0x228
                0x0000000000008398                . = ALIGN (0x4)
 *(SORT_BY_ALIGNMENT(.gnu.linkonce.sw_isr_table*))
 .gnu.linkonce.sw_isr_table
                0x0000000000008398      0x228 zephyr/CMakeFiles/zephyr_final.dir/isr_tables.c.obj
                0x0000000000008398                _sw_isr_table

initlevel_error
                0x0000000000008298        0x0
 *(SORT_BY_NAME(SORT_BY_ALIGNMENT(.z_init_*)))
                0x0000000000000001                ASSERT ((SIZEOF (initlevel_error) == 0x0), Undefined initialization levels used.)

app_shmem_regions
                0x00000000000085c0        0x0
                0x00000000000085c0                __app_shmem_regions_start = .
 *(SORT_BY_NAME(SORT_BY_ALIGNMENT(.app_regions.*)))
                0x00000000000085c0                __app_shmem_regions_end = .

k_p4wq_initparam_area
                0x00000000000085c0        0x0
                0x00000000000085c0                _k_p4wq_initparam_list_start = .
 *(SORT_BY_NAME(SORT_BY_ALIGNMENT(._k_p4wq_initparam.static.*)))
                0x00000000000085c0                _k_p4wq_initparam_list_end = .

_static_thread_data_area
                0x00000000000085c0       0x60
                0x00000000000085c0                __static_thread_data_list_start = .
 *(SORT_BY_NAME(SORT_BY_ALIGNMENT(.__static_thread_data.static.*)))
 .__static_thread_data.static._k_thread_data_thread0_id_
                0x00000000000085c0       0x30 app/libapp.a(main.c.obj)
                0x00000000000085c0                _k_thread_data_thread0_id
 .__static_thread_data.static._k_thread_data_thread1_id_
                0x00000000000085f0       0x30 app/libapp.a(main.c.obj)
                0x00000000000085f0                _k_thread_data_thread1_id
                0x0000000000008620                __static_thread_data_list_end = .

device_deps     0x0000000000008620        0x0
                0x0000000000008620                __device_deps_start = .
 *(SORT_BY_NAME(SORT_BY_ALIGNMENT(.__device_deps_pass2*)))
                0x0000000000008620                __device_deps_end = .

entropy_driver_api_area
                0x0000000000008620        0x0
                0x0000000000008620                _entropy_driver_api_list_start = .
 *(SORT_BY_NAME(SORT_BY_ALIGNMENT(._entropy_driver_api.static.*)))
                0x0000000000008620                _entropy_driver_api_list_end = .

gpio_driver_api_area
                0x0000000000008620       0x24
                0x0000000000008620                _gpio_driver_api_list_start = .
 *(SORT_BY_NAME(SORT_BY_ALIGNMENT(._gpio_driver_api.static.*)))
 ._gpio_driver_api.static.gpio_nrfx_drv_api_funcs_
                0x0000000000008620       0x24 zephyr/drivers/gpio/libdrivers__gpio.a(gpio_nrfx.c.obj)
                0x0000000000008644                _gpio_driver_api_list_end = .

shared_irq_driver_api_area
                0x0000000000008644        0x0
                0x0000000000008644                _shared_irq_driver_api_list_start = .
 *(SORT_BY_NAME(SORT_BY_ALIGNMENT(._shared_irq_driver_api.static.*)))
                0x0000000000008644                _shared_irq_driver_api_list_end = .

crypto_driver_api_area
                0x0000000000008644        0x0
                0x0000000000008644                _crypto_driver_api_list_start = .
 *(SORT_BY_NAME(SORT_BY_ALIGNMENT(._crypto_driver_api.static.*)))
                0x0000000000008644                _crypto_driver_api_list_end = .

adc_driver_api_area
                0x0000000000008644        0x0
                0x0000000000008644                _adc_driver_api_list_start = .
 *(SORT_BY_NAME(SORT_BY_ALIGNMENT(._adc_driver_api.static.*)))
                0x0000000000008644                _adc_driver_api_list_end = .

auxdisplay_driver_api_area
                0x0000000000008644        0x0
                0x0000000000008644                _auxdisplay_driver_api_list_start = .
 *(SORT_BY_NAME(SORT_BY_ALIGNMENT(._auxdisplay_driver_api.static.*)))
                0x0000000000008644                _auxdisplay_driver_api_list_end = .

bbram_driver_api_area
                0x0000000000008644        0x0
                0x0000000000008644                _bbram_driver_api_list_start = .
 *(SORT_BY_NAME(SORT_BY_ALIGNMENT(._bbram_driver_api.static.*)))
                0x0000000000008644                _bbram_driver_api_list_end = .

bt_hci_driver_api_area
                0x0000000000008644        0x0
                0x0000000000008644                _bt_hci_driver_api_list_start = .
 *(SORT_BY_NAME(SORT_BY_ALIGNMENT(._bt_hci_driver_api.static.*)))
                0x0000000000008644                _bt_hci_driver_api_list_end = .

can_driver_api_area
                0x0000000000008644        0x0
                0x0000000000008644                _can_driver_api_list_start = .
 *(SORT_BY_NAME(SORT_BY_ALIGNMENT(._can_driver_api.static.*)))
                0x0000000000008644                _can_driver_api_list_end = .
